05-31 19:06:54.096   989   989 D SystemServerTiming: StartRoleManagerService took to complete: 20ms
05-31 19:06:54.096   989   989 I SystemServerTiming: StartVibratorManagerService
05-31 19:06:54.096   989   989 I SystemServiceManager: Starting com.android.server.vibrator.VibratorManagerService$Lifecycle
05-31 19:06:54.111   989   989 D SystemServerTiming: StartVibratorManagerService took to complete: 15ms
05-31 19:06:54.111   989   989 I SystemServerTiming: StartDynamicSystemService
05-31 19:06:54.113   989   989 D SystemServerTiming: StartDynamicSystemService took to complete: 2ms
05-31 19:06:54.114   989   989 I SystemServerTiming: StartConsumerIrService
05-31 19:06:54.125     0     0 I         : c110 796028772 ov4688_read_fuseid32: OTP Module vendor = 0x2
05-31 19:06:54.125     0     0 I         : c115 1919361139 ov4688_read_fuseid32: OTP LENS = 0x3
05-31 19:06:54.125     0     0 I         : c102 2037148789 ov4688_read_fuseid32: OTP Sensor Version = 0x1
05-31 19:06:54.125     0     0 I         : c105 980707694 ov4688_read_fuseid32: OTP Driver IC Vendor & Version = 0x0
05-31 19:06:54.125     0     0 I         : c110 1932424043 ov4688_read_fuseid32: OTP Actuator vender ID & Version = 0x0
05-31 19:06:54.125     0     0 I         : c115 1869768563 ov4688_read_fuseid32: OTP fuse 0 = 0x0
05-31 19:06:54.125     0     0 I         : c32 1679848047 ov4688_read_fuseid32: OTP fuse 1 = 0x8
05-31 19:06:54.125     0     0 I         : c40 874523696 ov4688_read_fuseid32: OTP fuse 2 = 0xcf
05-31 19:06:54.125     0     0 I         : c47 1764718440 ov4688_read_fuseid32: OTP fuse 3 = 0x57
05-31 19:06:54.126   989   989 D SystemServerTiming: StartConsumerIrService took to complete: 12ms
05-31 19:06:54.126   989   989 I SystemServerTiming: StartAlarmManagerService
05-31 19:06:54.126   989   989 I SystemServiceManager: Starting com.android.server.alarm.AlarmManagerService
05-31 19:06:54.134   557   557 D ZygoteInitTiming_lazy: BeginPreload took to complete: 251ms
05-31 19:06:54.140   989   989 D SystemServerTiming: StartAlarmManagerService took to complete: 13ms
05-31 19:06:54.140   989   989 I SystemServerTiming: StartInputManagerService
05-31 19:06:54.141   989   989 I InputManager: Initializing input manager, mUseDevInputEventForAudioJack=false
05-31 19:06:54.150   989   989 D SystemServerTiming: StartInputManagerService took to complete: 9ms
05-31 19:06:54.150   989   989 I SystemServerTiming: DeviceStateManagerService
05-31 19:06:54.150   989   989 I SystemServiceManager: Starting com.android.server.devicestate.DeviceStateManagerService
05-31 19:06:54.161     0     0 I         : c32 690643821 camera_v4l2_open: X, opened 1
05-31 19:06:54.160   989   989 D SystemServerTiming: DeviceStateManagerService took to complete: 10ms
05-31 19:06:54.160   989   989 I SystemServerTiming: StartCameraServiceProxy
05-31 19:06:54.160   989   989 I SystemServiceManager: Starting com.android.server.camera.CameraServiceProxy
05-31 19:06:54.166   989   989 D SystemServerTiming: StartCameraServiceProxy took to complete: 6ms
05-31 19:06:54.167   989   989 I SystemServerTiming: StartWindowManagerService
05-31 19:06:54.167   989   989 I SystemServiceManager: Starting phase 200
05-31 19:06:54.167   989   989 I SystemServerTiming: OnBootPhase_200
05-31 19:06:54.167   989   989 I SystemServerTiming: OnBootPhase_200_com.android.server.security.FileIntegrityService
05-31 19:06:54.167   989   989 D SystemServerTiming: OnBootPhase_200_com.android.server.security.FileIntegrityService took to complete: 0ms
05-31 19:06:54.167   989   989 I SystemServerTiming: OnBootPhase_200_com.android.server.pm.Installer
05-31 19:06:54.167   989   989 D SystemServerTiming: OnBootPhase_200_com.android.server.pm.Installer took to complete: 0ms
05-31 19:06:54.167   989   989 I SystemServerTiming: OnBootPhase_200_com.android.server.os.DeviceIdentifiersPolicyService
05-31 19:06:54.168   989   989 D SystemServerTiming: OnBootPhase_200_com.android.server.os.DeviceIdentifiersPolicyService took to complete: 0ms
05-31 19:06:54.168   989   989 I SystemServerTiming: OnBootPhase_200_com.android.server.uri.UriGrantsManagerService$Lifecycle
05-31 19:06:54.168   989   989 D SystemServerTiming: OnBootPhase_200_com.android.server.uri.UriGrantsManagerService$Lifecycle took to complete: 0ms
05-31 19:06:54.168   989   989 I SystemServerTiming: OnBootPhase_200_com.android.server.powerstats.PowerStatsService
05-31 19:06:54.168   989   989 D SystemServerTiming: OnBootPhase_200_com.android.server.powerstats.PowerStatsService took to complete: 0ms
05-31 19:06:54.168   989   989 I SystemServerTiming: OnBootPhase_200_com.android.server.wm.ActivityTaskManagerService$Lifecycle
05-31 19:06:54.168   989   989 D SystemServerTiming: OnBootPhase_200_com.android.server.wm.ActivityTaskManagerService$Lifecycle took to complete: 0ms
05-31 19:06:54.168   989   989 I SystemServerTiming: OnBootPhase_200_com.android.server.am.ActivityManagerService$Lifecycle
05-31 19:06:54.168   989   989 D SystemServerTiming: OnBootPhase_200_com.android.server.am.ActivityManagerService$Lifecycle took to complete: 0ms
05-31 19:06:54.169   989   989 I SystemServerTiming: OnBootPhase_200_com.android.server.pm.DataLoaderManagerService
05-31 19:06:54.169   989   989 D SystemServerTiming: OnBootPhase_200_com.android.server.pm.DataLoaderManagerService took to complete: 0ms
05-31 19:06:54.169   989   989 I SystemServerTiming: OnBootPhase_200_com.android.server.power.PowerManagerService
05-31 19:06:54.169   989   989 D SystemServerTiming: OnBootPhase_200_com.android.server.power.PowerManagerService took to complete: 0ms
05-31 19:06:54.169   989   989 I SystemServerTiming: OnBootPhase_200_com.android.server.power.ThermalManagerService
05-31 19:06:54.169   989   989 D SystemServerTiming: OnBootPhase_200_com.android.server.power.ThermalManagerService took to complete: 0ms
05-31 19:06:54.169   989   989 I SystemServerTiming: OnBootPhase_200_com.android.server.power.hint.HintManagerService
05-31 19:06:54.169   989   989 D SystemServerTiming: OnBootPhase_200_com.android.server.power.hint.HintManagerService took to complete: 0ms
05-31 19:06:54.170   989   989 I SystemServerTiming: OnBootPhase_200_com.android.server.recoverysystem.RecoverySystemService$Lifecycle
05-31 19:06:54.170   989   989 D SystemServerTiming: OnBootPhase_200_com.android.server.recoverysystem.RecoverySystemService$Lifecycle took to complete: 0ms
05-31 19:06:54.170   989   989 I SystemServerTiming: OnBootPhase_200_com.android.server.lights.LightsService
05-31 19:06:54.170   989   989 D SystemServerTiming: OnBootPhase_200_com.android.server.lights.LightsService took to complete: 0ms
05-31 19:06:54.170   989   989 I SystemServerTiming: OnBootPhase_200_com.android.server.display.DisplayManagerService
05-31 19:06:54.170   989   989 D SystemServerTiming: OnBootPhase_200_com.android.server.display.DisplayManagerService took to complete: 0ms
05-31 19:06:54.170   989   989 I SystemServerTiming: OnBootPhase_200_com.android.server.pm.verify.domain.DomainVerificationService
05-31 19:06:54.170   989   989 D SystemServerTiming: OnBootPhase_200_com.android.server.pm.verify.domain.DomainVerificationService took to complete: 0ms
05-31 19:06:54.172   989   989 I SystemServerTiming: OnBootPhase_200_com.android.server.pm.PackageInstallerService$Lifecycle
05-31 19:06:54.172   989   989 D SystemServerTiming: OnBootPhase_200_com.android.server.pm.PackageInstallerService$Lifecycle took to complete: 0ms
05-31 19:06:54.173   989   989 I SystemServerTiming: OnBootPhase_200_com.android.server.pm.UserManagerService$LifeCycle
05-31 19:06:54.173   989   989 D SystemServerTiming: OnBootPhase_200_com.android.server.pm.UserManagerService$LifeCycle took to complete: 0ms
05-31 19:06:54.173   989   989 I SystemServerTiming: OnBootPhase_200_com.android.server.om.OverlayManagerService
05-31 19:06:54.173   989   989 D SystemServerTiming: OnBootPhase_200_com.android.server.om.OverlayManagerService took to complete: 0ms
05-31 19:06:54.173   989   989 I SystemServerTiming: OnBootPhase_200_com.android.server.SensorPrivacyService
05-31 19:06:54.173   989   989 D SystemServerTiming: OnBootPhase_200_com.android.server.SensorPrivacyService took to complete: 0ms
05-31 19:06:54.173   989   989 I SystemServerTiming: OnBootPhase_200_com.android.server.sensors.SensorService
05-31 19:06:54.173   989   989 D SystemServerTiming: OnBootPhase_200_com.android.server.sensors.SensorService took to complete: 0ms
05-31 19:06:54.173   989   989 I SystemServerTiming: OnBootPhase_200_com.android.server.SystemConfigService
05-31 19:06:54.173   989   989 D SystemServerTiming: OnBootPhase_200_com.android.server.SystemConfigService took to complete: 0ms
05-31 19:06:54.174   989   989 I SystemServerTiming: OnBootPhase_200_com.android.server.BatteryService
05-31 19:06:54.174   989   989 D SystemServerTiming: OnBootPhase_200_com.android.server.BatteryService took to complete: 0ms
05-31 19:06:54.174   989   989 I SystemServerTiming: OnBootPhase_200_com.android.server.usage.UsageStatsService
05-31 19:06:54.174   989   989 D SystemServerTiming: OnBootPhase_200_com.android.server.usage.UsageStatsService took to complete: 0ms
05-31 19:06:54.174   989   989 I SystemServerTiming: OnBootPhase_200_com.android.server.webkit.WebViewUpdateService
05-31 19:06:54.174   989   989 D SystemServerTiming: OnBootPhase_200_com.android.server.webkit.WebViewUpdateService took to complete: 0ms
05-31 19:06:54.174   989   989 I SystemServerTiming: OnBootPhase_200_com.android.server.CachedDeviceStateService
05-31 19:06:54.174   989   989 D SystemServerTiming: OnBootPhase_200_com.android.server.CachedDeviceStateService took to complete: 0ms
05-31 19:06:54.174   989   989 I SystemServerTiming: OnBootPhase_200_com.android.server.BinderCallsStatsService$LifeCycle
05-31 19:06:54.174   989   989 D SystemServerTiming: OnBootPhase_200_com.android.server.BinderCallsStatsService$LifeCycle took to complete: 0ms
05-31 19:06:54.175   989   989 I SystemServerTiming: OnBootPhase_200_com.android.server.LooperStatsService$Lifecycle
05-31 19:06:54.175   989   989 D SystemServerTiming: OnBootPhase_200_com.android.server.LooperStatsService$Lifecycle took to complete: 0ms
05-31 19:06:54.175   989   989 I SystemServerTiming: OnBootPhase_200_com.android.server.rollback.RollbackManagerService
05-31 19:06:54.175   989   989 D SystemServerTiming: OnBootPhase_200_com.android.server.rollback.RollbackManagerService took to complete: 0ms
05-31 19:06:54.175   989   989 I SystemServerTiming: OnBootPhase_200_com.android.server.os.NativeTombstoneManagerService
05-31 19:06:54.175   989   989 D SystemServerTiming: OnBootPhase_200_com.android.server.os.NativeTombstoneManagerService took to complete: 0ms
05-31 19:06:54.175   989   989 I SystemServerTiming: OnBootPhase_200_com.android.server.os.BugreportManagerService
05-31 19:06:54.175   989   989 D SystemServerTiming: OnBootPhase_200_com.android.server.os.BugreportManagerService took to complete: 0ms
05-31 19:06:54.175   989   989 I SystemServerTiming: OnBootPhase_200_com.android.server.gpu.GpuService
05-31 19:06:54.175   989   989 D SystemServerTiming: OnBootPhase_200_com.android.server.gpu.GpuService took to complete: 0ms
05-31 19:06:54.175   989   989 I SystemServerTiming: OnBootPhase_200_com.android.server.security.KeyChainSystemService
05-31 19:06:54.176   989   989 D SystemServerTiming: OnBootPhase_200_com.android.server.security.KeyChainSystemService took to complete: 0ms
05-31 19:06:54.176   989   989 I SystemServerTiming: OnBootPhase_200_com.android.server.telecom.TelecomLoaderService
05-31 19:06:54.176   989   989 D SystemServerTiming: OnBootPhase_200_com.android.server.telecom.TelecomLoaderService took to complete: 0ms
05-31 19:06:54.176   989   989 I SystemServerTiming: OnBootPhase_200_com.android.server.accounts.AccountManagerService$Lifecycle
05-31 19:06:54.176   989   989 D SystemServerTiming: OnBootPhase_200_com.android.server.accounts.AccountManagerService$Lifecycle took to complete: 0ms
05-31 19:06:54.176   989   989 I SystemServerTiming: OnBootPhase_200_com.android.server.content.ContentService$Lifecycle
05-31 19:06:54.176   989   989 D SystemServerTiming: OnBootPhase_200_com.android.server.content.ContentService$Lifecycle took to complete: 0ms
05-31 19:06:54.176   989   989 I SystemServerTiming: OnBootPhase_200_com.android.server.DropBoxManagerService
05-31 19:06:54.177   989   989 D SystemServerTiming: OnBootPhase_200_com.android.server.DropBoxManagerService took to complete: 0ms
05-31 19:06:54.177   989   989 I SystemServerTiming: OnBootPhase_200_com.android.role.RoleService
05-31 19:06:54.177   989   989 D SystemServerTiming: OnBootPhase_200_com.android.role.RoleService took to complete: 0ms
05-31 19:06:54.177   989   989 I SystemServerTiming: OnBootPhase_200_com.android.server.vibrator.VibratorManagerService$Lifecycle
05-31 19:06:54.177   989   989 D SystemServerTiming: OnBootPhase_200_com.android.server.vibrator.VibratorManagerService$Lifecycle took to complete: 0ms
05-31 19:06:54.177   989   989 I SystemServerTiming: OnBootPhase_200_com.android.server.alarm.AlarmManagerService
05-31 19:06:54.178   989   989 D SystemServerTiming: OnBootPhase_200_com.android.server.alarm.AlarmManagerService took to complete: 0ms
05-31 19:06:54.178   989   989 I SystemServerTiming: OnBootPhase_200_com.android.server.devicestate.DeviceStateManagerService
05-31 19:06:54.178   989   989 D SystemServerTiming: OnBootPhase_200_com.android.server.devicestate.DeviceStateManagerService took to complete: 0ms
05-31 19:06:54.178   989   989 I SystemServerTiming: OnBootPhase_200_com.android.server.camera.CameraServiceProxy
05-31 19:06:54.178   989   989 D SystemServerTiming: OnBootPhase_200_com.android.server.camera.CameraServiceProxy took to complete: 0ms
05-31 19:06:54.178   989   989 D SystemServerTiming: OnBootPhase_200 took to complete: 12ms
05-31 19:06:54.184   989   989 I WindowManager: No existing display settings, starting empty
05-31 19:06:54.185   989   989 I WindowManager: No existing display settings, starting empty
05-31 19:06:54.223     0     0 I         : c116 1768120168 camera_v4l2_close: E
05-31 19:06:54.223     0     0 E         : c115 1982799976 msm_post_event : queue MSM_CAMERA_PRIV_DEL_STREAM evt+
05-31 19:06:54.223     0     0 E         : c97 1830839655 msm_post_event : queue MSM_CAMERA_PRIV_DEL_STREAM evt-
05-31 19:06:54.224     0     0 E         : c3 3690987520 msm_post_event : timeout cannot be negative Line 797
05-31 19:06:54.224     0     0 I         : c119 1768843567 camera_v4l2_close: X, opened 0
05-31 19:06:54.237     0     0 I         : c119 1734438249 camera_v4l2_open: E
05-31 19:06:54.237     0     0 I         : c105 1948280686 PMIC version is 255
05-31 19:06:54.237     0     0 I         : c55 1701078066 camera_v4l2_open : pmic_version = 255
05-31 19:06:54.237   989   989 D SystemServerTiming: StartWindowManagerService took to complete: 70ms
05-31 19:06:54.237   989   989 I SystemServerTiming: SetWindowManagerService
05-31 19:06:54.244     0     0 E         : c101 1919902830 MSM-CPP cpp_release_ion_client:689 Calling ion_client_destroy
05-31 19:06:54.245     0     0 I         : c100 959984672 CPU: AArch64 Processor [410fd032] revision 2
05-31 19:06:54.245     0     0 I         : c99 1718842213 CPU: AArch64 Processor [410fd032] revision 2
05-31 19:06:54.274     0     0 I         : c52 542981684 msm_csid_init: CSID_VERSION = 0x30010000
05-31 19:06:54.304     0     0 I         : c110 1747940457 MSM-CPP cpp_init_hardware:1106 CPP HW Version: 0x50000000
05-31 19:06:54.304     0     0 E         : c39 2083401262 MSM-CPP cpp_init_hardware:1127 stream_cnt:0
05-31 19:06:54.315     0     0 I         : c110 2037591840 ueventd: firmware: loading 'cpp_firmware_v1_8_0.fw' for '/devices/soc.0/fda04000.qcom,cpp/firmware/cpp_firmware_v1_8_0.fw'
05-31 19:06:54.316     0     0 I         : c47 790653043 ueventd: loading /devices/soc.0/fda04000.qcom,cpp/firmware/cpp_firmware_v1_8_0.fw took 1ms
05-31 19:06:54.321     0     0 I         : c32 1679848047 msm_cci_init:882: hw_version = 0x10020000
05-31 19:06:54.335     0     0 I         : c32 791158838 MSM-CPP cpp_load_fw:1264 MC Bootloader Version: 0x312e3176
05-31 19:06:54.330   989   989 I ActivityTaskManager: Loaded persisted task ids for user 0
05-31 19:06:54.336   989   989 D SystemServerTiming: SetWindowManagerService took to complete: 99ms
05-31 19:06:54.337   989   989 I SystemServerTiming: WindowManagerServiceOnInitReady
05-31 19:06:54.342     0     0 I         : c97 1919251571 MSM-CPP cpp_load_fw:1277 CPP FW Version: 0x1008001e
05-31 19:06:54.361     0     0 I         : c58 539570291 ov4688_read_fuseid32: OTP Module vendor = 0x2
05-31 19:06:54.361     0     0 I         : c115 1702130553 ov4688_read_fuseid32: OTP LENS = 0x3
05-31 19:06:54.361     0     0 I         : c101 1919902830 ov4688_read_fuseid32: OTP Sensor Version = 0x1
05-31 19:06:54.361     0     0 I         : c116 1937077345 ov4688_read_fuseid32: OTP Driver IC Vendor & Version = 0x0
05-31 19:06:54.361     0     0 I         : c32 1869881401 ov4688_read_fuseid32: OTP Actuator vender ID & Version = 0x0
05-31 19:06:54.361     0     0 I         : c101 1919902830 ov4688_read_fuseid32: OTP fuse 0 = 0x0
05-31 19:06:54.361     0     0 I         : c115 1919361139 ov4688_read_fuseid32: OTP fuse 1 = 0x8
05-31 19:06:54.361     0     0 I         : c121 1818848032 ov4688_read_fuseid32: OTP fuse 2 = 0xcf
05-31 19:06:54.361     0     0 I         : c114 1768519269 ov4688_read_fuseid32: OTP fuse 3 = 0x57
05-31 19:06:54.381     0     0 I         : c46 778204021 camera_v4l2_open: X, opened 1
05-31 19:06:54.404   989   989 D SystemServerTiming: WindowManagerServiceOnInitReady took to complete: 67ms
05-31 19:06:54.404   989   989 I SystemServerTiming: StartInputManager
05-31 19:06:54.405   989   989 I InputManager: Starting input manager
05-31 19:06:54.411   989  1164 I SystemServerTimingAsync: InitThreadPoolExec:StartHidlServices
05-31 19:06:54.411   989  1164 D SystemServerInitThreadPool: Started executing StartHidlServices
05-31 19:06:54.411   989  1164 I SystemServerTimingAsync: StartHidlServices
05-31 19:06:54.420   989   989 D SystemServerTiming: StartInputManager took to complete: 16ms
05-31 19:06:54.421   989   989 I SystemServerTiming: DisplayManagerWindowManagerAndInputReady
05-31 19:06:54.423   989   989 D SystemServerTiming: DisplayManagerWindowManagerAndInputReady took to complete: 1ms
05-31 19:06:54.423   989   989 I SystemServerTiming: StartBluetoothService
05-31 19:06:54.423   989   989 I SystemServiceManager: Starting com.android.server.BluetoothService
05-31 19:06:54.427   989   989 D BluetoothManagerService: Loading stored name and address
05-31 19:06:54.428   989   989 D BluetoothManagerService: Stored bluetooth Name=HTC One M9,Address=90:E7:C4:40:2E:F7
05-31 19:06:54.429   989   989 D BluetoothManagerService: Bluetooth persisted state: 0
05-31 19:06:54.434     0     0 I         : c32 1986356264 camera_v4l2_close: E
05-31 19:06:54.434     0     0 E         : c111 2019914862 msm_post_event : queue MSM_CAMERA_PRIV_DEL_STREAM evt+
05-31 19:06:54.435     0     0 E         : c110 1815049321 msm_post_event : queue MSM_CAMERA_PRIV_DEL_STREAM evt-
05-31 19:06:54.435     0     0 E         : c101 1952788333 msm_post_event : timeout cannot be negative Line 797
05-31 19:06:54.435     0     0 I         : c116 695428653 camera_v4l2_close: X, opened 0
05-31 19:06:54.429   989  1009 I LogicalDisplayMapper: Requesting Transition to state: 0, from state=-1, interactive=true
05-31 19:06:54.434   989  1009 I LogicalDisplayMapper: Applying layout: [{addr: {port=0}, dispId: 0(ON)}], Previous layout: [{addr: {port=0}, dispId: 0(ON)}]
05-31 19:06:54.434   989   989 D BluetoothManagerService: Detected SystemUiUid: 10235
05-31 19:06:54.435   989   989 D SystemServerTiming: StartBluetoothService took to complete: 11ms
05-31 19:06:54.435   989   989 I SystemServerTiming: IpConnectivityMetrics
05-31 19:06:54.435   989   989 I SystemServiceManager: Starting com.android.server.connectivity.IpConnectivityMetrics
05-31 19:06:54.437   989   989 D SystemServerTiming: IpConnectivityMetrics took to complete: 2ms
05-31 19:06:54.437   989   989 I SystemServerTiming: NetworkWatchlistService
05-31 19:06:54.437   989   989 I SystemServiceManager: Starting com.android.server.net.watchlist.NetworkWatchlistService$Lifecycle
05-31 19:06:54.440     0     0 I         : c202 1650293487 camera_v4l2_open: E
05-31 19:06:54.440     0     0 I         : c116 1647275365 PMIC version is 255
05-31 19:06:54.440     0     0 I         : c3 2013265920 camera_v4l2_open : pmic_version = 255
05-31 19:06:54.442   989   989 I WatchlistSettings: Reload watchlist settings done
05-31 19:06:54.445   989  1164 D SystemServerTimingAsync: StartHidlServices took to complete: 34ms
05-31 19:06:54.445   989  1164 D SystemServerInitThreadPool: Finished executing StartHidlServices
05-31 19:06:54.446   989  1164 D SystemServerTimingAsync: InitThreadPoolExec:StartHidlServices took to complete: 34ms
05-31 19:06:54.446   989  1176 I WatchlistLoggingHandler: No need to aggregate record yet.
05-31 19:06:54.447   989  1176 I WatchlistLoggingHandler: Milliseconds spent on tryAggregateRecords(): 1
05-31 19:06:54.449   989   989 D SystemServerTiming: NetworkWatchlistService took to complete: 12ms
05-31 19:06:54.449   989   989 I SystemServerTiming: PinnerService
05-31 19:06:54.450   989   989 I SystemServiceManager: Starting com.android.server.PinnerService
05-31 19:06:54.451   989   989 V HistoricalRegistry: Interaction before persistence initialized
05-31 19:06:54.458   989   989 D SystemServerTiming: PinnerService took to complete: 8ms
05-31 19:06:54.459   989   989 I SystemServerTiming: IorapForwardingService
05-31 19:06:54.459   989   989 I SystemServiceManager: Starting com.google.android.startop.iorap.IorapForwardingService
05-31 19:06:54.463     0     0 E         : c121 1936076659 MSM-CPP cpp_release_ion_client:689 Calling ion_client_destroy
05-31 19:06:54.462   989   989 D SystemServerTiming: IorapForwardingService took to complete: 3ms
05-31 19:06:54.463   989   989 I SystemServerTiming: SignedConfigService
05-31 19:06:54.463   989   989 D SystemServerTiming: SignedConfigService took to complete: 1ms
05-31 19:06:54.463   989   989 I SystemServerTiming: AppIntegrityService
05-31 19:06:54.463   989   989 I SystemServiceManager: Starting com.android.server.integrity.AppIntegrityManagerService
05-31 19:06:54.470   989   989 E IntegrityFileManager: Error creating staging and rules directory
05-31 19:06:54.476   989   989 D SystemServerTiming: AppIntegrityService took to complete: 12ms
05-31 19:06:54.482     0     0 I         : c101 1917285235 msm_csid_init: CSID_VERSION = 0x30010000
05-31 19:06:54.511     0     0 I         : c107 1852403568 MSM-CPP cpp_init_hardware:1106 CPP HW Version: 0x50000000
05-31 19:06:54.511     0     0 E         : c67 1163412831 MSM-CPP cpp_init_hardware:1127 stream_cnt:0
05-31 19:06:54.523     0     0 I         : c32 540356661 msm_cci_init:882: hw_version = 0x10020000
05-31 19:06:54.523     0     0 I         : c84  13824 ueventd: firmware: loading 'cpp_firmware_v1_8_0.fw' for '/devices/soc.0/fda04000.qcom,cpp/firmware/cpp_firmware_v1_8_0.fw'
05-31 19:06:54.525     0     0 I         : c116 1918987552 ueventd: loading /devices/soc.0/fda04000.qcom,cpp/firmware/cpp_firmware_v1_8_0.fw took 1ms
05-31 19:06:54.534     0     0 I         : c103 1734964000 t4ka7_read_fuseid32: OTP Module vendor = 0x1
05-31 19:06:54.534     0     0 I         : c116 673195817 t4ka7_read_fuseid32: OTP LENS = 0x2
05-31 19:06:54.534     0     0 I         : c114 1936024431 t4ka7_read_fuseid32: OTP Sensor Version = 0x1
05-31 19:06:54.534     0     0 I         : c3 3019898880 t4ka7_read_fuseid32: OTP Driver IC Vendor & Version = 0x11
05-31 19:06:54.534     0     0 I         : c101 1818586738 t4ka7_read_fuseid32: OTP Actuator vender ID & Version = 0x61
05-31 19:06:54.534     0     0 I         : c134 61620680 t4ka7_read_fuseid32: OTP fuse 0 = 0x8000
05-31 19:06:54.534     0     0 I         : c32 1701996900 t4ka7_read_fuseid32: OTP fuse 1 = 0xc8c2
05-31 19:06:54.534     0     0 I         : c100  18176 t4ka7_read_fuseid32: OTP fuse 2 = 0x1232
05-31 19:06:54.534     0     0 I         : c115 543712117 t4ka7_read_fuseid32: OTP fuse 3 = 0xb
05-31 19:06:54.534     0     0 I         : c3 2214592512 t4ka7_read_fuseid32: OTP BAIS Calibration data = 0xb7
05-31 19:06:54.534     0     0 I         : c47 2019913825 t4ka7_read_fuseid32: OTP OFFSET Calibration data = 0x64
05-31 19:06:54.534     0     0 I         : c248 61661319 t4ka7_read_fuseid32: OTP VCM bottom mech. Limit (MSByte) = 0x92
05-31 19:06:54.534     0     0 I         : c117 1685218675 t4ka7_read_fuseid32: OTP VCM bottom mech. Limit (LSByte) = 0xab
05-31 19:06:54.534     0     0 I         : c101 1764713332 t4ka7_read_fuseid32: OTP Infinity position code (MSByte) = 0xb8
05-31 19:06:54.534     0     0 I         : c116 1697607013 t4ka7_read_fuseid32: OTP Infinity position code (LSByte) = 0xa6
05-31 19:06:54.534     0     0 I         : c110 774776676 t4ka7_read_fuseid32: OTP Macro position code (MSByte) = 0x2f
05-31 19:06:54.534     0     0 I         : c114 795899247 t4ka7_read_fuseid32: OTP Macro position code (LSByte) = 0x9e
05-31 19:06:54.534     0     0 I         : c114 678458735 t4ka7_read_fuseid32: OTP VCM top mech. Limit (MSByte) = 0x6c
05-31 19:06:54.534     0     0 I         : c68   9472 t4ka7_read_fuseid32: OTP VCM top mech. Limit (LSByte) = 0xe0
05-31 19:06:54.534     0     0 I         : c108 1919967849 t4ka7_read_fuseid32: OTP Module type = 0x0
05-31 19:06:54.534     0     0 I         : c99 1768300648 t4ka7_read_fuseid32: OTP Actuator Name = lc898212
05-31 19:06:54.539     0     0 I         : c48 1713383735 [FLT] flash mode, camera flash current 0+0.
05-31 19:06:54.539     0     0 I         : c76  12288 [FLT] flashlight_turn_off
05-31 19:06:54.542     0     0 W         : c115 762471796 SMBCHG: smbchg_otg_pulse_skip_disable: enabling pulse skip, reason 2
05-31 19:06:54.542     0     0 I         : c47 1600416117 [FLT] torch mode, camera flash current 0+0.
05-31 19:06:54.542     0     0 I         : c101 1348826209 [FLT] flashlight_turn_off
05-31 19:06:54.544     0     0 I         : c101 1935764857 MSM-CPP cpp_load_fw:1264 MC Bootloader Version: 0x312e3176
05-31 19:06:54.544     0     0 W         : c99 1982275685 SMBCHG: smbchg_otg_pulse_skip_disable: enabling pulse skip, reason 2
05-31 19:06:54.544     0     0 I         : c110 2037591840 msm_actuator_set_af_value:567 msm_actuator_set_af_value: VCM_Infinity = 0xb8a6 (-18266)
05-31 19:06:54.544     0     0 I         : c102 1701603681 msm_actuator_set_af_value:568 msm_actuator_set_af_value: VCM_Bias = 0xb7 (183)
05-31 19:06:54.544     0     0 I         : c110 1702043751 msm_actuator_set_af_value:569 msm_actuator_set_af_value: VCM_Offset = 0x64 (100)
05-31 19:06:54.544     0     0 I         : c115 1869768563 msm_actuator_set_af_value:570 msm_actuator_set_af_value: VCM_Vendor_Id_Version = 0x61 (97)
05-31 19:06:54.545   989  1015 E PinnerService: Could not pin file /system/framework/arm64/boot.oat
05-31 19:06:54.545   989  1015 E PinnerService: android.system.ErrnoException: open failed: ENOENT (No such file or directory)
05-31 19:06:54.545   989  1015 E PinnerService: 	at libcore.io.Linux.open(Native Method)
05-31 19:06:54.545   989  1015 E PinnerService: 	at libcore.io.ForwardingOs.open(ForwardingOs.java:567)
05-31 19:06:54.545   989  1015 E PinnerService: 	at libcore.io.BlockGuardOs.open(BlockGuardOs.java:273)
05-31 19:06:54.545   989  1015 E PinnerService: 	at android.system.Os.open(Os.java:501)
05-31 19:06:54.545   989  1015 E PinnerService: 	at com.android.server.PinnerService.pinFileRanges(PinnerService.java:939)
05-31 19:06:54.545   989  1015 E PinnerService: 	at com.android.server.PinnerService.pinFile(PinnerService.java:814)
05-31 19:06:54.545   989  1015 E PinnerService: 	at com.android.server.PinnerService.handlePinOnStart(PinnerService.java:273)
05-31 19:06:54.545   989  1015 E PinnerService: 	at com.android.server.PinnerService.access$1600(PinnerService.java:91)
05-31 19:06:54.545   989  1015 E PinnerService: 	at com.android.server.PinnerService$PinnerHandler.handleMessage(PinnerService.java:1183)
05-31 19:06:54.545   989  1015 E PinnerService: 	at android.os.Handler.dispatchMessage(Handler.java:106)
05-31 19:06:54.545   989  1015 E PinnerService: 	at android.os.Looper.loopOnce(Looper.java:201)
05-31 19:06:54.545   989  1015 E PinnerService: 	at android.os.Looper.loop(Looper.java:288)
05-31 19:06:54.545   989  1015 E PinnerService: 	at android.os.HandlerThread.run(HandlerThread.java:67)
05-31 19:06:54.548   989  1015 E PinnerService: Failed to pin file = /system/framework/arm64/boot.oat
05-31 19:06:54.549   989  1015 E PinnerService: Could not pin file /system/framework/arm64/boot-core-libart.oat
05-31 19:06:54.549   989  1015 E PinnerService: android.system.ErrnoException: open failed: ENOENT (No such file or directory)
05-31 19:06:54.549   989  1015 E PinnerService: 	at libcore.io.Linux.open(Native Method)
05-31 19:06:54.549   989  1015 E PinnerService: 	at libcore.io.ForwardingOs.open(ForwardingOs.java:567)
05-31 19:06:54.549   989  1015 E PinnerService: 	at libcore.io.BlockGuardOs.open(BlockGuardOs.java:273)
05-31 19:06:54.549   989  1015 E PinnerService: 	at android.system.Os.open(Os.java:501)
05-31 19:06:54.549   989  1015 E PinnerService: 	at com.android.server.PinnerService.pinFileRanges(PinnerService.java:939)
05-31 19:06:54.549   989  1015 E PinnerService: 	at com.android.server.PinnerService.pinFile(PinnerService.java:814)
05-31 19:06:54.549   989  1015 E PinnerService: 	at com.android.server.PinnerService.handlePinOnStart(PinnerService.java:273)
05-31 19:06:54.549   989  1015 E PinnerService: 	at com.android.server.PinnerService.access$1600(PinnerService.java:91)
05-31 19:06:54.549   989  1015 E PinnerService: 	at com.android.server.PinnerService$PinnerHandler.handleMessage(PinnerService.java:1183)
05-31 19:06:54.549   989  1015 E PinnerService: 	at android.os.Handler.dispatchMessage(Handler.java:106)
05-31 19:06:54.549   989  1015 E PinnerService: 	at android.os.Looper.loopOnce(Looper.java:201)
05-31 19:06:54.549   989  1015 E PinnerService: 	at android.os.Looper.loop(Looper.java:288)
05-31 19:06:54.549   989  1015 E PinnerService: 	at android.os.HandlerThread.run(HandlerThread.java:67)
05-31 19:06:54.549   989  1015 E PinnerService: Failed to pin file = /system/framework/arm64/boot-core-libart.oat
05-31 19:06:54.552     0     0 I         : c101 1348826209 MSM-CPP cpp_load_fw:1277 CPP FW Version: 0x1008001e
05-31 19:06:54.550   989  1015 E PinnerService: Could not pin file /apex/com.android.runtime/javalib/core-oj.jar
05-31 19:06:54.550   989  1015 E PinnerService: android.system.ErrnoException: open failed: ENOENT (No such file or directory)
05-31 19:06:54.550   989  1015 E PinnerService: 	at libcore.io.Linux.open(Native Method)
05-31 19:06:54.550   989  1015 E PinnerService: 	at libcore.io.ForwardingOs.open(ForwardingOs.java:567)
05-31 19:06:54.550   989  1015 E PinnerService: 	at libcore.io.BlockGuardOs.open(BlockGuardOs.java:273)
05-31 19:06:54.550   989  1015 E PinnerService: 	at android.system.Os.open(Os.java:501)
05-31 19:06:54.550   989  1015 E PinnerService: 	at com.android.server.PinnerService.pinFileRanges(PinnerService.java:939)
05-31 19:06:54.550   989  1015 E PinnerService: 	at com.android.server.PinnerService.pinFile(PinnerService.java:814)
05-31 19:06:54.550   989  1015 E PinnerService: 	at com.android.server.PinnerService.handlePinOnStart(PinnerService.java:273)
05-31 19:06:54.550   989  1015 E PinnerService: 	at com.android.server.PinnerService.access$1600(PinnerService.java:91)
05-31 19:06:54.550   989  1015 E PinnerService: 	at com.android.server.PinnerService$PinnerHandler.handleMessage(PinnerService.java:1183)
05-31 19:06:54.550   989  1015 E PinnerService: 	at android.os.Handler.dispatchMessage(Handler.java:106)
05-31 19:06:54.550   989  1015 E PinnerService: 	at android.os.Looper.loopOnce(Looper.java:201)
05-31 19:06:54.550   989  1015 E PinnerService: 	at android.os.Looper.loop(Looper.java:288)
05-31 19:06:54.550   989  1015 E PinnerService: 	at android.os.HandlerThread.run(HandlerThread.java:67)
05-31 19:06:54.550   989  1015 E PinnerService: Failed to pin file = /apex/com.android.runtime/javalib/core-oj.jar
05-31 19:06:54.551   989  1015 E PinnerService: Could not pin file /apex/com.android.runtime/javalib/core-libart.jar
05-31 19:06:54.551   989  1015 E PinnerService: android.system.ErrnoException: open failed: ENOENT (No such file or directory)
05-31 19:06:54.551   989  1015 E PinnerService: 	at libcore.io.Linux.open(Native Method)
05-31 19:06:54.551   989  1015 E PinnerService: 	at libcore.io.ForwardingOs.open(ForwardingOs.java:567)
05-31 19:06:54.551   989  1015 E PinnerService: 	at libcore.io.BlockGuardOs.open(BlockGuardOs.java:273)
05-31 19:06:54.551   989  1015 E PinnerService: 	at android.system.Os.open(Os.java:501)
05-31 19:06:54.551   989  1015 E PinnerService: 	at com.android.server.PinnerService.pinFileRanges(PinnerService.java:939)
05-31 19:06:54.551   989  1015 E PinnerService: 	at com.android.server.PinnerService.pinFile(PinnerService.java:814)
05-31 19:06:54.551   989  1015 E PinnerService: 	at com.android.server.PinnerService.handlePinOnStart(PinnerService.java:273)
05-31 19:06:54.551   989  1015 E PinnerService: 	at com.android.server.PinnerService.access$1600(PinnerService.java:91)
05-31 19:06:54.551   989  1015 E PinnerService: 	at com.android.server.PinnerService$PinnerHandler.handleMessage(PinnerService.java:1183)
05-31 19:06:54.551   989  1015 E PinnerService: 	at android.os.Handler.dispatchMessage(Handler.java:106)
05-31 19:06:54.551   989  1015 E PinnerService: 	at android.os.Looper.loopOnce(Looper.java:201)
05-31 19:06:54.551   989  1015 E PinnerService: 	at android.os.Looper.loop(Looper.java:288)
05-31 19:06:54.551   989  1015 E PinnerService: 	at android.os.HandlerThread.run(HandlerThread.java:67)
05-31 19:06:54.551   989  1015 E PinnerService: Failed to pin file = /apex/com.android.runtime/javalib/core-libart.jar
05-31 19:06:54.553   989  1015 E PinnerService: Could not pin file /system/product/priv-app/SystemUI/SystemUI.apk
05-31 19:06:54.553   989  1015 E PinnerService: android.system.ErrnoException: open failed: ENOENT (No such file or directory)
05-31 19:06:54.553   989  1015 E PinnerService: 	at libcore.io.Linux.open(Native Method)
05-31 19:06:54.553   989  1015 E PinnerService: 	at libcore.io.ForwardingOs.open(ForwardingOs.java:567)
05-31 19:06:54.553   989  1015 E PinnerService: 	at libcore.io.BlockGuardOs.open(BlockGuardOs.java:273)
05-31 19:06:54.553   989  1015 E PinnerService: 	at android.system.Os.open(Os.java:501)
05-31 19:06:54.553   989  1015 E PinnerService: 	at com.android.server.PinnerService.pinFileRanges(PinnerService.java:939)
05-31 19:06:54.553   989  1015 E PinnerService: 	at com.android.server.PinnerService.pinFile(PinnerService.java:814)
05-31 19:06:54.553   989  1015 E PinnerService: 	at com.android.server.PinnerService.handlePinOnStart(PinnerService.java:273)
05-31 19:06:54.553   989  1015 E PinnerService: 	at com.android.server.PinnerService.access$1600(PinnerService.java:91)
05-31 19:06:54.553   989  1015 E PinnerService: 	at com.android.server.PinnerService$PinnerHandler.handleMessage(PinnerService.java:1183)
05-31 19:06:54.553   989  1015 E PinnerService: 	at android.os.Handler.dispatchMessage(Handler.java:106)
05-31 19:06:54.553   989  1015 E PinnerService: 	at android.os.Looper.loopOnce(Looper.java:201)
05-31 19:06:54.553   989  1015 E PinnerService: 	at android.os.Looper.loop(Looper.java:288)
05-31 19:06:54.553   989  1015 E PinnerService: 	at android.os.HandlerThread.run(HandlerThread.java:67)
05-31 19:06:54.553   989  1015 E PinnerService: Failed to pin file = /system/product/priv-app/SystemUI/SystemUI.apk
05-31 19:06:54.554   989  1015 E PinnerService: Could not pin file /data/dalvik-cache/arm64/system@product@priv-app@SystemUI@SystemUI.apk@classes.dex
05-31 19:06:54.554   989  1015 E PinnerService: android.system.ErrnoException: open failed: ENOENT (No such file or directory)
05-31 19:06:54.554   989  1015 E PinnerService: 	at libcore.io.Linux.open(Native Method)
05-31 19:06:54.554   989  1015 E PinnerService: 	at libcore.io.ForwardingOs.open(ForwardingOs.java:567)
05-31 19:06:54.554   989  1015 E PinnerService: 	at libcore.io.BlockGuardOs.open(BlockGuardOs.java:273)
05-31 19:06:54.554   989  1015 E PinnerService: 	at android.system.Os.open(Os.java:501)
05-31 19:06:54.554   989  1015 E PinnerService: 	at com.android.server.PinnerService.pinFileRanges(PinnerService.java:939)
05-31 19:06:54.554   989  1015 E PinnerService: 	at com.android.server.PinnerService.pinFile(PinnerService.java:814)
05-31 19:06:54.554   989  1015 E PinnerService: 	at com.android.server.PinnerService.handlePinOnStart(PinnerService.java:273)
05-31 19:06:54.554   989  1015 E PinnerService: 	at com.android.server.PinnerService.access$1600(PinnerService.java:91)
05-31 19:06:54.554   989  1015 E PinnerService: 	at com.android.server.PinnerService$PinnerHandler.handleMessage(PinnerService.java:1183)
05-31 19:06:54.554   989  1015 E PinnerService: 	at android.os.Handler.dispatchMessage(Handler.java:106)
05-31 19:06:54.554   989  1015 E PinnerService: 	at android.os.Looper.loopOnce(Looper.java:201)
05-31 19:06:54.554   989  1015 E PinnerService: 	at android.os.Looper.loop(Looper.java:288)
05-31 19:06:54.554   989  1015 E PinnerService: 	at android.os.HandlerThread.run(HandlerThread.java:67)
05-31 19:06:54.554   989  1015 E PinnerService: Failed to pin file = /data/dalvik-cache/arm64/system@product@priv-app@SystemUI@SystemUI.apk@classes.dex
05-31 19:06:54.555   989  1015 E PinnerService: Could not pin file /data/dalvik-cache/arm64/system@product@priv-app@SystemUI@SystemUI.apk@classes.vdex
05-31 19:06:54.555   989  1015 E PinnerService: android.system.ErrnoException: open failed: ENOENT (No such file or directory)
05-31 19:06:54.555   989  1015 E PinnerService: 	at libcore.io.Linux.open(Native Method)
05-31 19:06:54.555   989  1015 E PinnerService: 	at libcore.io.ForwardingOs.open(ForwardingOs.java:567)
05-31 19:06:54.555   989  1015 E PinnerService: 	at libcore.io.BlockGuardOs.open(BlockGuardOs.java:273)
05-31 19:06:54.555   989  1015 E PinnerService: 	at android.system.Os.open(Os.java:501)
05-31 19:06:54.555   989  1015 E PinnerService: 	at com.android.server.PinnerService.pinFileRanges(PinnerService.java:939)
05-31 19:06:54.555   989  1015 E PinnerService: 	at com.android.server.PinnerService.pinFile(PinnerService.java:814)
05-31 19:06:54.555   989  1015 E PinnerService: 	at com.android.server.PinnerService.handlePinOnStart(PinnerService.java:273)
05-31 19:06:54.555   989  1015 E PinnerService: 	at com.android.server.PinnerService.access$1600(PinnerService.java:91)
05-31 19:06:54.555   989  1015 E PinnerService: 	at com.android.server.PinnerService$PinnerHandler.handleMessage(PinnerService.java:1183)
05-31 19:06:54.555   989  1015 E PinnerService: 	at android.os.Handler.dispatchMessage(Handler.java:106)
05-31 19:06:54.555   989  1015 E PinnerService: 	at android.os.Looper.loopOnce(Looper.java:201)
05-31 19:06:54.555   989  1015 E PinnerService: 	at android.os.Looper.loop(Looper.java:288)
05-31 19:06:54.555   989  1015 E PinnerService: 	at android.os.HandlerThread.run(HandlerThread.java:67)
05-31 19:06:54.555   989  1015 E PinnerService: Failed to pin file = /data/dalvik-cache/arm64/system@product@priv-app@SystemUI@SystemUI.apk@classes.vdex
05-31 19:06:54.587     0     0 I         : c45 1684107116 camera_v4l2_open: X, opened 1
05-31 19:06:54.598   989   989 I WindowManager: SAFE MODE not enabled
05-31 19:06:54.599   989   989 I SystemServerTiming: StartInputMethodManagerLifecycle
05-31 19:06:54.599   989   989 I SystemServiceManager: Starting com.android.server.inputmethod.InputMethodManagerService$Lifecycle
05-31 19:06:54.615     0     0 I         : c0 3401711872 [FLT] flash mode, camera flash current 0+0.
05-31 19:06:54.615     0     0 I         : c116 1814900000 [FLT] flashlight_turn_off
05-31 19:06:54.617     0     0 W         : c100 1969317477 SMBCHG: smbchg_otg_pulse_skip_disable: enabling pulse skip, reason 2
05-31 19:06:54.617     0     0 I         : c52 1952805408 [FLT] torch mode, camera flash current 0+0.
05-31 19:06:54.617     0     0 I         : c49 1714888752 [FLT] flashlight_turn_off
05-31 19:06:54.619     0     0 W         : c98 1701080681 SMBCHG: smbchg_otg_pulse_skip_disable: enabling pulse skip, reason 2
05-31 19:06:54.615   989   989 D SystemServerTiming: StartInputMethodManagerLifecycle took to complete: 16ms
05-31 19:06:54.616   989   989 I SystemServerTiming: StartAccessibilityManagerService
05-31 19:06:54.616   989   989 I SystemServiceManager: Starting com.android.server.accessibility.AccessibilityManagerService$Lifecycle
05-31 19:06:54.623     0     0 I         : c101 2019895072 [FLT] flash mode, camera flash current 0+0.
05-31 19:06:54.623     0     0 I         : c105 543450484 [FLT] flashlight_turn_off
05-31 19:06:54.626     0     0 W         : c3 2483027968 SMBCHG: smbchg_otg_pulse_skip_disable: enabling pulse skip, reason 2
05-31 19:06:54.626     0     0 I         : c111 1982686305 [FLT] torch mode, camera flash current 0+0.
05-31 19:06:54.626     0     0 I         : c118 1819570793 [FLT] flashlight_turn_off
05-31 19:06:54.628     0     0 W         : c117 807429225 SMBCHG: smbchg_otg_pulse_skip_disable: enabling pulse skip, reason 2
05-31 19:06:54.627   989   989 D SystemServerTiming: StartAccessibilityManagerService took to complete: 10ms
05-31 19:06:54.627   989   989 I SystemServerTiming: MakeDisplayReady
05-31 19:06:54.634   989   989 I ActivityTaskManager: Config changes=20005df8 {1.0 ?mcc?mnc [en_US] ldltr sw411dp w411dp h659dp 420dpi nrml port ?uimode ?night -touch -keyb/v/h -nav/h winConfig={ mBounds=Rect(0, 0 - 1080, 1920) mAppBounds=Rect(0, 0 - 1080, 1794) mMaxBounds=Rect(0, 0 - 1080, 1920) mWindowingMode=fullscreen mDisplayWindowingMode=fullscreen mActivityType=undefined mAlwaysOnTop=undefined mRotation=ROTATION_0} s.2 ?fontWeightAdjustment}
05-31 19:06:54.638   989   989 I WindowManager: Override config changes=60007dfc {1.0 ?mcc?mnc [en_US] ldltr sw411dp w411dp h659dp 420dpi nrml port ?uimode ?night -touch -keyb/v/h -nav/h winConfig={ mBounds=Rect(0, 0 - 1080, 1920) mAppBounds=Rect(0, 0 - 1080, 1794) mMaxBounds=Rect(0, 0 - 1080, 1920) mWindowingMode=fullscreen mDisplayWindowingMode=fullscreen mActivityType=undefined mAlwaysOnTop=undefined mRotation=ROTATION_0} s.2 ?fontWeightAdjustment} for displayId=0
05-31 19:06:54.654   989   989 I ActivityTaskManager: Config changes=8 {1.0 ?mcc?mnc [en_US] ldltr sw411dp w411dp h659dp 420dpi nrml port ?uimode ?night finger -keyb/v/h -nav/h winConfig={ mBounds=Rect(0, 0 - 1080, 1920) mAppBounds=Rect(0, 0 - 1080, 1794) mMaxBounds=Rect(0, 0 - 1080, 1920) mWindowingMode=fullscreen mDisplayWindowingMode=fullscreen mActivityType=undefined mAlwaysOnTop=undefined mRotation=ROTATION_0} s.4 ?fontWeightAdjustment}
05-31 19:06:54.666     0     0 I         : c101 1764713332 init: processing action (sys.sysctl.extra_free_kbytes=*) from (/system/etc/init/hw/init.rc:1154)
05-31 19:06:54.660   989   989 I WindowManager: Override config changes=8 {1.0 ?mcc?mnc [en_US] ldltr sw411dp w411dp h659dp 420dpi nrml port ?uimode ?night finger -keyb/v/h -nav/h winConfig={ mBounds=Rect(0, 0 - 1080, 1920) mAppBounds=Rect(0, 0 - 1080, 1794) mMaxBounds=Rect(0, 0 - 1080, 1920) mWindowingMode=fullscreen mDisplayWindowingMode=fullscreen mActivityType=undefined mAlwaysOnTop=undefined mRotation=ROTATION_0} s.4 ?fontWeightAdjustment} for displayId=0
05-31 19:06:54.663   989   989 D SystemServerTiming: MakeDisplayReady took to complete: 36ms
05-31 19:06:54.664   989   989 I SystemServerTiming: StartStorageManagerService
05-31 19:06:54.665   989   989 I SystemServiceManager: Starting com.android.server.StorageManagerService$Lifecycle
05-31 19:06:54.694     0     0 I         : c58 691024438 camera_v4l2_close: E
05-31 19:06:54.694     0     0 E         : c110 1702043751 msm_post_event : queue MSM_CAMERA_PRIV_DEL_STREAM evt+
05-31 19:06:54.695     0     0 E         : c0 3395420416 msm_post_event : queue MSM_CAMERA_PRIV_DEL_STREAM evt-
05-31 19:06:54.695     0     0 E         : c111 1668641568 msm_post_event : timeout cannot be negative Line 797
05-31 19:06:54.695     0     0 I         : c48 825565228 camera_v4l2_close: X, opened 0
05-31 19:06:54.693   989  1058 V HistoricalRegistry: Interaction before persistence initialized
05-31 19:06:54.714     0     0 I         : c110 1919950964 [FLT] flash mode, camera flash current 0+0.
05-31 19:06:54.714     0     0 I         : c0 939524096 [FLT] flashlight_turn_off
05-31 19:06:54.716     0     0 W         : c99 1801676136 SMBCHG: smbchg_otg_pulse_skip_disable: enabling pulse skip, reason 2
05-31 19:06:54.717     0     0 I         : c96 61850919 [FLT] torch mode, camera flash current 0+0.
05-31 19:06:54.717     0     0 I         : c116 1701737077 [FLT] flashlight_turn_off
05-31 19:06:54.719     0     0 W         : c105 1819566959 SMBCHG: smbchg_otg_pulse_skip_disable: enabling pulse skip, reason 2
05-31 19:06:54.736   989  1219 D StorageManagerService: Thinking about init, mBootCompleted=false, mDaemonConnected=true
05-31 19:06:54.740     0     0 E         : c101 1768042349 MSM-CPP cpp_release_ion_client:689 Calling ion_client_destroy
05-31 19:06:54.740   989   989 W SystemServiceManager: Service com.android.server.StorageManagerService$Lifecycle took 75 ms in onStart
05-31 19:06:54.742   989   989 D SystemServerTiming: StartStorageManagerService took to complete: 77ms
05-31 19:06:54.742   989   989 I SystemServerTiming: StartStorageStatsService
05-31 19:06:54.742   989   989 I SystemServiceManager: Starting com.android.server.usage.StorageStatsService$Lifecycle
05-31 19:06:54.751   667   667 W iorapd  : Readahead disabled by system property
05-31 19:06:54.753   667   667 W iorapd  : Reconnect to package manager service: 1 times
05-31 19:06:54.759   989  1219 D StorageManagerService: Thinking about reset, mBootCompleted=false, mDaemonConnected=true
05-31 19:06:54.760   989  1219 D StorageManagerService: Thinking about init, mBootCompleted=false, mDaemonConnected=true
05-31 19:06:54.760   989  1219 D StorageManagerService: Thinking about reset, mBootCompleted=false, mDaemonConnected=true
05-31 19:06:54.784   989   989 D SystemServerTiming: StartStorageStatsService took to complete: 41ms
05-31 19:06:54.784   989   989 I SystemServerTiming: StartUiModeManager
05-31 19:06:54.784   989   989 I SystemServiceManager: Starting com.android.server.UiModeManagerService
05-31 19:06:54.788   989   989 D SystemServerTiming: StartUiModeManager took to complete: 3ms
05-31 19:06:54.788   989   989 I SystemServerTiming: UpdatePackagesIfNeeded
05-31 19:06:54.788   989   989 I Watchdog: Pausing HandlerChecker: main thread for reason: dexopt. Pause count: 1
05-31 19:06:54.788   989   989 I Watchdog: Resuming HandlerChecker: main thread for reason: dexopt. Pause count: 0
05-31 19:06:54.788   989   989 D SystemServerTiming: UpdatePackagesIfNeeded took to complete: 1ms
05-31 19:06:54.788   989   989 I SystemServerTiming: PerformFstrimIfNeeded
05-31 19:06:54.791   989   989 D SystemServerTiming: PerformFstrimIfNeeded took to complete: 1ms
05-31 19:06:54.791   989   989 I SystemServerTiming: StartLockSettingsService
05-31 19:06:54.791   989   989 I SystemServiceManager: Starting com.android.server.locksettings.LockSettingsService$Lifecycle
05-31 19:06:54.800   989  1232 I SystemServerTimingAsync: InitThreadPoolExec:UiModeManager.onStart
05-31 19:06:54.801   989  1232 D SystemServerInitThreadPool: Started executing UiModeManager.onStart
05-31 19:06:54.804  1229  1229 D iorap.prefetcherd: Installing minijail
05-31 19:06:54.806  1229  1229 W iorap.prefetcherd: No seccomp filter defined for this architecture.
05-31 19:06:54.821   989  1232 D SystemServerInitThreadPool: Finished executing UiModeManager.onStart
05-31 19:06:54.821   989  1232 D SystemServerTimingAsync: InitThreadPoolExec:UiModeManager.onStart took to complete: 20ms
05-31 19:06:54.826   989   989 D SystemServerTiming: StartLockSettingsService took to complete: 34ms
05-31 19:06:54.826   989   989 I SystemServerTiming: StartPersistentDataBlock
05-31 19:06:54.826   989   989 I SystemServiceManager: Starting com.android.server.PersistentDataBlockService
05-31 19:06:54.827   989   989 D SystemServerTiming: StartPersistentDataBlock took to complete: 2ms
05-31 19:06:54.827   989   989 I SystemServerTiming: StartTestHarnessMode
05-31 19:06:54.827   989   989 I SystemServiceManager: Starting com.android.server.testharness.TestHarnessModeService
05-31 19:06:54.827   989  1234 I SystemServerTimingAsync: InitThreadPoolExec:PersistentDataBlockService.onStart
05-31 19:06:54.827   989  1234 D SystemServerInitThreadPool: Started executing PersistentDataBlockService.onStart
05-31 19:06:54.828   989  1234 E PersistentDataBlockService: not able to find package com.google.android.gms
05-31 19:06:54.828   989  1234 E PersistentDataBlockService: android.content.pm.PackageManager$NameNotFoundException: com.google.android.gms
05-31 19:06:54.828   989  1234 E PersistentDataBlockService: 	at android.app.ApplicationPackageManager.getPackageUidAsUser(ApplicationPackageManager.java:370)
05-31 19:06:54.828   989  1234 E PersistentDataBlockService: 	at com.android.server.PersistentDataBlockService.getAllowedUid(PersistentDataBlockService.java:162)
05-31 19:06:54.828   989  1234 E PersistentDataBlockService: 	at com.android.server.PersistentDataBlockService.lambda$onStart$0$PersistentDataBlockService(PersistentDataBlockService.java:176)
05-31 19:06:54.828   989  1234 E PersistentDataBlockService: 	at com.android.server.PersistentDataBlockService$$ExternalSyntheticLambda0.run(Unknown Source:2)
