05-31 19:06:50.421   989   989 D CompatConfig: Adding: com.android.server.compat.config.Change@9e20155
05-31 19:06:50.423   989   989 D CompatConfig: Found a config file: /system/etc/compatconfig/icu4j-platform-compat-config.xml
05-31 19:06:50.424   989  1013 I SystemConfig: Reading permissions from /system/etc/sysconfig/framework-sysconfig.xml
05-31 19:06:50.424   989   989 D CompatConfig: Adding: com.android.server.compat.config.Change@34a84f8
05-31 19:06:50.426   989  1013 I SystemConfig: Reading permissions from /system/etc/sysconfig/preinstalled-packages-platform-full-base.xml
05-31 19:06:50.426   989   989 D CompatConfig: Found a config file: /system/etc/compatconfig/calendar-provider-compat-config.xml
05-31 19:06:50.427   989   989 D CompatConfig: Adding: com.android.server.compat.config.Change@1724b37
05-31 19:06:50.427   989  1013 I SystemConfig: Reading permissions from /system/etc/sysconfig/preinstalled-packages-platform.xml
05-31 19:06:50.428   989   989 D CompatConfig: Found a config file: /system/etc/compatconfig/services-platform-compat-config.xml
05-31 19:06:50.429   989  1013 I SystemConfig: Reading permissions from /system/etc/sysconfig/hiddenapi-package-whitelist.xml
05-31 19:06:50.432   989  1013 I SystemConfig: Reading permissions from /system/etc/permissions/android.software.sip.voip.xml
05-31 19:06:50.433   989   989 D CompatConfig: Adding: com.android.server.compat.config.Change@5a4fb10
05-31 19:06:50.433   989   989 D CompatConfig: Adding: com.android.server.compat.config.Change@a1df609
05-31 19:06:50.433   989   989 D CompatConfig: Adding: com.android.server.compat.config.Change@3d96a2f
05-31 19:06:50.433   989   989 D CompatConfig: Adding: com.android.server.compat.config.Change@146b83c
05-31 19:06:50.433   989  1013 I SystemConfig: Reading permissions from /system/etc/permissions/com.android.future.usb.accessory.xml
05-31 19:06:50.434   989   989 D CompatConfig: Adding: com.android.server.compat.config.Change@1a6e9c5
05-31 19:06:50.434   989   989 D CompatConfig: Adding: com.android.server.compat.config.Change@2a9bf1a
05-31 19:06:50.434   989   989 D CompatConfig: Adding: com.android.server.compat.config.Change@29c7a4b
05-31 19:06:50.434   989   989 D CompatConfig: Adding: com.android.server.compat.config.Change@ae51c28
05-31 19:06:50.434   989   989 D CompatConfig: Adding: com.android.server.compat.config.Change@1115d41
05-31 19:06:50.434   989   989 D CompatConfig: Adding: com.android.server.compat.config.Change@14b2e6
05-31 19:06:50.434   989   989 D CompatConfig: Adding: com.android.server.compat.config.Change@b367027
05-31 19:06:50.434   989   989 D CompatConfig: Adding: com.android.server.compat.config.Change@183d2d4
05-31 19:06:50.434   989   989 D CompatConfig: Adding: com.android.server.compat.config.Change@3558c7d
05-31 19:06:50.435   989   989 D CompatConfig: Adding: com.android.server.compat.config.Change@1e91772
05-31 19:06:50.435   989   989 D CompatConfig: Adding: com.android.server.compat.config.Change@98fe7c3
05-31 19:06:50.435   989   989 D CompatConfig: Adding: com.android.server.compat.config.Change@eb54840
05-31 19:06:50.435   989   989 D CompatConfig: Adding: com.android.server.compat.config.Change@b37379
05-31 19:06:50.435   989   989 D CompatConfig: Adding: com.android.server.compat.config.Change@22d38be
05-31 19:06:50.435   989   989 D CompatConfig: Adding: com.android.server.compat.config.Change@c6a86c
05-31 19:06:50.435   989   989 D CompatConfig: Adding: com.android.server.compat.config.Change@b6ece35
05-31 19:06:50.435   989  1013 I SystemConfig: Reading permissions from /system/etc/permissions/android.software.nfc.beam.xml
05-31 19:06:50.435   989   989 D CompatConfig: Adding: com.android.server.compat.config.Change@30022ca
05-31 19:06:50.435   989   989 D CompatConfig: Adding: com.android.server.compat.config.Change@3e48c3b
05-31 19:06:50.436   989   989 D CompatConfig: Adding: com.android.server.compat.config.Change@babdf58
05-31 19:06:50.436   989   989 D CompatConfig: Adding: com.android.server.compat.config.Change@c4b18b1
05-31 19:06:50.436   989   989 D CompatConfig: Adding: com.android.server.compat.config.Change@765a196
05-31 19:06:50.436   989   989 D CompatConfig: Adding: com.android.server.compat.config.Change@d85b117
05-31 19:06:50.436   989   989 D CompatConfig: Adding: com.android.server.compat.config.Change@cab9904
05-31 19:06:50.436   989   989 D CompatConfig: Adding: com.android.server.compat.config.Change@ac78eed
05-31 19:06:50.436   989   989 D CompatConfig: Adding: com.android.server.compat.config.Change@cd24122
05-31 19:06:50.436   989   989 D CompatConfig: Adding: com.android.server.compat.config.Change@7aa47b3
05-31 19:06:50.436   989   989 D CompatConfig: Adding: com.android.server.compat.config.Change@ccb4170
05-31 19:06:50.436   989   989 D CompatConfig: Adding: com.android.server.compat.config.Change@d1b2ce9
05-31 19:06:50.437   989   989 D CompatConfig: Adding: com.android.server.compat.config.Change@a77ac0f
05-31 19:06:50.437   989   989 D CompatConfig: Adding: com.android.server.compat.config.Change@dfb049c
05-31 19:06:50.437   989  1013 I SystemConfig: Reading permissions from /system/etc/permissions/com.android.documentsui.xml
05-31 19:06:50.437   989   989 D CompatConfig: Adding: com.android.server.compat.config.Change@bf0aea5
05-31 19:06:50.437   989   989 D CompatConfig: Adding: com.android.server.compat.config.Change@34ed27a
05-31 19:06:50.437   989   989 D CompatConfig: Adding: com.android.server.compat.config.Change@10cfa2b
05-31 19:06:50.437   989   989 D CompatConfig: Adding: com.android.server.compat.config.Change@f01ce88
05-31 19:06:50.437   989   989 D CompatConfig: Adding: com.android.server.compat.config.Change@5e29021
05-31 19:06:50.437   989   989 D CompatConfig: Adding: com.android.server.compat.config.Change@3e79c46
05-31 19:06:50.438   989   989 D CompatConfig: Adding: com.android.server.compat.config.Change@f5f0e07
05-31 19:06:50.438   989   989 D CompatConfig: Adding: com.android.server.compat.config.Change@2294b34
05-31 19:06:50.438   989   989 D CompatConfig: Adding: com.android.server.compat.config.Change@eb70d5d
05-31 19:06:50.438   989   989 D CompatConfig: Adding: com.android.server.compat.config.Change@cf136d2
05-31 19:06:50.438   989   989 D CompatConfig: Adding: com.android.server.compat.config.Change@9d483a3
05-31 19:06:50.438   989   989 D CompatConfig: Adding: com.android.server.compat.config.Change@2a9e6a0
05-31 19:06:50.438   989   989 D CompatConfig: Adding: com.android.server.compat.config.Change@65c2259
05-31 19:06:50.438   989   989 D CompatConfig: Adding: com.android.server.compat.config.Change@187ee1e
05-31 19:06:50.438   989   989 D CompatConfig: Adding: com.android.server.compat.config.Change@aa1b6ff
05-31 19:06:50.438   989   989 D CompatConfig: Adding: com.android.server.compat.config.Change@4d6cccc
05-31 19:06:50.439   989   989 D CompatConfig: Adding: com.android.server.compat.config.Change@3a38b15
05-31 19:06:50.439   989   989 D CompatConfig: Adding: com.android.server.compat.config.Change@840ce2a
05-31 19:06:50.439   989   989 D CompatConfig: Adding: com.android.server.compat.config.Change@e4c41b
05-31 19:06:50.439   989   989 D CompatConfig: Adding: com.android.server.compat.config.Change@d09e9b8
05-31 19:06:50.439   989   989 D CompatConfig: Adding: com.android.server.compat.config.Change@ebec391
05-31 19:06:50.439   989  1013 I SystemConfig: Reading permissions from /system/etc/permissions/com.android.location.provider.xml
05-31 19:06:50.440   989   989 D CompatConfig: Found a config file: /system/etc/compatconfig/framework-platform-compat-config.xml
05-31 19:06:50.441   989  1013 I SystemConfig: Reading permissions from /system/etc/permissions/android.test.runner.xml
05-31 19:06:50.443   989  1013 I SystemConfig: Reading permissions from /system/etc/permissions/android.software.webview.xml
05-31 19:06:50.444   989  1013 I SystemConfig: Reading permissions from /system/etc/permissions/com.android.networkstack.xml
05-31 19:06:50.445   989   989 D CompatConfig: Adding: com.android.server.compat.config.Change@1bd9b93
05-31 19:06:50.445   989   989 D CompatConfig: Adding: com.android.server.compat.config.Change@9d437d0
05-31 19:06:50.445   989   989 D CompatConfig: Adding: com.android.server.compat.config.Change@33d53c9
05-31 19:06:50.445   989   989 D CompatConfig: Adding: com.android.server.compat.config.Change@71a1ace
05-31 19:06:50.445   989   989 D CompatConfig: Adding: com.android.server.compat.config.Change@39c5def
05-31 19:06:50.445   989   989 D CompatConfig: Adding: com.android.server.compat.config.Change@40d00fc
05-31 19:06:50.445   989   989 D CompatConfig: Adding: com.android.server.compat.config.Change@ebe6385
05-31 19:06:50.445   989   989 D CompatConfig: Adding: com.android.server.compat.config.Change@74115da
05-31 19:06:50.446   989   989 D CompatConfig: Adding: com.android.server.compat.config.Change@bfaea0b
05-31 19:06:50.446   989   989 D CompatConfig: Adding: com.android.server.compat.config.Change@ca730e8
05-31 19:06:50.446   989   989 D CompatConfig: Adding: com.android.server.compat.config.Change@f86b301
05-31 19:06:50.446   989   989 D CompatConfig: Adding: com.android.server.compat.config.Change@aaab5a6
05-31 19:06:50.446   989   989 D CompatConfig: Adding: com.android.server.compat.config.Change@26c1be7
05-31 19:06:50.446   989   989 D CompatConfig: Adding: com.android.server.compat.config.Change@12a7e3d
05-31 19:06:50.446   989   989 D CompatConfig: Adding: com.android.server.compat.config.Change@1bc8632
05-31 19:06:50.446   989  1013 I SystemConfig: Reading permissions from /system/etc/permissions/com.android.nfc_extras.xml
05-31 19:06:50.446   989   989 D CompatConfig: Adding: com.android.server.compat.config.Change@ad48f83
05-31 19:06:50.446   989   989 D CompatConfig: Adding: com.android.server.compat.config.Change@28d3500
05-31 19:06:50.447   989   989 D CompatConfig: Adding: com.android.server.compat.config.Change@a45c139
05-31 19:06:50.447   989   989 D CompatConfig: Adding: com.android.server.compat.config.Change@ba8d37e
05-31 19:06:50.447   989   989 D CompatConfig: Adding: com.android.server.compat.config.Change@8c6a0df
05-31 19:06:50.447   989   989 D CompatConfig: Adding: com.android.server.compat.config.Change@d10a12c
05-31 19:06:50.447   989   989 D CompatConfig: Adding: com.android.server.compat.config.Change@53837f5
05-31 19:06:50.447   989   989 D CompatConfig: Adding: com.android.server.compat.config.Change@67aa98a
05-31 19:06:50.447   989   989 D CompatConfig: Adding: com.android.server.compat.config.Change@c9e6bfb
05-31 19:06:50.447   989   989 D CompatConfig: Adding: com.android.server.compat.config.Change@37ca418
05-31 19:06:50.447   989   989 D CompatConfig: Adding: com.android.server.compat.config.Change@8a15e71
05-31 19:06:50.447   989   989 D CompatConfig: Adding: com.android.server.compat.config.Change@3e1d456
05-31 19:06:50.448   989   989 D CompatConfig: Adding: com.android.server.compat.config.Change@fa3e9c4
05-31 19:06:50.448   989   989 D CompatConfig: Adding: com.android.server.compat.config.Change@b9c70ad
05-31 19:06:50.448   989  1013 I SystemConfig: Reading permissions from /system/etc/permissions/com.android.mediadrm.signer.xml
05-31 19:06:50.448   989   989 D CompatConfig: Adding: com.android.server.compat.config.Change@ebedfe2
05-31 19:06:50.448   989   989 D CompatConfig: Adding: com.android.server.compat.config.Change@a485f73
05-31 19:06:50.448   989   989 D CompatConfig: Adding: com.android.server.compat.config.Change@3d7de30
05-31 19:06:50.448   989   989 D CompatConfig: Adding: com.android.server.compat.config.Change@1bc6aa9
05-31 19:06:50.448   989   989 D CompatConfig: Adding: com.android.server.compat.config.Change@d6f182e
05-31 19:06:50.448   989   989 D CompatConfig: Adding: com.android.server.compat.config.Change@33f7fcf
05-31 19:06:50.448   989   989 D CompatConfig: Adding: com.android.server.compat.config.Change@414ad5c
05-31 19:06:50.449   989   989 D CompatConfig: Adding: com.android.server.compat.config.Change@ac80865
05-31 19:06:50.449   989   989 D CompatConfig: Adding: com.android.server.compat.config.Change@cd8893a
05-31 19:06:50.449   989   989 D CompatConfig: Adding: com.android.server.compat.config.Change@ede49eb
05-31 19:06:50.449   989   989 D CompatConfig: Adding: com.android.server.compat.config.Change@5ed4348
05-31 19:06:50.449   989   989 D CompatConfig: Adding: com.android.server.compat.config.Change@235c5e1
05-31 19:06:50.449   989   989 D CompatConfig: Adding: com.android.server.compat.config.Change@35ff06
05-31 19:06:50.449   989   989 D CompatConfig: Adding: com.android.server.compat.config.Change@3374bf4
05-31 19:06:50.449   989   989 D CompatConfig: Adding: com.android.server.compat.config.Change@a67df1d
05-31 19:06:50.449   989  1013 I SystemConfig: Reading permissions from /system/etc/permissions/privapp-permissions-aicp.xml
05-31 19:06:50.450   989   989 D CompatConfig: Adding: com.android.server.compat.config.Change@1a30592
05-31 19:06:50.450   989   989 D CompatConfig: Adding: com.android.server.compat.config.Change@f080b63
05-31 19:06:50.450   989   989 D CompatConfig: Adding: com.android.server.compat.config.Change@b773360
05-31 19:06:50.450   989   989 D CompatConfig: Adding: com.android.server.compat.config.Change@fa85019
05-31 19:06:50.450   989   989 D CompatConfig: Adding: com.android.server.compat.config.Change@f67e8de
05-31 19:06:50.450   989   989 D CompatConfig: Adding: com.android.server.compat.config.Change@1e5fabf
05-31 19:06:50.450   989   989 D CompatConfig: Adding: com.android.server.compat.config.Change@c258c
05-31 19:06:50.450   989   989 D CompatConfig: Adding: com.android.server.compat.config.Change@ee4d4d5
05-31 19:06:50.450   989   989 D CompatConfig: Adding: com.android.server.compat.config.Change@205b4ea
05-31 19:06:50.451   989   989 D CompatConfig: Adding: com.android.server.compat.config.Change@8983db
05-31 19:06:50.451   989   989 D CompatConfig: Adding: com.android.server.compat.config.Change@71c0e78
05-31 19:06:50.451   989   989 D CompatConfig: Adding: com.android.server.compat.config.Change@c2ae951
05-31 19:06:50.451   989   989 D CompatConfig: Adding: com.android.server.compat.config.Change@70235b6
05-31 19:06:50.451   989   989 D CompatConfig: Adding: com.android.server.compat.config.Change@91282b7
05-31 19:06:50.451   989   989 D CompatConfig: Adding: com.android.server.compat.config.Change@13f9a24
05-31 19:06:50.451   989   989 D CompatConfig: Adding: com.android.server.compat.config.Change@4e3c98d
05-31 19:06:50.451   989   989 D CompatConfig: Adding: com.android.server.compat.config.Change@c73f742
05-31 19:06:50.451   989   989 D CompatConfig: Adding: com.android.server.compat.config.Change@1c29353
05-31 19:06:50.452   989   989 D CompatConfig: Adding: com.android.server.compat.config.Change@dee3490
05-31 19:06:50.452   989  1013 I SystemConfig: Reading permissions from /system/etc/permissions/android.test.mock.xml
05-31 19:06:50.453   989   989 D CompatConfig: Found a config file: /system/system_ext/etc/compatconfig/settings-platform-compat-config.xml
05-31 19:06:50.454   989  1013 I SystemConfig: Reading permissions from /system/etc/permissions/android.test.base.xml
05-31 19:06:50.455   989   989 D CompatConfig: Adding: com.android.server.compat.config.Change@aaa09bc
05-31 19:06:50.455   989  1013 I SystemConfig: Reading permissions from /system/etc/permissions/privapp-permissions-platform.xml
05-31 19:06:50.461   989   989 D CompatConfig: No directory /apex/com.android.wifi/etc/compatconfig, skipping
05-31 19:06:50.461   989   989 D CompatConfig: No directory /apex/com.android.tzdata/etc/compatconfig, skipping
05-31 19:06:50.462   989   989 D CompatConfig: No directory /apex/com.android.tethering/etc/compatconfig, skipping
05-31 19:06:50.462   989   989 D CompatConfig: No directory /apex/com.android.sdkext/etc/compatconfig, skipping
05-31 19:06:50.462   989   989 D CompatConfig: No directory /apex/com.android.scheduling/etc/compatconfig, skipping
05-31 19:06:50.463   989   989 D CompatConfig: No directory /apex/com.android.runtime/etc/compatconfig, skipping
05-31 19:06:50.463   989   989 D CompatConfig: No directory /apex/com.android.resolv/etc/compatconfig, skipping
05-31 19:06:50.464   989   989 D CompatConfig: No directory /apex/com.android.permission/etc/compatconfig, skipping
05-31 19:06:50.464   989   989 D CompatConfig: No directory /apex/com.android.os.statsd/etc/compatconfig, skipping
05-31 19:06:50.464   989   989 D CompatConfig: No directory /apex/com.android.neuralnetworks/etc/compatconfig, skipping
05-31 19:06:50.465   989   989 D CompatConfig: Found a config file: /apex/com.android.mediaprovider/etc/compatconfig/media-provider-platform-compat-config.xml
05-31 19:06:50.467   989   989 D CompatConfig: Adding: com.android.server.compat.config.Change@12f19cb
05-31 19:06:50.467   989   989 D CompatConfig: Adding: com.android.server.compat.config.Change@8ec05a8
05-31 19:06:50.467   989   989 D CompatConfig: Adding: com.android.server.compat.config.Change@e27c8c1
05-31 19:06:50.468   989   989 D CompatConfig: Adding: com.android.server.compat.config.Change@c617866
05-31 19:06:50.468   989   989 D CompatConfig: Adding: com.android.server.compat.config.Change@d1387a7
05-31 19:06:50.468   989   989 D CompatConfig: Adding: com.android.server.compat.config.Change@6cfd454
05-31 19:06:50.468   989   989 D CompatConfig: Adding: com.android.server.compat.config.Change@6272ffd
05-31 19:06:50.469   989  1013 I SystemConfig: Reading permissions from /system/etc/permissions/lineage-hiddenapi-package-whitelist.xml
05-31 19:06:50.469   989   989 D CompatConfig: No directory /apex/com.android.media.swcodec/etc/compatconfig, skipping
05-31 19:06:50.470   989   989 D CompatConfig: No directory /apex/com.android.media/etc/compatconfig, skipping
05-31 19:06:50.470   989   989 D CompatConfig: No directory /apex/com.android.ipsec/etc/compatconfig, skipping
05-31 19:06:50.470   989   989 D CompatConfig: No directory /apex/com.android.i18n/etc/compatconfig, skipping
05-31 19:06:50.470   989   989 D CompatConfig: No directory /apex/com.android.extservices/etc/compatconfig, skipping
05-31 19:06:50.472   989  1013 I SystemConfig: Reading permissions from /system/etc/permissions/org.apache.http.legacy.xml
05-31 19:06:50.472   989   989 D CompatConfig: No directory /apex/com.android.conscrypt/etc/compatconfig, skipping
05-31 19:06:50.473   989   989 D CompatConfig: No directory /apex/com.android.cellbroadcast/etc/compatconfig, skipping
05-31 19:06:50.473   989  1013 I SystemConfig: Reading permissions from /system/etc/permissions/com.android.networkstack.tethering.xml
05-31 19:06:50.474   989   989 D CompatConfig: Found a config file: /apex/com.android.art/etc/compatconfig/libcore-platform-compat-config.xml
05-31 19:06:50.475   989   989 D CompatConfig: Adding: com.android.server.compat.config.Change@79d2e3e
05-31 19:06:50.475   989   989 D CompatConfig: Adding: com.android.server.compat.config.Change@6159ec
05-31 19:06:50.475   989  1013 I SystemConfig: Reading permissions from /system/etc/permissions/android.software.live_wallpaper.xml
05-31 19:06:50.475   989   989 D CompatConfig: Adding: com.android.server.compat.config.Change@b6161b5
05-31 19:06:50.476   989   989 D CompatConfig: Adding: com.android.server.compat.config.Change@b39f04a
05-31 19:06:50.476   989   989 D CompatConfig: Adding: com.android.server.compat.config.Change@21e0bbb
05-31 19:06:50.477   989   989 D CompatConfig: No directory /apex/com.android.appsearch/etc/compatconfig, skipping
05-31 19:06:50.477   989  1013 I SystemConfig: Reading permissions from /system/etc/permissions/javax.obex.xml
05-31 19:06:50.477   989   989 D CompatConfig: No directory /apex/com.android.adbd/etc/compatconfig, skipping
05-31 19:06:50.478   989  1013 I SystemConfig: Reading permissions from /system/etc/permissions/com.android.media.remotedisplay.xml
05-31 19:06:50.480   989  1013 I SystemConfig: Reading permissions from /system/etc/permissions/platform.xml
05-31 19:06:50.484   989   989 D SystemServerTiming: PlatformCompat took to complete: 66ms
05-31 19:06:50.484   989   989 I SystemServerTiming: StartFileIntegrityService
05-31 19:06:50.484   989   989 I SystemServiceManager: Starting com.android.server.security.FileIntegrityService
05-31 19:06:50.488   989  1013 I SystemConfig: Reading permissions from /vendor/etc/permissions/android.hardware.touchscreen.multitouch.jazzhand.xml
05-31 19:06:50.489   989  1013 I SystemConfig: Reading permissions from /vendor/etc/permissions/android.hardware.camera.flash-autofocus.xml
05-31 19:06:50.492   989  1013 I SystemConfig: Reading permissions from /vendor/etc/permissions/com.android.nfc_extras.xml
05-31 19:06:50.493   989  1013 I SystemConfig: Reading permissions from /vendor/etc/permissions/android.hardware.sensor.accelerometer.xml
05-31 19:06:50.495   989  1013 I SystemConfig: Reading permissions from /vendor/etc/permissions/com.htc.htcadaptivesound_c.xml
05-31 19:06:50.497   989  1013 I SystemConfig: Reading permissions from /vendor/etc/permissions/android.hardware.usb.accessory.xml
05-31 19:06:50.499   989  1013 I SystemConfig: Reading permissions from /vendor/etc/permissions/android.hardware.sensor.proximity.xml
05-31 19:06:50.500   989   989 D SystemServerTiming: StartFileIntegrityService took to complete: 16ms
05-31 19:06:50.500   989   989 I SystemServerTiming: StartInstaller
05-31 19:06:50.500   989   989 I SystemServiceManager: Starting com.android.server.pm.Installer
05-31 19:06:50.501   989  1013 I SystemConfig: Reading permissions from /vendor/etc/permissions/android.hardware.nfc.hcef.xml
05-31 19:06:50.503   989  1013 I SystemConfig: Reading permissions from /vendor/etc/permissions/android.hardware.nfc.hce.xml
05-31 19:06:50.505   989  1013 I SystemConfig: Reading permissions from /vendor/etc/permissions/handheld_core_hardware.xml
05-31 19:06:50.508   989  1013 I SystemConfig: Reading permissions from /vendor/etc/permissions/android.hardware.vulkan.version.xml
05-31 19:06:50.509   989  1013 I SystemConfig: Reading permissions from /vendor/etc/permissions/android.hardware.sensor.stepdetector.xml
05-31 19:06:50.512   989  1013 I SystemConfig: Reading permissions from /vendor/etc/permissions/android.software.sip.voip.xml
05-31 19:06:50.513   989  1013 I SystemConfig: Reading permissions from /vendor/etc/permissions/android.hardware.usb.host.xml
05-31 19:06:50.515   989  1013 I SystemConfig: Reading permissions from /vendor/etc/permissions/com.htc.sensor.sensorhub.xml
05-31 19:06:50.516   989   989 D SystemServerTiming: StartInstaller took to complete: 15ms
05-31 19:06:50.516   989  1013 I SystemConfig: Reading permissions from /vendor/etc/permissions/android.hardware.consumerir.xml
05-31 19:06:50.516   989   989 I SystemServerTiming: DeviceIdentifiersPolicyService
05-31 19:06:50.516   989   989 I SystemServiceManager: Starting com.android.server.os.DeviceIdentifiersPolicyService
05-31 19:06:50.518   989  1013 I SystemConfig: Reading permissions from /vendor/etc/permissions/android.hardware.sensor.light.xml
05-31 19:06:50.518   989   989 D SystemServerTiming: DeviceIdentifiersPolicyService took to complete: 2ms
05-31 19:06:50.519   989   989 I SystemServerTiming: UriGrantsManagerService
05-31 19:06:50.519   989   989 I SystemServiceManager: Starting com.android.server.uri.UriGrantsManagerService$Lifecycle
05-31 19:06:50.519   989  1013 I SystemConfig: Reading permissions from /vendor/etc/permissions/android.hardware.camera.raw.xml
05-31 19:06:50.521   989  1013 I SystemConfig: Reading permissions from /vendor/etc/permissions/android.hardware.location.gps.xml
05-31 19:06:50.522   989   989 D SystemServerTiming: UriGrantsManagerService took to complete: 3ms
05-31 19:06:50.522   989   989 I SystemServerTiming: StartPowerStatsService
05-31 19:06:50.522   989   989 I SystemServiceManager: Starting com.android.server.powerstats.PowerStatsService
05-31 19:06:50.523   989  1013 I SystemConfig: Reading permissions from /vendor/etc/permissions/android.hardware.telephony.gsm.xml
05-31 19:06:50.525   989  1013 I SystemConfig: Reading permissions from /vendor/etc/permissions/android.hardware.vulkan.level.xml
05-31 19:06:50.527   989  1013 I SystemConfig: Reading permissions from /vendor/etc/permissions/android.hardware.wifi.xml
05-31 19:06:50.528   989  1013 I SystemConfig: Reading permissions from /vendor/etc/permissions/android.hardware.camera.front.xml
05-31 19:06:50.543     0     0 I         : c47 1684956534 binder: 989:989 ioctl 40046210 7fc4d55d54 returned -22
05-31 19:06:50.530   989  1013 I SystemConfig: Reading permissions from /vendor/etc/permissions/android.hardware.sensor.gyroscope.xml
05-31 19:06:50.532   989   989 D SystemServerTiming: StartPowerStatsService took to complete: 9ms
05-31 19:06:50.532   989  1013 I SystemConfig: Reading permissions from /vendor/etc/permissions/android.hardware.telephony.cdma.xml
05-31 19:06:50.532   989   989 I SystemServerTiming: StartIStatsService
05-31 19:06:50.534   989  1013 I SystemConfig: Reading permissions from /vendor/etc/permissions/android.hardware.bluetooth_le.xml
05-31 19:06:50.536   989  1013 I SystemConfig: Reading permissions from /vendor/etc/permissions/com.nxp.mifare.xml
05-31 19:06:50.537   989  1013 I SystemConfig: Reading permissions from /vendor/etc/permissions/android.hardware.camera.full.xml
05-31 19:06:50.539   989  1013 I SystemConfig: Reading permissions from /vendor/etc/permissions/android.hardware.nfc.xml
05-31 19:06:50.540   989   989 D SystemServerTiming: StartIStatsService took to complete: 8ms
05-31 19:06:50.541   989   989 I SystemServerTiming: MemtrackProxyService
05-31 19:06:50.541   989  1013 I SystemConfig: Reading permissions from /vendor/etc/permissions/android.hardware.sensor.stepcounter.xml
05-31 19:06:50.543   989  1013 I SystemConfig: Reading permissions from /vendor/etc/permissions/com.htc.sensor.autocalibration.xml
05-31 19:06:50.544   989  1013 I SystemConfig: Reading permissions from /vendor/etc/permissions/android.hardware.opengles.aep.xml
05-31 19:06:50.546   989  1013 I SystemConfig: Reading permissions from /vendor/etc/permissions/android.hardware.wifi.direct.xml
05-31 19:06:50.547   989   989 D SystemServerTiming: MemtrackProxyService took to complete: 6ms
05-31 19:06:50.547   989   989 I SystemServerTiming: StartActivityManager
05-31 19:06:50.547   989   989 I SystemServiceManager: Starting com.android.server.wm.ActivityTaskManagerService$Lifecycle
05-31 19:06:50.548   989  1013 I SystemConfig: Reading permissions from /vendor/etc/permissions/privapp-permissions-gesturehandler.xml
05-31 19:06:50.550   989  1013 I SystemConfig: Reading permissions from /vendor/etc/permissions/com.htc.voicedictation_c.xml
05-31 19:06:50.552   989  1013 I SystemConfig: Reading permissions from /vendor/etc/permissions/android.hardware.audio.low_latency.xml
05-31 19:06:50.553   989  1013 I SystemConfig: Reading permissions from /vendor/etc/permissions/com.htc.software.market.xml
05-31 19:06:50.555   989   989 I SystemServiceManager: Starting com.android.server.am.ActivityManagerService$Lifecycle
05-31 19:06:50.557   989  1013 I SystemConfig: Reading permissions from /product/etc/sysconfig/preinstalled-packages-platform-handheld-product.xml
05-31 19:06:50.559   989  1013 I SystemConfig: Reading permissions from /product/etc/sysconfig/com.android.deskclock_whitelist.xml
05-31 19:06:50.561   989   989 I ActivityManager: Memory class: 192
05-31 19:06:50.561   989  1013 I SystemConfig: Reading permissions from /product/etc/sysconfig/com.android.messaging_whitelist.xml
05-31 19:06:50.563   989  1013 I SystemConfig: Reading permissions from /product/etc/sysconfig/preinstalled-packages-platform-overlays.xml
05-31 19:06:50.564   989  1016 I Binder  : Setting heavy hitter watcher config: false, 0, 0.0
05-31 19:06:50.568   989  1013 I SystemConfig: Reading permissions from /product/etc/permissions/com.android.contacts.xml
05-31 19:06:50.570   989  1013 I SystemConfig: Reading permissions from /product/etc/permissions/com.android.imsserviceentitlement.xml
05-31 19:06:50.573   989  1013 I SystemConfig: Reading permissions from /product/etc/permissions/privapp-permissions-aicp.xml
05-31 19:06:50.576   989  1013 I SystemConfig: Reading permissions from /product/etc/permissions/privapp-permissions-livedisplay.xml
05-31 19:06:50.578   989  1013 I SystemConfig: Reading permissions from /product/etc/permissions/privapp_whitelist_com.android.dialer-ext.xml
05-31 19:06:50.580   989  1013 I SystemConfig: Reading permissions from /product/etc/permissions/com.android.dialer.xml
05-31 19:06:50.582   989  1013 I SystemConfig: Reading permissions from /product/etc/permissions/com.android.settings.intelligence.xml
05-31 19:06:50.584   989  1013 W SystemConfig: No directory /system_ext/etc/sysconfig, skipping
05-31 19:06:50.585   989  1013 I SystemConfig: Reading permissions from /system_ext/etc/permissions/com.android.provision.xml
05-31 19:06:50.587   989  1013 I SystemConfig: Reading permissions from /system_ext/etc/permissions/com.android.emergency.xml
05-31 19:06:50.589   989  1013 I SystemConfig: Reading permissions from /system_ext/etc/permissions/com.android.carrierconfig.xml
05-31 19:06:50.592   989  1013 I SystemConfig: Reading permissions from /system_ext/etc/permissions/privapp_whitelist_com.aicp.extras-ext.xml
05-31 19:06:50.594   989  1013 I SystemConfig: Reading permissions from /system_ext/etc/permissions/com.android.settings.xml
05-31 19:06:50.596   989  1013 I SystemConfig: Reading permissions from /system_ext/etc/permissions/privapp-permissions-aicp.xml
05-31 19:06:50.598   989  1013 I SystemConfig: Reading permissions from /system_ext/etc/permissions/privapp_whitelist_com.android.wallpaper.xml
05-31 19:06:50.601   989  1013 I SystemConfig: Reading permissions from /system_ext/etc/permissions/com.android.launcher3.xml
05-31 19:06:50.603   989  1013 I SystemConfig: Reading permissions from /system_ext/etc/permissions/privapp_whitelist_org.lineageos.snap.xml
05-31 19:06:50.605   989  1013 I SystemConfig: Reading permissions from /system_ext/etc/permissions/privapp_whitelist_org.omnirom.omnijaws-ext.xml
05-31 19:06:50.607   989  1013 I SystemConfig: Reading permissions from /system_ext/etc/permissions/com.android.storagemanager.xml
05-31 19:06:50.609   989  1013 I SystemConfig: Reading permissions from /system_ext/etc/permissions/com.android.systemui.xml
05-31 19:06:50.615   989  1013 I SystemConfig: Reading permissions from /apex/com.android.ipsec/etc/permissions/android.net.ipsec.ike.xml
05-31 19:06:50.619   989  1013 D SystemConfig: readAllPermissions took to complete: 200ms
05-31 19:06:50.619   989  1013 D SystemServerInitThreadPool: Finished executing ReadingSystemConfig
05-31 19:06:50.619   989  1013 D SystemServerTimingAsync: InitThreadPoolExec:ReadingSystemConfig took to complete: 202ms
05-31 19:06:50.650   989   989 W PowerProfile: screen.on is deprecated! Use screen.on.display0 instead.
05-31 19:06:50.651   989   989 W PowerProfile: screen.full is deprecated! Use screen.full.display0 instead.
05-31 19:06:50.652   989   989 E KernelSingleProcCpuThreadRdr: Failed to start tracking process CPU times for 989
05-31 19:06:50.654   989   989 D BatteryStatsImpl: Reading daily items from /data/system/batterystats-daily.xml
05-31 19:06:50.685   989  1022 I KernelCpuUidFreqTimeReader: mPerClusterTimesAvailable=false
05-31 19:06:50.689   989  1022 W KernelCpuUidFreqTimeBpfMapReader: Failed to start tracking
05-31 19:06:50.692   989  1022 W KernelCpuUidActiveTimeBpfMapReader: Failed to start tracking
05-31 19:06:50.693   989  1022 W KernelCpuProcStringReader: File not found. It's normal if not implemented: /proc/uid_concurrent_active_time
05-31 19:06:50.694   989  1022 W KernelCpuUidClusterTimeBpfMapReader: Failed to start tracking
05-31 19:06:50.694   989  1022 W KernelCpuProcStringReader: File not found. It's normal if not implemented: /proc/uid_concurrent_policy_time
05-31 19:06:50.695   989  1022 E KernelCpuSpeedReader: Failed to read cpu-freq: /sys/devices/system/cpu/cpu4/cpufreq/stats/time_in_state: open failed: ENOENT (No such file or directory)
05-31 19:06:50.709   989  1022 W KernelMemoryBandwidthStats: No kernel memory bandwidth stats available
05-31 19:06:50.950   989   989 I IntentFirewall: Read new rules (A:0 B:0 S:0)
05-31 19:06:50.965   989   989 D AppOps  : AppOpsService published
05-31 19:06:50.968   989   989 D SystemServerTiming: StartActivityManager took to complete: 421ms
05-31 19:06:50.968   989   989 I SystemServerTiming: StartDataLoaderManagerService
05-31 19:06:50.968   989   989 I SystemServiceManager: Starting com.android.server.pm.DataLoaderManagerService
05-31 19:06:50.971   989   989 D SystemServerTiming: StartDataLoaderManagerService took to complete: 3ms
05-31 19:06:50.972   989   989 I SystemServerTiming: StartIncrementalService
05-31 19:06:50.972   989   989 D SystemServerTiming: StartIncrementalService took to complete: 0ms
05-31 19:06:50.972   989   989 I SystemServerTiming: StartPowerManager
05-31 19:06:50.972   989   989 I SystemServiceManager: Starting com.android.server.power.PowerManagerService
05-31 19:06:51.010   989   989 D SystemServerTiming: StartPowerManager took to complete: 39ms
05-31 19:06:51.011   989   989 I SystemServerTiming: StartThermalManager
05-31 19:06:51.011   989   989 I SystemServiceManager: Starting com.android.server.power.ThermalManagerService
05-31 19:06:51.014   989   989 D SystemServerTiming: StartThermalManager took to complete: 2ms
05-31 19:06:51.014   989   989 I SystemServerTiming: StartHintManager
05-31 19:06:51.014   989   989 I SystemServiceManager: Starting com.android.server.power.hint.HintManagerService
05-31 19:06:51.017   989   989 D SystemServerTiming: StartHintManager took to complete: 4ms
05-31 19:06:51.018   989   989 I SystemServerTiming: InitPowerManagement
05-31 19:06:51.020   989   989 D SystemServerTiming: InitPowerManagement took to complete: 3ms
05-31 19:06:51.020   989   989 I SystemServerTiming: StartRecoverySystemService
05-31 19:06:51.021   989   989 I SystemServiceManager: Starting com.android.server.recoverysystem.RecoverySystemService$Lifecycle
05-31 19:06:51.025   989   989 D SystemServerTiming: StartRecoverySystemService took to complete: 4ms
05-31 19:06:51.026   989   989 I PackageWatchdog: Syncing state, reason: added new observer
05-31 19:06:51.026   989   989 I PackageWatchdog: Not pruning observers, elapsed time: 0ms
05-31 19:06:51.027   989  1015 I PackageWatchdog: Saving observer state to file
05-31 19:06:51.027   989   989 I PackageWatchdog: Cancelling state sync, nothing to sync
05-31 19:06:51.038   989   989 I SystemServerTiming: StartLightsService
05-31 19:06:51.041   989   989 I SystemServiceManager: Starting com.android.server.lights.LightsService
05-31 19:06:51.047   989   989 D SystemServerTiming: StartLightsService took to complete: 9ms
05-31 19:06:51.047   989   989 I SystemServerTiming: StartSidekickService
05-31 19:06:51.048   989   989 D SystemServerTiming: StartSidekickService took to complete: 0ms
05-31 19:06:51.048   989   989 I SystemServerTiming: StartDisplayManager
05-31 19:06:51.048   989   989 I SystemServiceManager: Starting com.android.server.display.DisplayManagerService
05-31 19:06:51.071     0     0 I         : c244  55040 init: Control message: Processed ctl.interface_start for 'android.hardware.gatekeeper@1.0::IGatekeeper/default' from pid: 398 (/system/bin/hwservicemanager)
05-31 19:06:51.074   989   989 D SystemServerTiming: StartDisplayManager took to complete: 26ms
05-31 19:06:51.075   989   989 I SystemServerTiming: WaitForDisplay
05-31 19:06:51.075   989   989 I SystemServiceManager: Starting phase 100
05-31 19:06:51.076   989   989 I SystemServerTiming: OnBootPhase_100
05-31 19:06:51.076   989   989 I SystemServerTiming: OnBootPhase_100_com.android.server.security.FileIntegrityService
05-31 19:06:51.077   989   989 D SystemServerTiming: OnBootPhase_100_com.android.server.security.FileIntegrityService took to complete: 0ms
05-31 19:06:51.077   989   989 I SystemServerTiming: OnBootPhase_100_com.android.server.pm.Installer
05-31 19:06:51.077   989   989 D SystemServerTiming: OnBootPhase_100_com.android.server.pm.Installer took to complete: 0ms
05-31 19:06:51.077   989   989 I SystemServerTiming: OnBootPhase_100_com.android.server.os.DeviceIdentifiersPolicyService
05-31 19:06:51.077   989   989 D SystemServerTiming: OnBootPhase_100_com.android.server.os.DeviceIdentifiersPolicyService took to complete: 0ms
05-31 19:06:51.077   989   989 I SystemServerTiming: OnBootPhase_100_com.android.server.uri.UriGrantsManagerService$Lifecycle
05-31 19:06:51.077   989   989 D SystemServerTiming: OnBootPhase_100_com.android.server.uri.UriGrantsManagerService$Lifecycle took to complete: 0ms
05-31 19:06:51.077   989   989 I SystemServerTiming: OnBootPhase_100_com.android.server.powerstats.PowerStatsService
05-31 19:06:51.077   989   989 D SystemServerTiming: OnBootPhase_100_com.android.server.powerstats.PowerStatsService took to complete: 0ms
05-31 19:06:51.078   989   989 I SystemServerTiming: OnBootPhase_100_com.android.server.wm.ActivityTaskManagerService$Lifecycle
05-31 19:06:51.078   989   989 D SystemServerTiming: OnBootPhase_100_com.android.server.wm.ActivityTaskManagerService$Lifecycle took to complete: 0ms
05-31 19:06:51.078   989   989 I SystemServerTiming: OnBootPhase_100_com.android.server.am.ActivityManagerService$Lifecycle
05-31 19:06:51.078   989   989 D SystemServerTiming: OnBootPhase_100_com.android.server.am.ActivityManagerService$Lifecycle took to complete: 0ms
05-31 19:06:51.078   989   989 I SystemServerTiming: OnBootPhase_100_com.android.server.pm.DataLoaderManagerService
05-31 19:06:51.078   989   989 D SystemServerTiming: OnBootPhase_100_com.android.server.pm.DataLoaderManagerService took to complete: 1ms
05-31 19:06:51.078   989   989 I SystemServerTiming: OnBootPhase_100_com.android.server.power.PowerManagerService
05-31 19:06:51.078   989   989 D SystemServerTiming: OnBootPhase_100_com.android.server.power.PowerManagerService took to complete: 0ms
05-31 19:06:51.078   989   989 I SystemServerTiming: OnBootPhase_100_com.android.server.power.ThermalManagerService
05-31 19:06:51.078   989   989 D SystemServerTiming: OnBootPhase_100_com.android.server.power.ThermalManagerService took to complete: 0ms
05-31 19:06:51.078   989   989 I SystemServerTiming: OnBootPhase_100_com.android.server.power.hint.HintManagerService
05-31 19:06:51.079   989   989 D SystemServerTiming: OnBootPhase_100_com.android.server.power.hint.HintManagerService took to complete: 0ms
05-31 19:06:51.079   989   989 I SystemServerTiming: OnBootPhase_100_com.android.server.recoverysystem.RecoverySystemService$Lifecycle
05-31 19:06:51.079   989   989 D SystemServerTiming: OnBootPhase_100_com.android.server.recoverysystem.RecoverySystemService$Lifecycle took to complete: 0ms
05-31 19:06:51.079   989   989 I SystemServerTiming: OnBootPhase_100_com.android.server.lights.LightsService
05-31 19:06:51.079   989   989 D SystemServerTiming: OnBootPhase_100_com.android.server.lights.LightsService took to complete: 0ms
05-31 19:06:51.079   989   989 I SystemServerTiming: OnBootPhase_100_com.android.server.display.DisplayManagerService
05-31 19:06:51.085   989  1009 I DisplayDeviceRepository: Display device added: DisplayDeviceInfo{"Built-in Screen": uniqueId="local:0", 1080 x 1920, modeId 1, defaultModeId 1, supportedModes [{id=1, width=1080, height=1920, fps=60.0, alternativeRefreshRates=[]}], colorMode 0, supportedColorModes [0], hdrCapabilities HdrCapabilities{mSupportedHdrTypes=[], mMaxLuminance=500.0, mMaxAverageLuminance=500.0, mMinLuminance=0.0}, allmSupported false, gameContentTypeSupported false, density 420, 442.451 x 443.345 dpi, appVsyncOff 2000000, presDeadline 11666667, touch INTERNAL, rotation 0, type INTERNAL, address {port=0}, deviceProductInfo null, state UNKNOWN, frameRateOverride , brightnessMinimum 0.0, brightnessMaximum 1.0, brightnessDefault 0.39763778, FLAG_DEFAULT_DISPLAY, FLAG_ROTATES_WITH_CONTENT, FLAG_SECURE, FLAG_SUPPORTS_PROTECTED_BUFFERS}
05-31 19:06:51.088   989  1009 I LogicalDisplayMapper: Applying layout: [{addr: {port=0}, dispId: 0(ON)}], Previous layout: null
05-31 19:06:51.100   989  1009 I LogicalDisplayMapper: Adding new display: 0: DisplayInfo{"Built-in Screen", displayId 0", displayGroupId -1, FLAG_SECURE, FLAG_SUPPORTS_PROTECTED_BUFFERS, FLAG_TRUSTED, real 1080 x 1920, largest app 1080 x 1920, smallest app 1080 x 1920, appVsyncOff 2000000, presDeadline 11666667, mode 1, defaultMode 1, modes [{id=1, width=1080, height=1920, fps=60.0, alternativeRefreshRates=[]}], hdrCapabilities HdrCapabilities{mSupportedHdrTypes=[], mMaxLuminance=500.0, mMaxAverageLuminance=500.0, mMinLuminance=0.0}, userDisabledHdrTypes [], minimalPostProcessingSupported false, rotation 0, state UNKNOWN, type INTERNAL, uniqueId "local:0", app 1080 x 1920, density 420 (442.451 x 443.345) dpi, layerStack 0, colorMode 0, supportedColorModes [0], address {port=0}, deviceProductInfo null, removeMode 0, refreshRateOverride 0.0, brightnessMinimum 0.0, brightnessMaximum 1.0, brightnessDefault 0.39763778}
05-31 19:06:51.101   989  1009 I LogicalDisplayMapper: Setting new display group 0 for display 0, from previous group: null
05-31 19:06:51.104   989   989 D SystemServerTiming: OnBootPhase_100_com.android.server.display.DisplayManagerService took to complete: 24ms
05-31 19:06:51.104   989   989 D SystemServerTiming: OnBootPhase_100 took to complete: 29ms
05-31 19:06:51.105   989   989 D SystemServerTiming: WaitForDisplay took to complete: 29ms
05-31 19:06:51.106   989   989 I SystemServerTiming: StartDomainVerificationService
05-31 19:06:51.112   989   989 D SystemServerTiming: StartDomainVerificationService took to complete: 6ms
05-31 19:06:51.112   989   989 I SystemServerTiming: StartPackageManagerService
05-31 19:06:51.112   989   989 I Watchdog: Pausing HandlerChecker: main thread for reason: packagemanagermain. Pause count: 1
05-31 19:06:51.116   989   989 I PackageManagerTiming: create package manager
05-31 19:06:51.122   989   989 I PackageManagerTiming: createSubComponents
05-31 19:06:51.160   989   989 D PackageManagerTiming: createSubComponents took to complete: 38ms
05-31 19:06:51.161   989   989 I PackageManagerTiming: addSharedUsers
05-31 19:06:51.162   989   989 D PackageManagerTiming: addSharedUsers took to complete: 1ms
05-31 19:06:51.165   989   989 I PackageManagerTiming: get system config
05-31 19:06:51.166   989   989 D PackageManagerTiming: get system config took to complete: 0ms
05-31 19:06:51.170   989   989 D PackageManager: Directories scanned as system partitions: [/system:0, /vendor:524288, /odm:4194304, /oem:262144, /system/product:1048576, /system/system_ext:2097152, /apex/com.android.wifi:8388608, /apex/com.android.tzdata:8388608, /apex/com.android.tethering:8388608, /apex/com.android.sdkext:8388608, /apex/com.android.scheduling:8388608, /apex/com.android.runtime:8388608, /apex/com.android.resolv:8388608, /apex/com.android.permission:8388608, /apex/com.android.os.statsd:8388608, /apex/com.android.neuralnetworks:8388608, /apex/com.android.mediaprovider:8388608, /apex/com.android.media.swcodec:8388608, /apex/com.android.media:8388608, /apex/com.android.ipsec:8388608, /apex/com.android.i18n:8388608, /apex/com.android.extservices:8388608, /apex/com.android.conscrypt:8388608, /apex/com.android.cellbroadcast:8388608, /apex/com.android.art:8388608, /apex/com.android.appsearch:8388608, /apex/com.android.adbd:8388608]
05-31 19:06:51.177   989   989 D SELinuxMMAC: Using policy file /system/etc/selinux/plat_mac_permissions.xml
05-31 19:06:51.182   989   989 D SELinuxMMAC: Using policy file /system_ext/etc/selinux/system_ext_mac_permissions.xml
05-31 19:06:51.183   989   989 D SELinuxMMAC: Using policy file /vendor/etc/selinux/vendor_mac_permissions.xml
05-31 19:06:51.186   989   989 I PackageManagerTiming: loadFallbacks
05-31 19:06:51.188   989   989 D PackageManagerTiming: loadFallbacks took to complete: 2ms
05-31 19:06:51.188   989   989 I PackageManagerTiming: read user settings
05-31 19:06:51.447     0     0 I         : c48 1663053867 mmc0 Statistics: read 165972 KB in 810 ms, perf 204822 KB/s, rq 914
05-31 19:06:51.465   989   989 W android.permission.PermissionManager: Missing ActivityManager; assuming 1000 holds android.permission.SET_PREFERRED_APPLICATIONS
05-31 19:06:51.467   989   989 W android.permission.PermissionManager: Missing ActivityManager; assuming 1000 holds android.permission.SET_PREFERRED_APPLICATIONS
05-31 19:06:51.468   989   989 W android.permission.PermissionManager: Missing ActivityManager; assuming 1000 holds android.permission.SET_PREFERRED_APPLICATIONS
05-31 19:06:51.468   989   989 W android.permission.PermissionManager: Missing ActivityManager; assuming 1000 holds android.permission.SET_PREFERRED_APPLICATIONS
05-31 19:06:51.469   989   989 W android.permission.PermissionManager: Missing ActivityManager; assuming 1000 holds android.permission.SET_PREFERRED_APPLICATIONS
05-31 19:06:51.470   989   989 W android.permission.PermissionManager: Missing ActivityManager; assuming 1000 holds android.permission.SET_PREFERRED_APPLICATIONS
05-31 19:06:51.472   989   989 W android.permission.PermissionManager: Missing ActivityManager; assuming 1000 holds android.permission.SET_PREFERRED_APPLICATIONS
05-31 19:06:51.473   989   989 W android.permission.PermissionManager: Missing ActivityManager; assuming 1000 holds android.permission.SET_PREFERRED_APPLICATIONS
05-31 19:06:51.475   989   989 W android.permission.PermissionManager: Missing ActivityManager; assuming 1000 holds android.permission.SET_PREFERRED_APPLICATIONS
05-31 19:06:51.476   989   989 W android.permission.PermissionManager: Missing ActivityManager; assuming 1000 holds android.permission.SET_PREFERRED_APPLICATIONS
05-31 19:06:51.477   989   989 W android.permission.PermissionManager: Missing ActivityManager; assuming 1000 holds android.permission.SET_PREFERRED_APPLICATIONS
05-31 19:06:51.478   989   989 W android.permission.PermissionManager: Missing ActivityManager; assuming 1000 holds android.permission.SET_PREFERRED_APPLICATIONS
05-31 19:06:51.479   989   989 W android.permission.PermissionManager: Missing ActivityManager; assuming 1000 holds android.permission.SET_PREFERRED_APPLICATIONS
05-31 19:06:51.480   989   989 W android.permission.PermissionManager: Missing ActivityManager; assuming 1000 holds android.permission.SET_PREFERRED_APPLICATIONS
05-31 19:06:51.481   989   989 W android.permission.PermissionManager: Missing ActivityManager; assuming 1000 holds android.permission.SET_PREFERRED_APPLICATIONS
05-31 19:06:51.482   989   989 W android.permission.PermissionManager: Missing ActivityManager; assuming 1000 holds android.permission.SET_PREFERRED_APPLICATIONS
05-31 19:06:51.484   989   989 W android.permission.PermissionManager: Missing ActivityManager; assuming 1000 holds android.permission.SET_PREFERRED_APPLICATIONS
05-31 19:06:51.485   989   989 W android.permission.PermissionManager: Missing ActivityManager; assuming 1000 holds android.permission.SET_PREFERRED_APPLICATIONS
05-31 19:06:51.486   989   989 W android.permission.PermissionManager: Missing ActivityManager; assuming 1000 holds android.permission.SET_PREFERRED_APPLICATIONS
05-31 19:06:51.487   989   989 W android.permission.PermissionManager: Missing ActivityManager; assuming 1000 holds android.permission.SET_PREFERRED_APPLICATIONS
05-31 19:06:51.487   989   989 W android.permission.PermissionManager: Missing ActivityManager; assuming 1000 holds android.permission.SET_PREFERRED_APPLICATIONS
05-31 19:06:51.488   989   989 W android.permission.PermissionManager: Missing ActivityManager; assuming 1000 holds android.permission.SET_PREFERRED_APPLICATIONS
05-31 19:06:51.489   989   989 W android.permission.PermissionManager: Missing ActivityManager; assuming 1000 holds android.permission.SET_PREFERRED_APPLICATIONS
05-31 19:06:51.490   989   989 W android.permission.PermissionManager: Missing ActivityManager; assuming 1000 holds android.permission.SET_PREFERRED_APPLICATIONS
05-31 19:06:51.492   989   989 W android.permission.PermissionManager: Missing ActivityManager; assuming 1000 holds android.permission.SET_PREFERRED_APPLICATIONS
05-31 19:06:51.493   989   989 W android.permission.PermissionManager: Missing ActivityManager; assuming 1000 holds android.permission.SET_PREFERRED_APPLICATIONS
05-31 19:06:51.494   989   989 W android.permission.PermissionManager: Missing ActivityManager; assuming 1000 holds android.permission.SET_PREFERRED_APPLICATIONS
05-31 19:06:51.495   989   989 W android.permission.PermissionManager: Missing ActivityManager; assuming 1000 holds android.permission.SET_PREFERRED_APPLICATIONS
05-31 19:06:51.496   989   989 W android.permission.PermissionManager: Missing ActivityManager; assuming 1000 holds android.permission.SET_PREFERRED_APPLICATIONS
05-31 19:06:51.497   989   989 W android.permission.PermissionManager: Missing ActivityManager; assuming 1000 holds android.permission.SET_PREFERRED_APPLICATIONS
05-31 19:06:51.498   989   989 W android.permission.PermissionManager: Missing ActivityManager; assuming 1000 holds android.permission.SET_PREFERRED_APPLICATIONS
05-31 19:06:51.499   989   989 W android.permission.PermissionManager: Missing ActivityManager; assuming 1000 holds android.permission.SET_PREFERRED_APPLICATIONS
05-31 19:06:51.501   989   989 W android.permission.PermissionManager: Missing ActivityManager; assuming 1000 holds android.permission.SET_PREFERRED_APPLICATIONS
05-31 19:06:51.502   989   989 W android.permission.PermissionManager: Missing ActivityManager; assuming 1000 holds android.permission.SET_PREFERRED_APPLICATIONS
05-31 19:06:51.503   989   989 W android.permission.PermissionManager: Missing ActivityManager; assuming 1000 holds android.permission.SET_PREFERRED_APPLICATIONS
