05-31 19:06:41.480     0     0 I         : c110 1630499945 init: Created socket '/dev/socket/thermal-recv-passive-client', mode 660, user 1000, group 1000
05-31 19:06:41.482     0     0 E         : c104 2003071585 libprocessgroup: Failed to make and chown /sys/fs/cgroup/uid_0: No such file or directory
05-31 19:06:41.482     0     0 E         : c116 1801675122 init: createProcessGroup(0, 681) failed for service 'vendor.thermal-engine': No such file or directory
05-31 19:06:41.486     0     0 I         : c1 1744830464 init: starting service 'cameraserver'...
05-31 19:06:41.489     0     0 E         : c104 2003071585 msm_hsl_power_cir: Error setting UART clock rate to 115200
05-31 19:06:41.489     0     0 I         : c116 1852387171 msm_hsl_startup_cir: [CIR] msm_hsl_startup_cir () :port->line 2, ir
05-31 19:06:41.489     0     0 I         : c103 1818846752 msm_serial_hsl_has_gsbi: [CIR] msm_serial_hsl_has_gsbi: cir uart port[2] uart_type=0
05-31 19:06:41.489     0     0 I         : c103 1818846752 msm_hsl_set_baud_rate: [CIR] msm_hsl_set_baud_rate ()baud 9600:port->line 2, ir
05-31 19:06:41.489     0     0 I         : c103 1818846752 msm_hsl_set_termios_cir: [CIR] msm_hsl_set_termios_cir: cir MR is 0x30
05-31 19:06:41.489     0     0 I         : c58 1918980128 msm_hsl_set_termios_cir: [CIR] msm_hsl_set_termios_cir: cir baud is 9600
05-31 19:06:41.489     0     0 I         : c114 1768518753 msm_hsl_set_baud_rate: [CIR] msm_hsl_set_baud_rate ()baud 115200:port->line 2, ir
05-31 19:06:41.489     0     0 I         : c105 980707694 msm_hsl_set_termios_cir: [CIR] msm_hsl_set_termios_cir: cir MR is 0x30
05-31 19:06:41.489     0     0 I         : c202 794655471 msm_hsl_set_termios_cir: [CIR] msm_hsl_set_termios_cir: cir baud is 115200
05-31 19:06:41.489     0     0 I         : c202 6126319 wait_for_xmitr: [CIR] wait_for_xmitr ():port->line 2, ir
05-31 19:06:41.491     0     0 E         : c88  14592 libprocessgroup: Failed to make and chown /sys/fs/cgroup/uid_1047: No such file or directory
05-31 19:06:41.491     0     0 E         : c103 1818846752 init: createProcessGroup(1047, 682) failed for service 'cameraserver': No such file or directory
05-31 19:06:41.492     0     0 I         : c116 2003333990 init: starting service 'idmap2d'...
05-31 19:06:41.487   674   674 I irsc_util: Num of entries:283
05-31 19:06:41.488   674   674 I irsc_util: Ending irsc tool
05-31 19:06:41.498     0     0 E         : c58 1918980128 libprocessgroup: Failed to make and chown /sys/fs/cgroup/uid_1000: No such file or directory
05-31 19:06:41.498     0     0 E         : c110 1982821481 init: createProcessGroup(1000, 683) failed for service 'idmap2d': No such file or directory
05-31 19:06:41.499     0     0 I         : c105 980707694 wait_for_xmitr: [CIR] wait_for_xmitr ():port->line 2, ir
05-31 19:06:41.500     0     0 I         : c101 1919906915 init: starting service 'incidentd'...
05-31 19:06:41.504     0     0 I         : c105 779381102 'opened /dev/adsprpc-smd c 220 0'
05-31 19:06:41.505     0     0 I         : c102 543517801 msm_hsl_startup_cir: [CIR] msm_hsl_startup_cir () :port->line 2, ir
05-31 19:06:41.505     0     0 I         : c105 980707694 msm_serial_hsl_has_gsbi: [CIR] msm_serial_hsl_has_gsbi: cir uart port[2] uart_type=0
05-31 19:06:41.505     0     0 I         : c108 1948279909 msm_hsl_set_baud_rate: [CIR] msm_hsl_set_baud_rate ()baud 115200:port->line 2, ir
05-31 19:06:41.505     0     0 I         : c32 1768647778 msm_hsl_set_termios_cir: [CIR] msm_hsl_set_termios_cir: cir MR is 0x30
05-31 19:06:41.505     0     0 I         : c32 1769366884 msm_hsl_set_termios_cir: [CIR] msm_hsl_set_termios_cir: cir baud is 115200
05-31 19:06:41.505     0     0 I         : c156  32256 wait_for_xmitr: [CIR] wait_for_xmitr ():port->line 2, ir
05-31 19:06:41.506     0     0 E         : c96  17152 libprocessgroup: Failed to make and chown /sys/fs/cgroup/uid_1067: No such file or directory
05-31 19:06:41.506     0     0 E         : c114 1936024431 init: createProcessGroup(1067, 685) failed for service 'incidentd': No such file or directory
05-31 19:06:41.507     0     0 E         : c116 1702043759 init: failed to write pid to files: couldn't write 682 to /dev/stune/top-app/tasks: No such file or directory
05-31 19:06:41.517     0     0 I         : c0 1207959552 msm_hsl_startup_cir: [CIR] msm_hsl_startup_cir () :port->line 2, ir
05-31 19:06:41.517     0     0 I         : c202 1717402351 msm_serial_hsl_has_gsbi: [CIR] msm_serial_hsl_has_gsbi: cir uart port[2] uart_type=0
05-31 19:06:41.517     0     0 I         : c110 1769484331 msm_hsl_set_baud_rate: [CIR] msm_hsl_set_baud_rate ()baud 115200:port->line 2, ir
05-31 19:06:41.517     0     0 I         : c114 1713383720 msm_hsl_set_termios_cir: [CIR] msm_hsl_set_termios_cir: cir MR is 0x30
05-31 19:06:41.517     0     0 I         : c101 543384952 msm_hsl_set_termios_cir: [CIR] msm_hsl_set_termios_cir: cir baud is 115200
05-31 19:06:41.517     0     0 I         : c101 1818584159 wait_for_xmitr: [CIR] wait_for_xmitr ():port->line 2, ir
05-31 19:06:41.522     0     0 I         : c100 1667592809 init: starting service 'installd'...
05-31 19:06:41.529     0     0 I         : c40 857746480 wait_for_xmitr: [CIR] wait_for_xmitr ():port->line 2, ir
05-31 19:06:41.540     0     0 E         : c110 1668441451 libprocessgroup: Failed to make and chown /sys/fs/cgroup/uid_0: No such file or directory
05-31 19:06:41.540     0     0 E         : c98 1647275625 init: createProcessGroup(0, 687) failed for service 'installd': No such file or directory
05-31 19:06:41.543     0     0 I         : c46 2399141888 read descriptors
05-31 19:06:41.543     0     0 I         : c101 2019895072 read descriptors
05-31 19:06:41.543     0     0 I         : c103 1949117728 read strings
05-31 19:06:41.543     0     0 I         : c100 859321120 [USB]ffs_ep0_write:line#482, ret of __ffs_data_got_strings=0
05-31 19:06:41.543     0     0 I         : c105 980707694 [USB]ffs_ep0_write:line#487, ret of ffs_epfiles_create=0
05-31 19:06:41.543     0     0 I         : c101 1815027828 [USB]functionfs_bind:line#1543
05-31 19:06:41.543     0     0 I         : c1 1677721600 [USB]functionfs_bind:line#1574,set ffs->gadget
05-31 19:06:41.543     0     0 I         : c117 807429225 [USB] android_enable: android_enable: disable_depth 2 -> 1
05-31 19:06:41.543     0     0 I         : c1 2013265920 [USB] android_enable: android_enable: disable_depth 1 -> 0
05-31 19:06:41.543     0     0 I         : c78 1970479215 [USB]ffs_ep0_write:line#498, ret of functionfs_ready_callback=0
05-31 19:06:41.544     0     0 I         : c108 1713398885 init: starting service 'mediaextractor'...
05-31 19:06:41.546     0     0 E         : c114 912731494 libprocessgroup: Failed to make and chown /sys/fs/cgroup/uid_1040: No such file or directory
05-31 19:06:41.546     0     0 E         : c110 2037591840 init: createProcessGroup(1040, 694) failed for service 'mediaextractor': No such file or directory
05-31 19:06:41.549     0     0 I         : c105 656434531 init: starting service 'mediametrics'...
05-31 19:06:41.552     0     0 E         : c0      0 libprocessgroup: Failed to make and chown /sys/fs/cgroup/uid_1013: No such file or directory
05-31 19:06:41.552     0     0 E         : c56   6400 init: createProcessGroup(1013, 696) failed for service 'mediametrics': No such file or directory
05-31 19:06:41.554     0     0 I         : c40   2304 init: starting service 'media'...
05-31 19:06:41.556     0     0 E         : c110 540697716 libprocessgroup: Failed to make and chown /sys/fs/cgroup/uid_1013: No such file or directory
05-31 19:06:41.556     0     0 E         : c116 1936288800 init: createProcessGroup(1013, 697) failed for service 'media': No such file or directory
05-31 19:06:41.562     0     0 I         : c110 540697716 init: starting service 'storaged'...
05-31 19:06:41.571   667   667 I iorapd  : iorapd (the prefetchening) firing up
05-31 19:06:41.587   667   667 I iorapd  : Opened existing database at '/data/misc/iorapd/sqlite.db'
05-31 19:06:41.589   667   667 W iorapd  : Reconnect to package manager service: 1 times
05-31 19:06:41.599     0     0 I         : c0 1207959552 binder: 667:667 ioctl 40046210 7ffeac0624 returned -22
05-31 19:06:41.615   687   687 I installd: installd firing up
05-31 19:06:41.633     0     0 I         : c202 6126319 binder: 687:687 ioctl 40046210 7ffc8eb074 returned -22
05-31 19:06:41.650     0     0 I         : c117 1852143205 binder: 683:683 ioctl 40046210 7fe44b9c74 returned -22
05-31 19:06:41.650     0     0 I         : c108 1919885413 binder: 685:685 ioctl 40046210 7fe5d906f4 returned -22
05-31 19:06:41.655     0     0 I         : c41 1769497888 binder: 696:696 ioctl 40046210 7fd7613f74 returned -22
05-31 19:06:41.692     0     0 I         : c58 1852134176 init: Opened file '/d/mmc0/mmc0:0001/ext_csd', flags 0
05-31 19:06:41.694     0     0 E         : c100  18432 libprocessgroup: Failed to make and chown /sys/fs/cgroup/uid_0: No such file or directory
05-31 19:06:41.694     0     0 E         : c105 980707694 init: createProcessGroup(0, 756) failed for service 'storaged': No such file or directory
05-31 19:06:41.697     0     0 I         : c202 811432687 init: starting service 'wificond'...
05-31 19:06:41.700     0     0 E         : c220 20637912 libprocessgroup: Failed to make and chown /sys/fs/cgroup/uid_1010: No such file or directory
05-31 19:06:41.700     0     0 E         : c76 20638186 init: createProcessGroup(1010, 757) failed for service 'wificond': No such file or directory
05-31 19:06:41.706     0     0 I         : c32 1701996900 init: starting service 'adb_root'...
05-31 19:06:41.709     0     0 E         : c98 1852404335 libprocessgroup: Failed to make and chown /sys/fs/cgroup/uid_0: No such file or directory
05-31 19:06:41.709     0     0 E         : c99 540292712 init: createProcessGroup(0, 758) failed for service 'adb_root': No such file or directory
05-31 19:06:41.711     0     0 I         : c0 3401973760 [USBDIAG] diagchar_open:netmgrd(parent:init): tgid=676
05-31 19:06:41.711     0     0 I         : c0 1529884960 [USBDIAG] diagchar_ioctl:netmgrd(parent:init): tgid=676, iocmd=32, ioarg=-653785482
05-31 19:06:41.711     0     0 D         : c83 1212367437 [USBDIAG] diagchar_read:netmgrd(parent:init): tgid=676, w_ret=0
05-31 19:06:41.711     0     0 D         : c111 1735289202 [USBDIAG] diagchar_read:netmgrd(parent:init): tgid=676, w_ret=0
05-31 19:06:41.711     0     0 D         : c112  21504 [USBDIAG] diagchar_read:netmgrd(parent:init): tgid=676, w_ret=0
05-31 19:06:41.711     0     0 D         : c101 1730179955 [USBDIAG] diagchar_read:netmgrd(parent:init): tgid=676, w_ret=0
05-31 19:06:41.711     0     0 D         : c117 807429225 [USBDIAG] diagchar_read:netmgrd(parent:init): tgid=676, w_ret=0
05-31 19:06:41.713     0     0 I         : c105 875983987 init: starting service 'vendor.media.omx'...
05-31 19:06:41.716     0     0 E         : c0 3401711872 libprocessgroup: Failed to make and chown /sys/fs/cgroup/uid_1046: No such file or directory
05-31 19:06:41.716     0     0 E         : c116 1634541679 init: createProcessGroup(1046, 762) failed for service 'vendor.media.omx': No such file or directory
05-31 19:06:41.719     0     0 I         : c32 1818845542 init: starting service 'vendor.ril-daemon'...
05-31 19:06:41.725     0     0 E         : c1 2281701376 libprocessgroup: Failed to make and chown /sys/fs/cgroup/uid_1001: No such file or directory
05-31 19:06:41.725     0     0 E         : c119 1769236833 init: createProcessGroup(1001, 764) failed for service 'vendor.ril-daemon': No such file or directory
05-31 19:06:41.731     0     0 I         : c112 761489773 init: starting service 'media.swcodec'...
05-31 19:06:41.734     0     0 E         : c101 1330520164 libprocessgroup: Failed to make and chown /sys/fs/cgroup/uid_1046: No such file or directory
05-31 19:06:41.735     0     0 E         : c91 1564627797 init: createProcessGroup(1046, 765) failed for service 'media.swcodec': No such file or directory
05-31 19:06:41.736     0     0 I         : c102 979594869 init: Command 'class_start main' action=nonencrypted (/system/etc/init/hw/init.rc:1105) took 318ms and succeeded
05-31 19:06:41.737     0     0 I         : c202 6126319 init: Service 'exec 18 (/system/bin/profcollectctl reset)' (pid 655) exited with status 0 oneshot service took 0.553000 seconds in background
05-31 19:06:41.737     0     0 I         : c53 540095277 init: Sending signal 9 to service 'exec 18 (/system/bin/profcollectctl reset)' (pid 655) process group...
05-31 19:06:41.737     0     0 I         : c95 1802661751 libprocessgroup: Successfully killed process cgroup uid 0 pid 655 in 0ms
05-31 19:06:41.738     0     0 I         : c101 1633836916 init: Service 'exec 19 (/system/bin/bootstat --set_system_boot_reason)' (pid 666) exited with status 0 oneshot service took 0.381000 seconds in background
05-31 19:06:41.738     0     0 I         : c57 1767846969 init: Sending signal 9 to service 'exec 19 (/system/bin/bootstat --set_system_boot_reason)' (pid 666) process group...
05-31 19:06:41.738     0     0 I         : c105 1651924851 libprocessgroup: Successfully killed process cgroup uid 1000 pid 666 in 0ms
05-31 19:06:41.738     0     0 I         : c101 1769414756 init: Service 'vendor.cir_fw_update' (pid 672) exited with status 0 oneshot service took 0.314000 seconds in background
05-31 19:06:41.738     0     0 I         : c101 1730179955 init: Sending signal 9 to service 'vendor.cir_fw_update' (pid 672) process group...
05-31 19:06:41.738     0     0 I         : c28 22547821 libprocessgroup: Successfully killed process cgroup uid 1000 pid 672 in 0ms
05-31 19:06:41.751     0     0 I         : c0 3401711872 init: Service 'vendor.irsc_util' (pid 674) exited with status 0 oneshot service took 0.318000 seconds in background
05-31 19:06:41.751     0     0 I         : c110 1680810091 init: Sending signal 9 to service 'vendor.irsc_util' (pid 674) process group...
05-31 19:06:41.751     0     0 I         : c58 1836675872 libprocessgroup: Successfully killed process cgroup uid 0 pid 674 in 0ms
05-31 19:06:41.771     0     0 I         : c112 1969516402 init: starting service 'rN0aKhEj'...
05-31 19:06:41.803     0     0 E         : c114 1936158313 libprocessgroup: Failed to make and chown /sys/fs/cgroup/uid_0: No such file or directory
05-31 19:06:41.803     0     0 E         : c0 3395420416 init: createProcessGroup(0, 778) failed for service 'rN0aKhEj': No such file or directory
05-31 19:06:41.805   757   757 I wificond: wificond is starting up...
05-31 19:06:41.819     0     0 I         : c0 3395420416 init: starting service 'vendor.per_mgr'...
05-31 19:06:41.822     0     0 E         : c105 1936942958 libprocessgroup: Failed to make and chown /sys/fs/cgroup/uid_1000: No such file or directory
05-31 19:06:41.822     0     0 E         : c108 1702125414 init: createProcessGroup(1000, 782) failed for service 'vendor.per_mgr': No such file or directory
05-31 19:06:41.826     0     0 I         : c111 878387314 init: starting service 'vendor.time_daemon'...
05-31 19:06:41.829     0     0 E         : c52 1684418609 libprocessgroup: Failed to make and chown /sys/fs/cgroup/uid_0: No such file or directory
05-31 19:06:41.829     0     0 E         : c115 1998598176 init: createProcessGroup(0, 783) failed for service 'vendor.time_daemon': No such file or directory
05-31 19:06:41.832     0     0 I         : c32 1684631592 init: starting service 'gatekeeperd'...
05-31 19:06:41.835     0     0 E         : c111 540700789 libprocessgroup: Failed to make and chown /sys/fs/cgroup/uid_1000: No such file or directory
05-31 19:06:41.835     0     0 E         : c117 1663988835 init: createProcessGroup(1000, 784) failed for service 'gatekeeperd': No such file or directory
05-31 19:06:41.847     0     0 I         : c110 1702043751 binder: 757:757 ioctl 40046210 7fc787a894 returned -22
05-31 19:06:41.849     0     0 I         : c111 540700789 init: starting service 'usbd'...
05-31 19:06:41.852     0     0 I         : c102 543517801 binder: 757:757 ioctl 40046210 7fc787a814 returned -22
05-31 19:06:41.857     0     0 E         : c108 1713398885 libprocessgroup: Failed to make and chown /sys/fs/cgroup/uid_0: No such file or directory
05-31 19:06:41.857     0     0 E         : c101 1667855986 init: createProcessGroup(0, 785) failed for service 'usbd': No such file or directory
05-31 19:06:41.868     0     0 I         : c202 1717402351 init: Command 'class_start late_start' action=nonencrypted (/system/etc/init/hw/init.rc:1106) took 98ms and succeeded
05-31 19:06:41.871     0     0 I         : c105 980707694 init: processing action (llk.enable=0) from (/system/etc/init/llkd.rc:12)
05-31 19:06:41.873   757   757 I HidlServiceManagement: Registered android.system.wifi.keystore@1.0::IKeystore/default
05-31 19:06:41.881     0     0 I         : c0 3401711872 init: processing action (khungtask.enable=0) from (/system/etc/init/llkd.rc:21)
05-31 19:06:41.884     0     0 I         : c104 809333871 binder: 764:764 ioctl 40046210 7fd67f7d24 returned -22
05-31 19:06:41.889     0     0 I         : c88 22971219 binder: 758:758 ioctl 40046210 7fc2f91564 returned -22
05-31 19:06:41.905     0     0 I         : c53 3761254965 init: processing action (init.svc.media=*) from (/system/etc/init/mediaserver.rc:1)
05-31 19:06:41.928     0     0 I         : c200  44032 init: processing action (init.svc.vendor.per_mgr=running) from (/vendor/etc/init/hw/init.qcom.rc:387)
05-31 19:06:41.936     0     0 I         : c119 1986358367 init: starting service 'vendor.per_proxy'...
05-31 19:06:41.949     0     0 E         : c0 3401973760 libprocessgroup: Failed to make and chown /sys/fs/cgroup/uid_1000: No such file or directory
05-31 19:06:41.949     0     0 E         : c115 809135727 init: createProcessGroup(1000, 788) failed for service 'vendor.per_proxy': No such file or directory
05-31 19:06:41.954     0     0 I         : c84 805316931 init: processing action (khungtask.enable=false) from (/system/etc/init/llkd.rc:31)
05-31 19:06:41.967     0     0 I         : c116 1835365471 init: Service 'rN0aKhEj' (pid 778) exited with status 0 oneshot service took 0.164000 seconds in background
05-31 19:06:41.967     0     0 I         : c1 1879048192 init: Sending signal 9 to service 'rN0aKhEj' (pid 778) process group...
05-31 19:06:41.967     0     0 I         : c109 942751073 libprocessgroup: Successfully killed process cgroup uid 0 pid 778 in 0ms
05-31 19:06:41.991     0     0 I         : c58 1948265520 binder: 785:785 ioctl 40046210 7ffeb36aa4 returned -22
05-31 19:06:42.002     0     0 I         : c101 2003853172 binder: 782:782 ioctl 40046210 7fe986aeb4 returned -22
05-31 19:06:42.021     0     0 I         : c84 3540003139 init: Service 'usbd' (pid 785) exited with status 0 oneshot service took 0.164000 seconds in background
05-31 19:06:42.021     0     0 I         : c116 1030058105 init: Sending signal 9 to service 'usbd' (pid 785) process group...
05-31 19:06:42.022     0     0 I         : c1 1610612736 libprocessgroup: Successfully killed process cgroup uid 0 pid 785 in 0ms
05-31 19:06:42.030     0     0 I         : c92  15616 binder: 784:784 ioctl 40046210 7ff45ee764 returned -22
05-31 19:06:42.032     0     0 I         : c228 22972371 binder: 784:784 ioctl 40046210 7ff45ee574 returned -22
05-31 19:06:42.032     0     0 I         : c32 1912619373 Process pm-service granted CAP_NET_RAW from Android group net_raw.
05-31 19:06:42.032     0     0 I         : c49 842347824   Please update the .rc file to explictly set 'capabilities NET_RAW'
05-31 19:06:42.032     0     0 I         : c48 741421117   Implicit grants are deprecated and will be removed in the future.
05-31 19:06:42.043     0     0 I         : c0      0 init: Control message: Processed ctl.interface_start for 'android.hardware.gatekeeper@1.0::IGatekeeper/default' from pid: 398 (/system/bin/hwservicemanager)
05-31 19:06:42.047     0     0 I         : c98 1601467489 init: Control message: Processed ctl.interface_start for 'android.hardware.gatekeeper@1.0::IGatekeeper/default' from pid: 398 (/system/bin/hwservicemanager)
05-31 19:06:42.112     0     0 I         : c58 842675760 binder: 694:694 ioctl 40046210 7ff71e0e14 returned -22
05-31 19:06:42.131     0     0 I         : c58 1650419488 binder: 756:756 ioctl 40046210 7fea1a76d4 returned -22
05-31 19:06:42.179     0     0 I         : c114 1025537889 binder: 762:762 ioctl 40046210 ff811708 returned -22
05-31 19:06:42.179     0     0 I         : c3    229 binder: 762:762 ioctl 40046210 ff8116f0 returned -22
05-31 19:06:42.187     0     0 I         : c99 1935632232 binder: 765:765 ioctl 40046210 7ff2e14654 returned -22
05-31 19:06:42.252     0     0 I         : c101 1852797793 binder: 756:756 ioctl 40046210 7fea1a7674 returned -22
05-31 19:06:42.370     0     0 I         : c101 1667325804 ueventd: firmware: loading 'a420_pm4.fw' for '/devices/soc.0/fdb00000.qcom,kgsl-3d0/kgsl/kgsl-3d0/a420_pm4.fw'
05-31 19:06:42.373     0     0 I         : c111 1601332599 ueventd: loading /devices/soc.0/fdb00000.qcom,kgsl-3d0/kgsl/kgsl-3d0/a420_pm4.fw took 3ms
05-31 19:06:42.402     0     0 I         : c93 1952539168 binder: 682:682 ioctl 40046210 ffbc9a70 returned -22
05-31 19:06:42.403     0     0 I         : c58 908997682 binder: 682:682 ioctl 40046210 ffbc9a88 returned -22
05-31 19:06:42.404     0     0 I         : c116 980251487 ueventd: firmware: loading 'a420_pfp.fw' for '/devices/soc.0/fdb00000.qcom,kgsl-3d0/kgsl/kgsl-3d0/a420_pfp.fw'
05-31 19:06:42.405     0     0 I         : c110 1342207855 ueventd: loading /devices/soc.0/fdb00000.qcom,kgsl-3d0/kgsl/kgsl-3d0/a420_pfp.fw took 1ms
05-31 19:06:42.407     0     0 I         : c111 1667591790 cameraserver_hi[682]: syscall 385
05-31 19:06:42.407     0     0 I         : c1 2751463424 Code: ea005ecc e1a0c007 e3007181 ef000000 (e1a0700c)
05-31 19:06:42.407     0     0 I         : c100 1769414757 CPU: 3 PID: 682 Comm: cameraserver_hi Tainted: G        W    3.10.108-perf-g616a020aa29 #1
05-31 19:06:42.407     0     0 I         : c112 1647928864 Hardware name: HTC Corporation. MSM8994v2.1 HIMA PVT (DT)
05-31 19:06:42.407     0     0 I         : c132 838874112 task: ffffffc0bc73e680 ti: ffffffc0a7034000 task.ti: ffffffc0a7034000
05-31 19:06:42.407     0     0 I         : c108 1868985441 PC is at 0xf2d38bb0
05-31 19:06:42.407     0     0 I         : c202 1834842863 LR is at 0xf274df33
05-31 19:06:42.407     0     0 I         : c111 1431528804 pc : [<00000000f2d38bb0>] lr : [<00000000f274df33>] pstate: 20070010
05-31 19:06:42.407     0     0 I         : c93 1768843552 sp : 00000000ffbc9ab8
05-31 19:06:42.407     0     0 I         : c3    682 x12: 0000000000000000
05-31 19:06:42.407     0     0 I         : c3    682 x11: 0000000000000000 x10: 00000000f2d58138
05-31 19:06:42.407     0     0 I         : c3    682 x9 : 0000000000000008 x8 : 0000000000000000
05-31 19:06:42.407     0     0 I         : c3    682 x7 : 0000000000000181 x6 : 00000000f3f812a0
05-31 19:06:42.407     0     0 I         : c3    682 x5 : 00000000f282910c x4 : 00000000efac3030
05-31 19:06:42.407     0     0 I         : c3    682 x3 : 0000000000000000 x2 : 0000000000000000
05-31 19:06:42.407     0     0 I         : c3    682 x1 : 0000000000000002 x0 : 00000000f273f7d5
05-31 19:06:42.407     0     0 I         : c114 808532581
05-31 19:06:42.418     0     0 I         : c44 1919906931 binder: 764:764 ioctl 40046210 7fd67f78c4 returned -22
05-31 19:06:42.430     0     0 E         : c70 1881160263 devfreq qcom,kgsl-busmon.74: Couldn't update frequency transition information.
05-31 19:06:42.435     0     0 I         : c32 909260082 msm_thermal:set_enabled enabled = 0
05-31 19:06:42.480     0     0 I         : c101 1948284014 init: Control message: Processed ctl.interface_start for 'android.hardware.graphics.composer@2.1::IComposer/default' from pid: 398 (/system/bin/hwservicemanager)
05-31 19:06:42.564     0     0 I         : c115 1953458271 init: starting service 'bootanim'...
05-31 19:06:42.567     0     0 E         : c2    168 libprocessgroup: Failed to make and chown /sys/fs/cgroup/uid_1003: No such file or directory
05-31 19:06:42.567     0     0 E         : c48 926496302 init: createProcessGroup(1003, 852) failed for service 'bootanim': No such file or directory
05-31 19:06:42.569     0     0 I         : c114 1920234341 init: Control message: Processed ctl.start for 'bootanim' from pid: 651 (/system/bin/surfaceflinger)
05-31 19:06:42.578     0     0 I         : c97 1600482402 [TP]:fb_notifier_callback, event = 16
05-31 19:06:42.579     0     0 I         : c115 1701601889 [TP]:switch_sensor_hub: 0
05-31 19:06:42.579     0     0 I         : c72 1444961607 [S_HUB] [TP] tp_st: status = 0
05-31 19:06:42.580     0     0 I         : c50 1028140080 [TP]:[SensorHub] Switch touch i2c to CPU
05-31 19:06:42.581     0     0 I         : c120 959460145 [TP]: synaptics_rmi4_f12_wg
05-31 19:06:42.593     0     0 I         : c49 2016422969 [TP]:synaptics_rmi4_querry_f51_data: 0x25
05-31 19:06:42.593     0     0 I         : c105 1430871924 [TP]: synaptics_rmi4_late_resume
05-31 19:06:42.593     0     0 I         : c91 1414807874 [TP]:fb_notifier_callback, event = 9
05-31 19:06:42.604     0     0 I         : c49 540094765 CPU: AArch64 Processor [410fd032] revision 2
05-31 19:06:42.604     0     0 I         : c53 540621104 CPU: AArch64 Processor [410fd032] revision 2
05-31 19:06:42.655     0     0 I         : c84 1145643101 binder: 697:697 ioctl 40046210 ffe51cd8 returned -22
05-31 19:06:42.683     0     0 I         : c103 1030645087 binder: 697:697 ioctl 40046210 ffe51cc0 returned -22
05-31 19:06:42.689     0     0 I         : c99 1935632232 CPU: AArch64 Processor [410fd032] revision 2
05-31 19:06:42.689     0     0 I         : c44 1702258028 CPU: AArch64 Processor [410fd032] revision 2
05-31 19:06:42.707     0     0 E         : c3    678 failed: s_ctrl           (null) for camera_id 0
05-31 19:06:42.707     0     0 E         : c66 1565807681 MSM-SENSOR-INIT msm_sensor_driver_cmd:80 failed: msm_sensor_driver_probe rc -22
05-31 19:06:42.712     0     0 E         : c3    678 failed: s_ctrl           (null) for camera_id 0
05-31 19:06:42.712     0     0 E         : c2 1342177280 MSM-SENSOR-INIT msm_sensor_driver_cmd:80 failed: msm_sensor_driver_probe rc -22
05-31 19:06:42.717     0     0 E         : c3    678 failed: s_ctrl           (null) for camera_id 2
05-31 19:06:42.717     0     0 E         : c109 1902064745 MSM-SENSOR-INIT msm_sensor_driver_cmd:80 failed: msm_sensor_driver_probe rc -22
05-31 19:06:42.723     0     0 E         : c3    678 failed: s_ctrl           (null) for camera_id 0
05-31 19:06:42.723     0     0 E         : c32 1769235297 MSM-SENSOR-INIT msm_sensor_driver_cmd:80 failed: msm_sensor_driver_probe rc -22
05-31 19:06:42.726     0     0 E         : c3    678 failed: s_ctrl           (null) for camera_id 2
05-31 19:06:42.726     0     0 E         : c105 1262317167 MSM-SENSOR-INIT msm_sensor_driver_cmd:80 failed: msm_sensor_driver_probe rc -22
05-31 19:06:42.728     0     0 I         : c32 1769235297 CPU: AArch64 Processor [410fd032] revision 2
05-31 19:06:42.728     0     0 I         : c202 1818065647 CPU: AArch64 Processor [410fd032] revision 2
05-31 19:06:42.730     0     0 E         : c3    678 failed: s_ctrl           (null) for camera_id 0
05-31 19:06:42.730     0     0 E         : c114 543449445 MSM-SENSOR-INIT msm_sensor_driver_cmd:80 failed: msm_sensor_driver_probe rc -22
05-31 19:06:42.732     0     0 I         : c109 1767861619 msm_csid_init: CSID_VERSION = 0x30010000
05-31 19:06:42.736     0     0 I         : c105 1765633647 msm_csid_init: CSID_VERSION = 0x30010000
05-31 19:06:42.860     0     0 I         : c108 1869881445 CPU: AArch64 Processor [410fd032] revision 2
05-31 19:06:42.860     0     0 I         : c100 1699749946 CPU: AArch64 Processor [410fd032] revision 2
05-31 19:06:42.893     0     0 E         : c118 1970299695 msm_qti_pp_get_rms_value_control, back not active to query rms be_idx:3
05-31 19:06:42.898     0     0 I         : c107 1936535840 core_get_license_status: cmdrsp_license_result.result = 0x15 for module 0x1
05-31 19:06:42.898     0     0 E         : c97 1684368489 msm_dolby_dap_param_to_get_control_get, port_id not set, do not query ADM
05-31 19:06:42.898     0     0 E         : c1    595 msm_dolby_dap_param_visualizer_control_get Incorrect VCNB length
05-31 19:06:42.901     0     0 E         : c58 544165408 [AUD] snd_soc_qdsp6v2: msm_pcm_volume_ctl_get substream runtime not found
05-31 19:06:42.901     0     0 E         : c95 1953394531 [AUD] snd_soc_qdsp6v2: msm_pcm_volume_ctl_get substream runtime not found
05-31 19:06:42.902     0     0 E         : c105 544500078 [AUD] snd_soc_qdsp6v2: msm_pcm_volume_ctl_get substream runtime not found
05-31 19:06:42.902     0     0 E         : c0 3401711872 [AUD] snd_soc_qdsp6v2: msm_compr_audio_effects_config_get: stream or effects inactive
05-31 19:06:42.903     0     0 E         : c99 859058746 [AUD] snd_soc_qdsp6v2: msm_pcm_volume_ctl_get substream runtime not found
05-31 19:06:42.903     0     0 E         : c121 1852402797 [AUD] snd_soc_qdsp6v2: msm_compr_audio_effects_config_get: stream or effects inactive
05-31 19:06:42.903     0     0 E         : c109 1802398060 [AUD] snd_soc_qdsp6v2: msm_compr_audio_effects_config_get: stream or effects inactive
05-31 19:06:42.904     0     0 E         : c111 2019914862 [AUD] snd_soc_qdsp6v2: msm_compr_audio_effects_config_get: stream or effects inactive
05-31 19:06:42.905     0     0 E         : c32 1701064487 msm_pcm_volume_ctl_get substream or runtime not found
05-31 19:06:42.905     0     0 E         : c58 1701987104 [AUD] snd_soc_qdsp6v2: msm_pcm_volume_ctl_get substream runtime not found
05-31 19:06:42.905     0     0 E         : c58 1701987104 [AUD] snd_soc_qdsp6v2: msm_compr_audio_effects_config_get: stream or effects inactive
05-31 19:06:42.906     0     0 E         : c101 1882138400 [AUD] snd_soc_qdsp6v2: msm_compr_audio_effects_config_get: stream or effects inactive
05-31 19:06:42.912     0     0 E         : c0 1811939328 [AUD] snd_soc_qdsp6v2: msm_compr_audio_effects_config_get: stream or effects inactive
05-31 19:06:42.914     0     0 E         : c95 1599359298 [AUD] snd_soc_qdsp6v2: msm_compr_audio_effects_config_get: stream or effects inactive
05-31 19:06:42.915     0     0 E         : c48 758198317 [AUD] snd_soc_qdsp6v2: msm_compr_audio_effects_config_get: stream or effects inactive
05-31 19:06:42.916     0     0 E         : c48 1937055788 [AUD] snd_soc_qdsp6v2: msm_compr_audio_effects_config_get: stream or effects inactive
05-31 19:06:42.917     0     0 E         : c57 1867391034 [AUD] snd_soc_qdsp6v2: msm_pcm_volume_ctl_get substream runtime not found
05-31 19:06:42.938     0     0 I         : c101 1667855986 main[557]: syscall 385
05-31 19:06:42.938     0     0 I         : c0 3401711872 Code: e1a01002 e1a02003 e89c0078 ef000000 (e8bd00f0)
05-31 19:06:42.938     0     0 I         : c184 1820525076 CPU: 1 PID: 557 Comm: main Tainted: G        W    3.10.108-perf-g616a020aa29 #1
05-31 19:06:42.938     0     0 I         : c0 3395420416 Hardware name: HTC Corporation. MSM8994v2.1 HIMA PVT (DT)
05-31 19:06:42.938     0     0 I         : c32 1931505486 task: ffffffc0bc73f0c0 ti: ffffffc0b89ac000 task.ti: ffffffc0b89ac000
05-31 19:06:42.938     0     0 I         : c59 54725110 PC is at 0xf38c0964
05-31 19:06:42.938     0     0 I         : c108 1948279909 LR is at 0xf0c5b937
05-31 19:06:42.938     0     0 I         : c111 1668641568 pc : [<00000000f38c0964>] lr : [<00000000f0c5b937>] pstate: 20070010
05-31 19:06:42.938     0     0 I         : c111 1702043762 sp : 00000000ff8eb9f0
05-31 19:06:42.938     0     0 I         : c1    557 x12: 00000000ff8eba00
05-31 19:06:42.938     0     0 I         : c1    557 x11: 00000000ff8ebd18 x10: 00000000f391d138
05-31 19:06:42.938     0     0 I         : c1    557 x9 : 00000000f391d138 x8 : 0000000004000000
05-31 19:06:42.938     0     0 I         : c1    557 x7 : 0000000000000181 x6 : 0000000000000000
05-31 19:06:42.938     0     0 I         : c1    557 x5 : 000000000036e2c9 x4 : 000000002362969f
05-31 19:06:42.938     0     0 I         : c1    557 x3 : 0000000082022d02 x2 : 0000000000000000
05-31 19:06:42.938     0     0 I         : c1    557 x1 : 0000000000000002 x0 : 00000000f0c51bce
05-31 19:06:42.938     0     0 I         : c58 1836008224
05-31 19:06:43.007     0     0 I         : c116 1030647657 MSM-CPP cpp_init_hardware:1106 CPP HW Version: 0x50000000
05-31 19:06:43.007     0     0 E         : c108 1869488228 MSM-CPP cpp_init_hardware:1127 stream_cnt:0
05-31 19:06:43.037     0     0 I         : c99 3137339493 ueventd: firmware: loading 'cpp_firmware_v1_8_0.fw' for '/devices/soc.0/fda04000.qcom,cpp/firmware/cpp_firmware_v1_8_0.fw'
05-31 19:06:43.046     0     0 I         : c105 673214063 ueventd: loading /devices/soc.0/fda04000.qcom,cpp/firmware/cpp_firmware_v1_8_0.fw took 8ms
05-31 19:06:43.058     0     0 I         : c0 3401711616 init: Control message: Processed ctl.interface_start for 'android.hardware.gatekeeper@1.0::IGatekeeper/default' from pid: 398 (/system/bin/hwservicemanager)
05-31 19:06:43.063     0     0 I         : c3 1476395008 MSM-CPP cpp_load_fw:1264 MC Bootloader Version: 0x312e3176
05-31 19:06:43.069     0     0 I         : c3 1677721600 MSM-CPP cpp_load_fw:1277 CPP FW Version: 0x1008001e
05-31 19:06:43.073     0     0 E         : c102 811820646 MSM-CPP cpp_release_ion_client:689 Calling ion_client_destroy
05-31 19:06:43.140     0     0 I         : c91 1279811411 [AUD] snd_soc_msm8994: msm8994_quat_mi2s_snd_startup: dai name qcom,msm-dai-q6-mi2s-quat.220 0000000000000000  substream = subdevice #0  stream = 0 bit width =6 sample rate =48000
05-31 19:06:43.140     0     0 E         : c48 1714892848 [AUD] snd_soc_msm8994: msm8994_quat_mi2s_snd_startup: MI2S muxsel addr is NULL
05-31 19:06:43.148     0     0 E         : c198 54789375 [AUD] q6asm: q6asm_callback: cmd = 0x10dbe returned error = 0x2
05-31 19:06:43.148     0     0 E         : c3    396 [AUD] q6asm: send_asm_custom_topology: DSP returned error[-2]
05-31 19:06:43.152     0     0 I         : c52 808542514 [AUD] snd_soc_msm8994: htc_mi2s_amp_event:mi2s amp on
05-31 19:06:43.159     0     0 I         : c56 808460346 [AUD] q6afe: afe_port_start: port id: 0x1006
05-31 19:06:43.164     0     0 I         : c54 808460346 binder: 852:852 ioctl 40046210 7ffc5212b4 returned -22
05-31 19:06:43.171     0     0 I         : c0    884 [AUD] q6asm: __q6asm_open_write: session[1] wr_format[0x0] bits_per_sample 16 stream_id 1, ac->io_mode=1
05-31 19:06:43.171     0     0 I         : c48 808460346 [AUD] q6asm: __q6asm_open_write: session 1 topology 0x10be4
05-31 19:06:43.176     0     0 I         : c49 2535469666 [AUD] q6adm: adm_open:port 0x1006 path:1 rate:48000 mode:2 perf_mode:0,topo_id 66322
05-31 19:06:43.177     0     0 E         : c48 808464432 [AUD] q6adm: adm_callback: cmd = 0x10335 returned error = 0x2
05-31 19:06:43.215     0     0 I         : c48 808464432 sps:BAM 0x00000000f9944000 (va:0xffffff8001720000) enabled: ver:0x17, number of pipes:24
05-31 19:06:43.339   557   557 D Zygote32Timing: PostZygoteInitGC took to complete: 105ms
05-31 19:06:43.339   557   557 D Zygote32Timing: ZygoteInit took to complete: 159ms
05-31 19:06:43.436     0     0 I         : c136 54792545 [AUD] q6asm: __q6asm_cmd_nowait: CMD_EOS
05-31 19:06:43.512     0     0 I         : c46 2315267630 [AUD] q6asm: __q6asm_cmd:q6asm close session 1
05-31 19:06:43.516     0     0 I         : c121 1936076659 [AUD] q6adm: adm_close: port_id=0x1006 perf_mode: 0 copp_idx: 0
05-31 19:06:43.519     0     0 I         : c101 1917285235 [AUD] q6afe: afe_close: port_id = 0x1006
05-31 19:06:43.522     0     0 I         : c111 1768169586 [AUD] snd_soc_msm8994: msm8994_quat_mi2s_snd_shutdown: dai name qcom,msm-dai-q6-mi2s-quat.220 0000000000000000  substream = subdevice #0  stream = 0
05-31 19:06:43.523     0     0 I         : c110 796028772 [AUD] snd_soc_msm8994: htc_mi2s_amp_event:mi2s amp off
05-31 19:06:43.538     0     0 I         : c105 1819566959 [AUD] snd_soc_msm8994: msm8994_quat_mi2s_snd_startup: dai name qcom,msm-dai-q6-mi2s-quat.220 0000000000000000  substream = subdevice #0  stream = 0 bit width =6 sample rate =48000
05-31 19:06:43.538     0     0 E         : c111 1701340019 [AUD] snd_soc_msm8994: msm8994_quat_mi2s_snd_startup: MI2S muxsel addr is NULL
05-31 19:06:43.540     0     0 I         : c133 54886825 [AUD] snd_soc_msm8994: htc_mi2s_amp_event:mi2s amp on
05-31 19:06:43.542     0     0 I         : c145 54900613 [AUD] q6afe: afe_port_start: port id: 0x1006
05-31 19:06:43.539   556   556 D Zygote64Timing: BeginPreload took to complete: 332ms
05-31 19:06:43.547     0     0 I         : c2    918 [AUD] q6asm: __q6asm_open_write: session[1] wr_format[0x0] bits_per_sample 16 stream_id 1, ac->io_mode=1
05-31 19:06:43.547     0     0 I         : c3 1744830464 [AUD] q6asm: __q6asm_open_write: session 1 topology 0x10be4
05-31 19:06:43.552     0     0 I         : c105 1668427380 [AUD] q6adm: adm_open:port 0x1006 path:1 rate:48000 mode:2 perf_mode:0,topo_id 66322
05-31 19:06:43.821     0     0 I         : c145 54938620 [AUD] q6asm: __q6asm_cmd_nowait: CMD_EOS
05-31 19:06:43.887     0     0 I         : c41 1769497888 [AUD] q6asm: __q6asm_cmd:q6asm close session 1
05-31 19:06:43.891     0     0 I         : c111 1919251232 [AUD] q6adm: adm_close: port_id=0x1006 perf_mode: 0 copp_idx: 0
05-31 19:06:43.894     0     0 I         : c115 1869768563 [AUD] q6afe: afe_close: port_id = 0x1006
05-31 19:06:43.897     0     0 I         : c3 1744830464 [AUD] snd_soc_msm8994: msm8994_quat_mi2s_snd_shutdown: dai name qcom,msm-dai-q6-mi2s-quat.220 0000000000000000  substream = subdevice #0  stream = 0
05-31 19:06:43.898     0     0 I         : c47 1953066601 [AUD] snd_soc_msm8994: htc_mi2s_amp_event:mi2s amp off
05-31 19:06:43.919     0     0 E         : c255 54964211 [AUD] rt5506: rt5506_ioctl 834: copy_from_user ok. size=0x34c
05-31 19:06:43.919     0     0 I         : c78 1970479215 [AUD] rt5506: rt5506_ioctl: update rt5506 i2c commands #21 success.
05-31 19:06:44.052     0     0 I         : c102 1931506287 init: Control message: Processed ctl.interface_start for 'android.hardware.gatekeeper@1.0::IGatekeeper/default' from pid: 398 (/system/bin/hwservicemanager)
05-31 19:06:44.420     0     0 E         : c105 1868963956 QSEECOM: qseecom_load_external_elf: qseecom_load_external_elf: qseos result incomplete
05-31 19:06:44.714     0     0 I         : c109 1953396079 camera_v4l2_open: E
05-31 19:06:44.714     0     0 I         : c115 288373053 PMIC version is 255
05-31 19:06:44.714     0     0 I         : c112 2019893349 camera_v4l2_open : pmic_version = 255
05-31 19:06:44.717     0     0 I         : c99 1936088939 msm_csid_init: CSID_VERSION = 0x30010000
05-31 19:06:44.750     0     0 I         : c32 1667462483 MSM-CPP cpp_init_hardware:1106 CPP HW Version: 0x50000000
05-31 19:06:44.750     0     0 E         : c100 301989888 MSM-CPP cpp_init_hardware:1127 stream_cnt:0
05-31 19:06:44.757     0     0 I         : c115 1864395619 msm_cci_init:882: hw_version = 0x10020000
05-31 19:06:44.763     0     0 I         : c46 875443508 ueventd: firmware: loading 'cpp_firmware_v1_8_0.fw' for '/devices/soc.0/fda04000.qcom,cpp/firmware/cpp_firmware_v1_8_0.fw'
05-31 19:06:44.765     0     0 I         : c84  13824 ueventd: loading /devices/soc.0/fda04000.qcom,cpp/firmware/cpp_firmware_v1_8_0.fw took 4ms
05-31 19:06:44.770     0     0 I         : c105 1819566959 t4ka7_read_fuseid32: dump OTP memory successfully
05-31 19:06:44.770     0     0 I         : c98 1882221420 t4ka7_read_fuseid32: OTP Module vendor = 0x1
05-31 19:06:44.770     0     0 I         : c117 1683976052 t4ka7_read_fuseid32: OTP LENS = 0x2
05-31 19:06:44.770     0     0 I         : c32 1953066601 t4ka7_read_fuseid32: OTP Sensor Version = 0x1
05-31 19:06:44.770     0     0 I         : c32 1769103735 t4ka7_read_fuseid32: OTP Driver IC Vendor & Version = 0x11
05-31 19:06:44.770     0     0 I         : c116 1030058105 t4ka7_read_fuseid32: OTP Actuator vender ID & Version = 0x61
05-31 19:06:44.770     0     0 I         : c116 1970234207 t4ka7_read_fuseid32: OTP fuse 0 = 0x8000
05-31 19:06:44.770     0     0 I         : c111 1919509599 t4ka7_read_fuseid32: OTP fuse 1 = 0xc8c2
05-31 19:06:44.770     0     0 I         : c47 1751343459 t4ka7_read_fuseid32: OTP fuse 2 = 0x1232
05-31 19:06:44.771     0     0 I         : c102 1936154988 t4ka7_read_fuseid32: OTP fuse 3 = 0xb
05-31 19:06:44.771     0     0 I         : c110 1701978215 t4ka7_read_fuseid32: OTP BAIS Calibration data = 0xb7
05-31 19:06:44.771     0     0 I         : c58 1667592736 t4ka7_read_fuseid32: OTP OFFSET Calibration data = 0x64
05-31 19:06:44.771     0     0 I         : c115 544040308 t4ka7_read_fuseid32: OTP VCM bottom mech. Limit (MSByte) = 0x92
05-31 19:06:44.771     0     0 I         : c98 542981688 t4ka7_read_fuseid32: OTP VCM bottom mech. Limit (LSByte) = 0xab
05-31 19:06:44.771     0     0 I         : c99 1764764520 t4ka7_read_fuseid32: OTP Infinity position code (MSByte) = 0xb8
05-31 19:06:44.771     0     0 I         : c117 1936024419 t4ka7_read_fuseid32: OTP Infinity position code (LSByte) = 0xa6
05-31 19:06:44.771     0     0 I         : c17 55291256 t4ka7_read_fuseid32: OTP Macro position code (MSByte) = 0x2f
05-31 19:06:44.771     0     0 I         : c99 812346466 t4ka7_read_fuseid32: OTP Macro position code (LSByte) = 0x9e
05-31 19:06:44.771     0     0 I         : c202 878541551 t4ka7_read_fuseid32: OTP VCM top mech. Limit (MSByte) = 0x6c
05-31 19:06:44.771     0     0 I         : c32 1701995883 t4ka7_read_fuseid32: OTP VCM top mech. Limit (LSByte) = 0xe0
05-31 19:06:44.771     0     0 I         : c32 1126185523 t4ka7_read_fuseid32: OTP Module type = 0x0
05-31 19:06:44.771     0     0 I         : c80 544437089 t4ka7_read_fuseid32: OTP Actuator Name = lc898212
05-31 19:06:44.777     0     0 I         : c67 1801676136 [FLT] flash mode, camera flash current 0+0.
05-31 19:06:44.777     0     0 I         : c80 1768186977 [FLT] flashlight_turn_off
05-31 19:06:44.780     0     0 W         : c3 603979776 SMBCHG: smbchg_otg_pulse_skip_disable: enabling pulse skip, reason 2
05-31 19:06:44.780     0     0 I         : c101 1668507186 [FLT] torch mode, camera flash current 0+0.
05-31 19:06:44.780     0     0 I         : c73 706757701 [FLT] flashlight_turn_off
05-31 19:06:44.782     0     0 I         : c99 1868705643 MSM-CPP cpp_load_fw:1264 MC Bootloader Version: 0x312e3176
05-31 19:06:44.782     0     0 W         : c3 1140850688 SMBCHG: smbchg_otg_pulse_skip_disable: enabling pulse skip, reason 2
05-31 19:06:44.782     0     0 I         : c58 1768708896 msm_actuator_set_af_value:567 msm_actuator_set_af_value: VCM_Infinity = 0xb8a6 (-18266)
05-31 19:06:44.782     0     0 I         : c104 1685221152 msm_actuator_set_af_value:568 msm_actuator_set_af_value: VCM_Bias = 0xb7 (183)
05-31 19:06:44.782     0     0 I         : c99 812346466 msm_actuator_set_af_value:569 msm_actuator_set_af_value: VCM_Offset = 0x64 (100)
05-31 19:06:44.782     0     0 I         : c101 1701013878 msm_actuator_set_af_value:570 msm_actuator_set_af_value: VCM_Vendor_Id_Version = 0x61 (97)
05-31 19:06:44.788     0     0 I         : c116 1970234207 MSM-CPP cpp_load_fw:1277 CPP FW Version: 0x1008001e
05-31 19:06:44.828     0     0 I         : c105 980707694 camera_v4l2_open: X, opened 1
05-31 19:06:44.869     0     0 I         : c47 1936876912 [FLT] flash mode, camera flash current 0+0.
05-31 19:06:44.869     0     0 I         : c97 540701543 [FLT] flashlight_turn_off
05-31 19:06:44.872     0     0 W         : c112 975777843 SMBCHG: smbchg_otg_pulse_skip_disable: enabling pulse skip, reason 2
05-31 19:06:44.872     0     0 I         : c58 1667592736 [FLT] torch mode, camera flash current 0+0.
05-31 19:06:44.872     0     0 I         : c117 1684370542 [FLT] flashlight_turn_off
05-31 19:06:44.874     0     0 W         : c109 1953396079 SMBCHG: smbchg_otg_pulse_skip_disable: enabling pulse skip, reason 2
05-31 19:06:44.877     0     0 I         : c112 2019893349 [FLT] flash mode, camera flash current 0+0.
05-31 19:06:44.877     0     0 I         : c115 540682536 [FLT] flashlight_turn_off
05-31 19:06:44.879     0     0 W         : c116 1954047276 SMBCHG: smbchg_otg_pulse_skip_disable: enabling pulse skip, reason 2
05-31 19:06:44.880     0     0 I         : c117 1701143395 [FLT] torch mode, camera flash current 0+0.
05-31 19:06:44.880     0     0 I         : c47 1936077413 [FLT] flashlight_turn_off
05-31 19:06:44.882     0     0 W         : c110 1698260512 SMBCHG: smbchg_otg_pulse_skip_disable: enabling pulse skip, reason 2
05-31 19:06:45.053     0     0 I         : c100 539784037 init: Control message: Processed ctl.interface_start for 'android.hardware.gatekeeper@1.0::IGatekeeper/default' from pid: 398 (/system/bin/hwservicemanager)
05-31 19:06:46.055     0     0 I         : c0 3401711872 init: Control message: Processed ctl.interface_start for 'android.hardware.gatekeeper@1.0::IGatekeeper/default' from pid: 398 (/system/bin/hwservicemanager)
05-31 19:06:46.436     0     0 I         : c99 1868705643 mmc0 Statistics: read 199808 KB in 965 ms, perf 206879 KB/s, rq 1285
05-31 19:06:46.437     0     0 I         : c0 3404070912 [READ IOTOP1] zygote64(pid 556, tgid 556(zygote64), ppid 1(init)): 42424 KB
05-31 19:06:46.437     0     0 I         : c105 980707694 [READ IOTOP2] app_process64(pid 556, tgid 556(app_process64), ppid 1(init)): 38424 KB
05-31 19:06:46.437     0     0 I         : c104  18944 [READ IOTOP3] main(pid 557, tgid 557(main), ppid 1(init)): 37192 KB
05-31 19:06:46.437     0     0 I         : c70 55665301 [READ IOTOP4] app_process32(pid 557, tgid 557(app_process32), ppid 1(init)): 36656 KB
05-31 19:06:46.437     0     0 I         : c97 1834968434 [READ IOTOP5] main(pid 556, tgid 556(main), ppid 1(init)): 36560 KB
05-31 19:06:46.437     0     0 I         : c48 741814896 [IOTOP] READ total 201 tasks, 402554 KB
05-31 19:06:46.627   667   667 E iorapd  : Cannot get package manager service!
05-31 19:06:47.057     0     0 I         : c57 1765302628 init: Control message: Processed ctl.interface_start for 'android.hardware.gatekeeper@1.0::IGatekeeper/default' from pid: 398 (/system/bin/hwservicemanager)
05-31 19:06:47.387   756   756 E storaged: getService package_native failed
05-31 19:06:47.394   756   983 I storaged: storaged: Start
05-31 19:06:47.452     0     0 I         : c99 812346466 binder: 852:917 ioctl 40046210 7bb993bef4 returned -22
05-31 19:06:47.525   852   917 D BootAnimation: BootAnimationShownTiming start time: 28725ms
05-31 19:06:47.543     0     0 I         : c105 1601398370 CPU: AArch64 Processor [410fd032] revision 2
05-31 19:06:47.544     0     0 I         : c47 1836214630 CPU: AArch64 Processor [410fd032] revision 2
05-31 19:06:47.604     0     0 I         : c58 1702057248 mdss_livedisplay_update_pcc: r=32768 g=32768 b=32768
05-31 19:06:47.628   667   667 W iorapd  : Reconnect to package manager service: 2 times
05-31 19:06:47.728   556   556 D Zygote64Timing: PreloadClasses took to complete: 4189ms
05-31 19:06:47.753   556   556 D Zygote64Timing: CacheNonBootClasspathClassLoaders took to complete: 24ms
05-31 19:06:47.829   556   556 D Zygote64Timing: PreloadResources took to complete: 76ms
05-31 19:06:47.944   556   556 D Zygote64Timing: ZygotePreload took to complete: 4738ms
05-31 19:06:48.060     0     0 I         : c99 2016422760 init: Control message: Processed ctl.interface_start for 'android.hardware.gatekeeper@1.0::IGatekeeper/default' from pid: 398 (/system/bin/hwservicemanager)
05-31 19:06:48.288   556   556 D Zygote64Timing: PostZygoteInitGC took to complete: 344ms
05-31 19:06:48.288   556   556 D Zygote64Timing: ZygoteInit took to complete: 5111ms
05-31 19:06:49.015     0     0 I         : c98 1932488297 binder: 989:989 ioctl 40046210 7fc4d56644 returned -22
05-31 19:06:49.045   989   989 I SystemServerTiming: InitBeforeStartServices
05-31 19:06:49.061     0     0 I         : c112 740914022 init: Control message: Processed ctl.interface_start for 'android.hardware.gatekeeper@1.0::IGatekeeper/default' from pid: 398 (/system/bin/hwservicemanager)
05-31 19:06:49.049   989   989 I SystemServer: Entered the Android system server!
05-31 19:06:49.366   989   989 I SystemServerInitThreadPool: Creating instance with 8 threads
05-31 19:06:50.061     0     0 I         : c110 796028772 init: Control message: Processed ctl.interface_start for 'android.hardware.gatekeeper@1.0::IGatekeeper/default' from pid: 398 (/system/bin/hwservicemanager)
05-31 19:06:50.167     0     0 I         : c0    170 [BATT] htc_battery_fb_register in at 31350576289 (2022-05-31 23:06:50.150052392 UTC)
05-31 19:06:50.408   989   989 D SystemServerTiming: InitBeforeStartServices took to complete: 1362ms
05-31 19:06:50.408   989   989 I SystemServerTiming: StartServices
05-31 19:06:50.408   989   989 I SystemServerTiming: startBootstrapServices
05-31 19:06:50.408   989   989 I SystemServerTiming: StartWatchdog
05-31 19:06:50.416   989   989 D SystemServerTiming: StartWatchdog took to complete: 7ms
05-31 19:06:50.416   989   989 I SystemServer: Reading configuration...
05-31 19:06:50.416   989   989 I SystemServerTiming: ReadingSystemConfig
05-31 19:06:50.417   989   989 D SystemServerTiming: ReadingSystemConfig took to complete: 0ms
05-31 19:06:50.417   989   989 I SystemServerTiming: PlatformCompat
05-31 19:06:50.417   989  1013 I SystemServerTimingAsync: InitThreadPoolExec:ReadingSystemConfig
05-31 19:06:50.418   989  1013 D SystemServerInitThreadPool: Started executing ReadingSystemConfig
05-31 19:06:50.418   989   989 D CompatConfig: Found a config file: /system/etc/compatconfig/documents-ui-compat-config.xml
05-31 19:06:50.419   989  1013 I SystemConfig: Reading permissions from /system/etc/sysconfig/preinstalled-packages-com.android.providers.media.module.xml
