05-31 19:06:51.504   989   989 W android.permission.PermissionManager: Missing ActivityManager; assuming 1000 holds android.permission.SET_PREFERRED_APPLICATIONS
05-31 19:06:51.505   989   989 W android.permission.PermissionManager: Missing ActivityManager; assuming 1000 holds android.permission.SET_PREFERRED_APPLICATIONS
05-31 19:06:51.506   989   989 W android.permission.PermissionManager: Missing ActivityManager; assuming 1000 holds android.permission.SET_PREFERRED_APPLICATIONS
05-31 19:06:51.508   989   989 W android.permission.PermissionManager: Missing ActivityManager; assuming 1000 holds android.permission.SET_PREFERRED_APPLICATIONS
05-31 19:06:51.509   989   989 W android.permission.PermissionManager: Missing ActivityManager; assuming 1000 holds android.permission.SET_PREFERRED_APPLICATIONS
05-31 19:06:51.511   989   989 W android.permission.PermissionManager: Missing ActivityManager; assuming 1000 holds android.permission.SET_PREFERRED_APPLICATIONS
05-31 19:06:51.512   989   989 W android.permission.PermissionManager: Missing ActivityManager; assuming 1000 holds android.permission.SET_PREFERRED_APPLICATIONS
05-31 19:06:51.513   989   989 W android.permission.PermissionManager: Missing ActivityManager; assuming 1000 holds android.permission.SET_PREFERRED_APPLICATIONS
05-31 19:06:51.514   989   989 W android.permission.PermissionManager: Missing ActivityManager; assuming 1000 holds android.permission.SET_PREFERRED_APPLICATIONS
05-31 19:06:51.515   989   989 W android.permission.PermissionManager: Missing ActivityManager; assuming 1000 holds android.permission.SET_PREFERRED_APPLICATIONS
05-31 19:06:51.516   989   989 W android.permission.PermissionManager: Missing ActivityManager; assuming 1000 holds android.permission.SET_PREFERRED_APPLICATIONS
05-31 19:06:51.517   989   989 W android.permission.PermissionManager: Missing ActivityManager; assuming 1000 holds android.permission.SET_PREFERRED_APPLICATIONS
05-31 19:06:51.518   989   989 W android.permission.PermissionManager: Missing ActivityManager; assuming 1000 holds android.permission.SET_PREFERRED_APPLICATIONS
05-31 19:06:51.519   989   989 W android.permission.PermissionManager: Missing ActivityManager; assuming 1000 holds android.permission.SET_PREFERRED_APPLICATIONS
05-31 19:06:51.520   989   989 W android.permission.PermissionManager: Missing ActivityManager; assuming 1000 holds android.permission.SET_PREFERRED_APPLICATIONS
05-31 19:06:51.521   989   989 W android.permission.PermissionManager: Missing ActivityManager; assuming 1000 holds android.permission.SET_PREFERRED_APPLICATIONS
05-31 19:06:51.522   989   989 W android.permission.PermissionManager: Missing ActivityManager; assuming 1000 holds android.permission.SET_PREFERRED_APPLICATIONS
05-31 19:06:51.523   989   989 W android.permission.PermissionManager: Missing ActivityManager; assuming 1000 holds android.permission.SET_PREFERRED_APPLICATIONS
05-31 19:06:51.525   989   989 W android.permission.PermissionManager: Missing ActivityManager; assuming 1000 holds android.permission.SET_PREFERRED_APPLICATIONS
05-31 19:06:51.526   989   989 W android.permission.PermissionManager: Missing ActivityManager; assuming 1000 holds android.permission.SET_PREFERRED_APPLICATIONS
05-31 19:06:51.527   989   989 W android.permission.PermissionManager: Missing ActivityManager; assuming 1000 holds android.permission.SET_PREFERRED_APPLICATIONS
05-31 19:06:51.528   989   989 W android.permission.PermissionManager: Missing ActivityManager; assuming 1000 holds android.permission.SET_PREFERRED_APPLICATIONS
05-31 19:06:51.529   989   989 W android.permission.PermissionManager: Missing ActivityManager; assuming 1000 holds android.permission.SET_PREFERRED_APPLICATIONS
05-31 19:06:51.530   989   989 W android.permission.PermissionManager: Missing ActivityManager; assuming 1000 holds android.permission.SET_PREFERRED_APPLICATIONS
05-31 19:06:51.531   989   989 W android.permission.PermissionManager: Missing ActivityManager; assuming 1000 holds android.permission.SET_PREFERRED_APPLICATIONS
05-31 19:06:51.532   989   989 W android.permission.PermissionManager: Missing ActivityManager; assuming 1000 holds android.permission.SET_PREFERRED_APPLICATIONS
05-31 19:06:51.533   989   989 W android.permission.PermissionManager: Missing ActivityManager; assuming 1000 holds android.permission.SET_PREFERRED_APPLICATIONS
05-31 19:06:51.534   989   989 W android.permission.PermissionManager: Missing ActivityManager; assuming 1000 holds android.permission.SET_PREFERRED_APPLICATIONS
05-31 19:06:51.535   989   989 W android.permission.PermissionManager: Missing ActivityManager; assuming 1000 holds android.permission.SET_PREFERRED_APPLICATIONS
05-31 19:06:51.537   989   989 W android.permission.PermissionManager: Missing ActivityManager; assuming 1000 holds android.permission.SET_PREFERRED_APPLICATIONS
05-31 19:06:51.538   989   989 W android.permission.PermissionManager: Missing ActivityManager; assuming 1000 holds android.permission.SET_PREFERRED_APPLICATIONS
05-31 19:06:51.539   989   989 W android.permission.PermissionManager: Missing ActivityManager; assuming 1000 holds android.permission.SET_PREFERRED_APPLICATIONS
05-31 19:06:51.540   989   989 W android.permission.PermissionManager: Missing ActivityManager; assuming 1000 holds android.permission.SET_PREFERRED_APPLICATIONS
05-31 19:06:51.542   989   989 W android.permission.PermissionManager: Missing ActivityManager; assuming 1000 holds android.permission.SET_PREFERRED_APPLICATIONS
05-31 19:06:51.543   989   989 W android.permission.PermissionManager: Missing ActivityManager; assuming 1000 holds android.permission.SET_PREFERRED_APPLICATIONS
05-31 19:06:51.545   989   989 W android.permission.PermissionManager: Missing ActivityManager; assuming 1000 holds android.permission.SET_PREFERRED_APPLICATIONS
05-31 19:06:51.546   989   989 W android.permission.PermissionManager: Missing ActivityManager; assuming 1000 holds android.permission.SET_PREFERRED_APPLICATIONS
05-31 19:06:51.547   989   989 W android.permission.PermissionManager: Missing ActivityManager; assuming 1000 holds android.permission.SET_PREFERRED_APPLICATIONS
05-31 19:06:51.548   989   989 W android.permission.PermissionManager: Missing ActivityManager; assuming 1000 holds android.permission.SET_PREFERRED_APPLICATIONS
05-31 19:06:51.550   989   989 W android.permission.PermissionManager: Missing ActivityManager; assuming 1000 holds android.permission.SET_PREFERRED_APPLICATIONS
05-31 19:06:51.553   989   989 W android.permission.PermissionManager: Missing ActivityManager; assuming 1000 holds android.permission.SET_PREFERRED_APPLICATIONS
05-31 19:06:51.554   989   989 W android.permission.PermissionManager: Missing ActivityManager; assuming 1000 holds android.permission.SET_PREFERRED_APPLICATIONS
05-31 19:06:51.555   989   989 W android.permission.PermissionManager: Missing ActivityManager; assuming 1000 holds android.permission.SET_PREFERRED_APPLICATIONS
05-31 19:06:51.556   989   989 W android.permission.PermissionManager: Missing ActivityManager; assuming 1000 holds android.permission.SET_PREFERRED_APPLICATIONS
05-31 19:06:51.557   989   989 W android.permission.PermissionManager: Missing ActivityManager; assuming 1000 holds android.permission.SET_PREFERRED_APPLICATIONS
05-31 19:06:51.559   989   989 W android.permission.PermissionManager: Missing ActivityManager; assuming 1000 holds android.permission.SET_PREFERRED_APPLICATIONS
05-31 19:06:51.560   989   989 W android.permission.PermissionManager: Missing ActivityManager; assuming 1000 holds android.permission.SET_PREFERRED_APPLICATIONS
05-31 19:06:51.561   989   989 W android.permission.PermissionManager: Missing ActivityManager; assuming 1000 holds android.permission.SET_PREFERRED_APPLICATIONS
05-31 19:06:51.562   989   989 W android.permission.PermissionManager: Missing ActivityManager; assuming 1000 holds android.permission.SET_PREFERRED_APPLICATIONS
05-31 19:06:51.563   989   989 W android.permission.PermissionManager: Missing ActivityManager; assuming 1000 holds android.permission.SET_PREFERRED_APPLICATIONS
05-31 19:06:51.564   989   989 W android.permission.PermissionManager: Missing ActivityManager; assuming 1000 holds android.permission.SET_PREFERRED_APPLICATIONS
05-31 19:06:51.566   989   989 W android.permission.PermissionManager: Missing ActivityManager; assuming 1000 holds android.permission.SET_PREFERRED_APPLICATIONS
05-31 19:06:51.567   989   989 W android.permission.PermissionManager: Missing ActivityManager; assuming 1000 holds android.permission.SET_PREFERRED_APPLICATIONS
05-31 19:06:51.568   989   989 W android.permission.PermissionManager: Missing ActivityManager; assuming 1000 holds android.permission.SET_PREFERRED_APPLICATIONS
05-31 19:06:51.569   989   989 W android.permission.PermissionManager: Missing ActivityManager; assuming 1000 holds android.permission.SET_PREFERRED_APPLICATIONS
05-31 19:06:51.570   989   989 W android.permission.PermissionManager: Missing ActivityManager; assuming 1000 holds android.permission.SET_PREFERRED_APPLICATIONS
05-31 19:06:51.571   989   989 W android.permission.PermissionManager: Missing ActivityManager; assuming 1000 holds android.permission.SET_PREFERRED_APPLICATIONS
05-31 19:06:51.573   989   989 W android.permission.PermissionManager: Missing ActivityManager; assuming 1000 holds android.permission.SET_PREFERRED_APPLICATIONS
05-31 19:06:51.574   989   989 W android.permission.PermissionManager: Missing ActivityManager; assuming 1000 holds android.permission.SET_PREFERRED_APPLICATIONS
05-31 19:06:51.575   989   989 W android.permission.PermissionManager: Missing ActivityManager; assuming 1000 holds android.permission.SET_PREFERRED_APPLICATIONS
05-31 19:06:51.577   989   989 W android.permission.PermissionManager: Missing ActivityManager; assuming 1000 holds android.permission.SET_PREFERRED_APPLICATIONS
05-31 19:06:51.578   989   989 W android.permission.PermissionManager: Missing ActivityManager; assuming 1000 holds android.permission.SET_PREFERRED_APPLICATIONS
05-31 19:06:51.579   989   989 W android.permission.PermissionManager: Missing ActivityManager; assuming 1000 holds android.permission.SET_PREFERRED_APPLICATIONS
05-31 19:06:51.581   989   989 W android.permission.PermissionManager: Missing ActivityManager; assuming 1000 holds android.permission.SET_PREFERRED_APPLICATIONS
05-31 19:06:51.582   989   989 W android.permission.PermissionManager: Missing ActivityManager; assuming 1000 holds android.permission.SET_PREFERRED_APPLICATIONS
05-31 19:06:51.583   989   989 W android.permission.PermissionManager: Missing ActivityManager; assuming 1000 holds android.permission.SET_PREFERRED_APPLICATIONS
05-31 19:06:51.584   989   989 W android.permission.PermissionManager: Missing ActivityManager; assuming 1000 holds android.permission.SET_PREFERRED_APPLICATIONS
05-31 19:06:51.585   989   989 W android.permission.PermissionManager: Missing ActivityManager; assuming 1000 holds android.permission.SET_PREFERRED_APPLICATIONS
05-31 19:06:51.586   989   989 W android.permission.PermissionManager: Missing ActivityManager; assuming 1000 holds android.permission.SET_PREFERRED_APPLICATIONS
05-31 19:06:51.587   989   989 W android.permission.PermissionManager: Missing ActivityManager; assuming 1000 holds android.permission.SET_PREFERRED_APPLICATIONS
05-31 19:06:51.588   989   989 W android.permission.PermissionManager: Missing ActivityManager; assuming 1000 holds android.permission.SET_PREFERRED_APPLICATIONS
05-31 19:06:51.589   989   989 W android.permission.PermissionManager: Missing ActivityManager; assuming 1000 holds android.permission.SET_PREFERRED_APPLICATIONS
05-31 19:06:51.590   989   989 W android.permission.PermissionManager: Missing ActivityManager; assuming 1000 holds android.permission.SET_PREFERRED_APPLICATIONS
05-31 19:06:51.592   989   989 W android.permission.PermissionManager: Missing ActivityManager; assuming 1000 holds android.permission.SET_PREFERRED_APPLICATIONS
05-31 19:06:51.593   989   989 W android.permission.PermissionManager: Missing ActivityManager; assuming 1000 holds android.permission.SET_PREFERRED_APPLICATIONS
05-31 19:06:51.594   989   989 W android.permission.PermissionManager: Missing ActivityManager; assuming 1000 holds android.permission.SET_PREFERRED_APPLICATIONS
05-31 19:06:51.597   989   989 W android.permission.PermissionManager: Missing ActivityManager; assuming 1000 holds android.permission.SET_PREFERRED_APPLICATIONS
05-31 19:06:51.598   989   989 W android.permission.PermissionManager: Missing ActivityManager; assuming 1000 holds android.permission.SET_PREFERRED_APPLICATIONS
05-31 19:06:51.599   989   989 W android.permission.PermissionManager: Missing ActivityManager; assuming 1000 holds android.permission.SET_PREFERRED_APPLICATIONS
05-31 19:06:51.601   989   989 W android.permission.PermissionManager: Missing ActivityManager; assuming 1000 holds android.permission.SET_PREFERRED_APPLICATIONS
05-31 19:06:51.602   989   989 W android.permission.PermissionManager: Missing ActivityManager; assuming 1000 holds android.permission.SET_PREFERRED_APPLICATIONS
05-31 19:06:51.603   989   989 W android.permission.PermissionManager: Missing ActivityManager; assuming 1000 holds android.permission.SET_PREFERRED_APPLICATIONS
05-31 19:06:51.604   989   989 W android.permission.PermissionManager: Missing ActivityManager; assuming 1000 holds android.permission.SET_PREFERRED_APPLICATIONS
05-31 19:06:51.605   989   989 W android.permission.PermissionManager: Missing ActivityManager; assuming 1000 holds android.permission.SET_PREFERRED_APPLICATIONS
05-31 19:06:51.606   989   989 W android.permission.PermissionManager: Missing ActivityManager; assuming 1000 holds android.permission.SET_PREFERRED_APPLICATIONS
05-31 19:06:51.608   989   989 W android.permission.PermissionManager: Missing ActivityManager; assuming 1000 holds android.permission.SET_PREFERRED_APPLICATIONS
05-31 19:06:51.609   989   989 W android.permission.PermissionManager: Missing ActivityManager; assuming 1000 holds android.permission.SET_PREFERRED_APPLICATIONS
05-31 19:06:51.610   989   989 W android.permission.PermissionManager: Missing ActivityManager; assuming 1000 holds android.permission.SET_PREFERRED_APPLICATIONS
05-31 19:06:51.612   989   989 W android.permission.PermissionManager: Missing ActivityManager; assuming 1000 holds android.permission.SET_PREFERRED_APPLICATIONS
05-31 19:06:51.613   989   989 W android.permission.PermissionManager: Missing ActivityManager; assuming 1000 holds android.permission.SET_PREFERRED_APPLICATIONS
05-31 19:06:51.614   989   989 W android.permission.PermissionManager: Missing ActivityManager; assuming 1000 holds android.permission.SET_PREFERRED_APPLICATIONS
05-31 19:06:51.615   989   989 W android.permission.PermissionManager: Missing ActivityManager; assuming 1000 holds android.permission.SET_PREFERRED_APPLICATIONS
05-31 19:06:51.616   989   989 W android.permission.PermissionManager: Missing ActivityManager; assuming 1000 holds android.permission.SET_PREFERRED_APPLICATIONS
05-31 19:06:51.618   989   989 W android.permission.PermissionManager: Missing ActivityManager; assuming 1000 holds android.permission.SET_PREFERRED_APPLICATIONS
05-31 19:06:51.619   989   989 W android.permission.PermissionManager: Missing ActivityManager; assuming 1000 holds android.permission.SET_PREFERRED_APPLICATIONS
05-31 19:06:51.620   989   989 W android.permission.PermissionManager: Missing ActivityManager; assuming 1000 holds android.permission.SET_PREFERRED_APPLICATIONS
05-31 19:06:51.621   989   989 W android.permission.PermissionManager: Missing ActivityManager; assuming 1000 holds android.permission.SET_PREFERRED_APPLICATIONS
05-31 19:06:51.622   989   989 W android.permission.PermissionManager: Missing ActivityManager; assuming 1000 holds android.permission.SET_PREFERRED_APPLICATIONS
05-31 19:06:51.623   989   989 W android.permission.PermissionManager: Missing ActivityManager; assuming 1000 holds android.permission.SET_PREFERRED_APPLICATIONS
05-31 19:06:51.624   989   989 W android.permission.PermissionManager: Missing ActivityManager; assuming 1000 holds android.permission.SET_PREFERRED_APPLICATIONS
05-31 19:06:51.625   989   989 W android.permission.PermissionManager: Missing ActivityManager; assuming 1000 holds android.permission.SET_PREFERRED_APPLICATIONS
05-31 19:06:51.626   989   989 W android.permission.PermissionManager: Missing ActivityManager; assuming 1000 holds android.permission.SET_PREFERRED_APPLICATIONS
05-31 19:06:51.627   989   989 W android.permission.PermissionManager: Missing ActivityManager; assuming 1000 holds android.permission.SET_PREFERRED_APPLICATIONS
05-31 19:06:51.628   989   989 W android.permission.PermissionManager: Missing ActivityManager; assuming 1000 holds android.permission.SET_PREFERRED_APPLICATIONS
05-31 19:06:51.629   989   989 W android.permission.PermissionManager: Missing ActivityManager; assuming 1000 holds android.permission.SET_PREFERRED_APPLICATIONS
05-31 19:06:51.630   989   989 W android.permission.PermissionManager: Missing ActivityManager; assuming 1000 holds android.permission.SET_PREFERRED_APPLICATIONS
05-31 19:06:51.631   989   989 W android.permission.PermissionManager: Missing ActivityManager; assuming 1000 holds android.permission.SET_PREFERRED_APPLICATIONS
05-31 19:06:51.632   989   989 W android.permission.PermissionManager: Missing ActivityManager; assuming 1000 holds android.permission.SET_PREFERRED_APPLICATIONS
05-31 19:06:51.633   989   989 W android.permission.PermissionManager: Missing ActivityManager; assuming 1000 holds android.permission.SET_PREFERRED_APPLICATIONS
05-31 19:06:51.634   989   989 W android.permission.PermissionManager: Missing ActivityManager; assuming 1000 holds android.permission.SET_PREFERRED_APPLICATIONS
05-31 19:06:51.635   989   989 W android.permission.PermissionManager: Missing ActivityManager; assuming 1000 holds android.permission.SET_PREFERRED_APPLICATIONS
05-31 19:06:51.636   989   989 W android.permission.PermissionManager: Missing ActivityManager; assuming 1000 holds android.permission.SET_PREFERRED_APPLICATIONS
05-31 19:06:51.638   989   989 W android.permission.PermissionManager: Missing ActivityManager; assuming 1000 holds android.permission.SET_PREFERRED_APPLICATIONS
05-31 19:06:51.639   989   989 W android.permission.PermissionManager: Missing ActivityManager; assuming 1000 holds android.permission.SET_PREFERRED_APPLICATIONS
05-31 19:06:51.640   989   989 W android.permission.PermissionManager: Missing ActivityManager; assuming 1000 holds android.permission.SET_PREFERRED_APPLICATIONS
05-31 19:06:51.641   989   989 W android.permission.PermissionManager: Missing ActivityManager; assuming 1000 holds android.permission.SET_PREFERRED_APPLICATIONS
05-31 19:06:51.643   989   989 W android.permission.PermissionManager: Missing ActivityManager; assuming 1000 holds android.permission.SET_PREFERRED_APPLICATIONS
05-31 19:06:51.644   989   989 W android.permission.PermissionManager: Missing ActivityManager; assuming 1000 holds android.permission.SET_PREFERRED_APPLICATIONS
05-31 19:06:51.701   989   989 W PackageSettings: Missing permission state for shared user: android.uid.log
05-31 19:06:51.702   989   989 W PackageSettings: Missing permission state for shared user: android.uid.uwb
05-31 19:06:51.746   989   989 D PackageManagerTiming: read user settings took to complete: 557ms
05-31 19:06:51.788   989   989 D PackageManager: Keeping known cache 4eff35cdec26fe0b60d489d845d45af6a3f64ea7
05-31 19:06:51.807   989   989 D CompatibilityChangeReporter: Compat change id reported: 143539591; UID -1; state: ENABLED
05-31 19:06:51.901   989   989 W PackageManager: Failed to parse /system/framework/oat: Missing base APK in /system/framework/oat
05-31 19:06:51.901   989   989 W PackageManager: Failed to parse /system/framework/arm64: Missing base APK in /system/framework/arm64
05-31 19:06:51.902   989   989 W PackageManager: Failed to parse /system/framework/arm: Missing base APK in /system/framework/arm
05-31 19:06:51.964   989   989 D CompatibilityChangeReporter: Compat change id reported: 143539591; UID -1; state: DISABLED
05-31 19:06:51.964   989   989 D CompatibilityChangeReporter: Compat change id reported: 168782947; UID -1; state: ENABLED
05-31 19:06:52.001   989   989 D CompatibilityChangeReporter: Compat change id reported: 168782947; UID -1; state: DISABLED
05-31 19:06:52.065     0     0 I         : c120 840983397 init: Control message: Processed ctl.interface_start for 'android.hardware.gatekeeper@1.0::IGatekeeper/default' from pid: 398 (/system/bin/hwservicemanager)
05-31 19:06:52.429   989   989 I PackageManager: Finished scanning system apps. Time: 643 ms, packageCount: 147 , timePerPackage: 4 , cached: 147
05-31 19:06:52.440   756   983 E storaged: getService package_native failed
05-31 19:06:52.442   989   989 D CompatibilityChangeReporter: Compat change id reported: 133396946; UID -1; state: ENABLED
05-31 19:06:52.458   989   989 D CompatibilityChangeReporter: Compat change id reported: 133396946; UID -1; state: DISABLED
05-31 19:06:52.462   989   989 W PackageManager: Skipping provider name com.apkpure.aegon.fileprovider (in package com.apkpure.aegon): name already used by com.apkpure.aegon
05-31 19:06:52.479   989   989 I PackageManager: Finished scanning non-system apps. Time: 51 ms, packageCount: 6 , timePerPackage: 8 , cached: 6
05-31 19:06:52.497   989   989 I PackageManager: Time to scan packages: 0.712 seconds
05-31 19:06:52.497   989   989 I PackageManager: Permission ownership changed. Updating all permissions.
05-31 19:06:52.558   989   989 V PackageManager: reconcileAppsData for null u0 0x3 migrateAppData=true
05-31 19:06:52.663   667   667 E iorapd  : Cannot get package manager service!
05-31 19:06:53.067     0     0 I         : c3 3556769792 init: Control message: Processed ctl.interface_start for 'android.hardware.gatekeeper@1.0::IGatekeeper/default' from pid: 398 (/system/bin/hwservicemanager)
05-31 19:06:53.306   989   989 V PackageManager: reconcileAppsData finished 20 packages
05-31 19:06:53.308   989   989 V PackageManager: Changing enabled state of com.google.android.gms/com.google.android.gms.nearby.discovery.service.DiscoveryService to false
05-31 19:06:53.308   989   989 W PackageManager: Unable to change enabled state of com.google.android.gms/com.google.android.gms.nearby.discovery.service.DiscoveryService to false
05-31 19:06:53.308   989   989 V PackageManager: Changing enabled state of com.google.android.gms/com.google.android.gms.nearby.messages.service.NearbyMessagesService to false
05-31 19:06:53.308   989   989 W PackageManager: Unable to change enabled state of com.google.android.gms/com.google.android.gms.nearby.messages.service.NearbyMessagesService to false
05-31 19:06:53.308   989   989 V PackageManager: Changing enabled state of com.android.vending/com.google.android.finsky.systemupdate.SystemUpdateSettingsContentProvider to false
05-31 19:06:53.308   989   989 W PackageManager: Unable to change enabled state of com.android.vending/com.google.android.finsky.systemupdate.SystemUpdateSettingsContentProvider to false
05-31 19:06:53.308   989   989 V PackageManager: Changing enabled state of com.android.vending/com.google.android.finsky.systemupdateactivity.SettingsSecurityEntryPoint to false
05-31 19:06:53.308   989   989 W PackageManager: Unable to change enabled state of com.android.vending/com.google.android.finsky.systemupdateactivity.SettingsSecurityEntryPoint to false
05-31 19:06:53.309   989   989 V PackageManager: Changing enabled state of com.android.vending/com.google.android.finsky.systemupdateactivity.SystemUpdateActivity to false
05-31 19:06:53.309   989  1042 I SystemServerTimingAsync: InitThreadPoolExec:prepareAppData
05-31 19:06:53.309   989   989 W PackageManager: Unable to change enabled state of com.android.vending/com.google.android.finsky.systemupdateactivity.SystemUpdateActivity to false
05-31 19:06:53.309   989   989 V PackageManager: Changing enabled state of com.google.android.gms/com.google.android.gms.update.SystemUpdateActivity to false
05-31 19:06:53.309   989   989 W PackageManager: Unable to change enabled state of com.google.android.gms/com.google.android.gms.update.SystemUpdateActivity to false
05-31 19:06:53.309   989  1042 D SystemServerInitThreadPool: Started executing prepareAppData
05-31 19:06:53.309   989   989 V PackageManager: Changing enabled state of com.google.android.gms/com.google.android.gms.update.SystemUpdateGcmTaskService to false
05-31 19:06:53.309   989   989 W PackageManager: Unable to change enabled state of com.google.android.gms/com.google.android.gms.update.SystemUpdateGcmTaskService to false
05-31 19:06:53.309   989   989 V PackageManager: Changing enabled state of com.google.android.gms/com.google.android.gms.update.SystemUpdateService to false
05-31 19:06:53.309   989   989 W PackageManager: Unable to change enabled state of com.google.android.gms/com.google.android.gms.update.SystemUpdateService to false
05-31 19:06:53.309   989   989 V PackageManager: Changing enabled state of com.google.android.as/com.google.intelligence.sense.ambientmusic.history.HistoryContentProvider to false
05-31 19:06:53.309   989   989 W PackageManager: Unable to change enabled state of com.google.android.as/com.google.intelligence.sense.ambientmusic.history.HistoryContentProvider to false
05-31 19:06:53.309   989   989 V PackageManager: Changing enabled state of com.google.android.as/com.google.intelligence.sense.ambientmusic.history.HistoryActivity to false
05-31 19:06:53.309   989   989 W PackageManager: Unable to change enabled state of com.google.android.as/com.google.intelligence.sense.ambientmusic.history.HistoryActivity to false
05-31 19:06:53.310   989   989 V PackageManager: Changing enabled state of com.google.android.as/com.google.intelligence.sense.ambientmusic.AmbientMusicSettingsActivity to false
05-31 19:06:53.310   989   989 W PackageManager: Unable to change enabled state of com.google.android.as/com.google.intelligence.sense.ambientmusic.AmbientMusicSettingsActivity to false
05-31 19:06:53.310   989   989 V PackageManager: Changing enabled state of com.google.android.as/com.google.intelligence.sense.ambientmusic.AmbientMusicNotificationsSettingsActivity to false
05-31 19:06:53.310   989   989 W PackageManager: Unable to change enabled state of com.google.android.as/com.google.intelligence.sense.ambientmusic.AmbientMusicNotificationsSettingsActivity to false
05-31 19:06:53.310   989   989 V PackageManager: Changing enabled state of com.google.android.as/com.google.intelligence.sense.ambientmusic.AmbientMusicSetupWizardActivity to false
05-31 19:06:53.310   989   989 W PackageManager: Unable to change enabled state of com.google.android.as/com.google.intelligence.sense.ambientmusic.AmbientMusicSetupWizardActivity to false
05-31 19:06:53.310   989   989 I PackageManagerTiming: write settings
05-31 19:06:53.418   989   989 D PackageManagerTiming: write settings took to complete: 108ms
05-31 19:06:53.421   989   989 W PackageManager: Domain verification agent not found
05-31 19:06:53.424   989   989 D PackageManager: Ephemeral resolver NOT found; no matching intent filters
05-31 19:06:53.425   989   989 D PackageManager: Instant App installer not found with android.intent.action.INSTALL_INSTANT_APP_PACKAGE
05-31 19:06:53.425   989   989 D PackageManager: Clear ephemeral installer activity
05-31 19:06:53.436   989   989 I PackageManagerTiming: GC
05-31 19:06:53.436   989   989 D PackageManagerTiming: GC took to complete: 0ms
05-31 19:06:53.437   989   989 I PackageManager: Fix for b/169414761 is applied
05-31 19:06:53.437   989   989 D PackageManagerTiming: create package manager took to complete: 2320ms
05-31 19:06:53.482   989   989 V UserManagerService: Checking that all system packages are whitelisted.
05-31 19:06:53.484   989   989 W UserManagerService: checkWhitelistedSystemPackages(mode=ENFORCE|IMPLICIT_WHITELIST|IMPLICIT_WHITELIST_SYSTEM) has 49 warnings:
05-31 19:06:53.485   989   989 W UserManagerService: com.android.theme.color.amethyst is allowlisted but not present.
05-31 19:06:53.485   989   989 W UserManagerService: com.android.theme.icon.pebble is allowlisted but not present.
05-31 19:06:53.485   989   989 W UserManagerService: com.android.theme.color.sand is allowlisted but not present.
05-31 19:06:53.485   989   989 W UserManagerService: com.android.theme.icon.vessel is allowlisted but not present.
05-31 19:06:53.485   989   989 W UserManagerService: com.android.theme.color.cinnamon is allowlisted but not present.
05-31 19:06:53.485   989   989 W UserManagerService: com.android.theme.icon_pack.victor.settings is allowlisted but not present.
05-31 19:06:53.485   989   989 W UserManagerService: com.android.theme.icon_pack.rounded.systemui is allowlisted but not present.
05-31 19:06:53.485   989   989 W UserManagerService: com.android.theme.icon.taperedrect is allowlisted but not present.
05-31 19:06:53.485   989   989 W UserManagerService: com.android.theme.icon_pack.rounded.android is allowlisted but not present.
05-31 19:06:53.485   989   989 W UserManagerService: com.android.theme.icon_pack.victor.systemui is allowlisted but not present.
05-31 19:06:53.485   989   989 W UserManagerService: com.android.theme.icon_pack.circular.themepicker is allowlisted but not present.
05-31 19:06:53.486   989   989 W UserManagerService: com.android.theme.color.tangerine is allowlisted but not present.
05-31 19:06:53.486   989   989 W UserManagerService: com.android.theme.color.aquamarine is allowlisted but not present.
05-31 19:06:53.486   989   989 W UserManagerService: com.android.theme.color.black is allowlisted but not present.
05-31 19:06:53.486   989   989 W UserManagerService: com.android.theme.color.green is allowlisted but not present.
05-31 19:06:53.486   989   989 W UserManagerService: com.android.theme.color.ocean is allowlisted but not present.
05-31 19:06:53.486   989   989 W UserManagerService: com.android.theme.color.space is allowlisted but not present.
05-31 19:06:53.486   989   989 W UserManagerService: com.android.theme.icon_pack.rounded.launcher is allowlisted but not present.
05-31 19:06:53.486   989   989 W UserManagerService: com.android.theme.icon_pack.kai.settings is allowlisted but not present.
05-31 19:06:53.486   989   989 W UserManagerService: com.android.theme.icon_pack.sam.settings is allowlisted but not present.
05-31 19:06:53.486   989   989 W UserManagerService: com.android.theme.icon_pack.kai.themepicker is allowlisted but not present.
05-31 19:06:53.486   989   989 W UserManagerService: com.android.theme.icon_pack.victor.launcher is allowlisted but not present.
05-31 19:06:53.486   989   989 W UserManagerService: com.android.theme.icon_pack.filled.settings is allowlisted but not present.
05-31 19:06:53.486   989   989 W UserManagerService: com.android.theme.icon_pack.kai.systemui is allowlisted but not present.
05-31 19:06:53.487   989   989 W UserManagerService: com.android.theme.icon_pack.circular.settings is allowlisted but not present.
05-31 19:06:53.487   989   989 W UserManagerService: com.android.theme.icon_pack.sam.systemui is allowlisted but not present.
05-31 19:06:53.487   989   989 W UserManagerService: com.android.theme.icon.teardrop is allowlisted but not present.
05-31 19:06:53.487   989   989 W UserManagerService: com.android.theme.icon_pack.rounded.themepicker is allowlisted but not present.
05-31 19:06:53.487   989   989 W UserManagerService: com.android.theme.icon_pack.filled.systemui is allowlisted but not present.
05-31 19:06:53.487   989   989 W UserManagerService: com.android.theme.icon_pack.sam.android is allowlisted but not present.
05-31 19:06:53.487   989   989 W UserManagerService: com.android.theme.icon_pack.filled.android is allowlisted but not present.
05-31 19:06:53.487   989   989 W UserManagerService: com.android.theme.icon_pack.circular.systemui is allowlisted but not present.
05-31 19:06:53.487   989   989 W UserManagerService: com.android.theme.icon_pack.kai.android is allowlisted but not present.
05-31 19:06:53.488   989   989 W UserManagerService: com.android.theme.icon_pack.kai.launcher is allowlisted but not present.
05-31 19:06:53.489   989   989 W UserManagerService: com.android.theme.icon_pack.sam.launcher is allowlisted but not present.
05-31 19:06:53.489   989   989 W UserManagerService: com.android.theme.icon.squircle is allowlisted but not present.
05-31 19:06:53.489   989   989 W UserManagerService: com.android.theme.icon_pack.victor.android is allowlisted but not present.
05-31 19:06:53.489   989   989 W UserManagerService: com.android.theme.color.palette is allowlisted but not present.
05-31 19:06:53.489   989   989 W UserManagerService: com.android.theme.icon_pack.filled.launcher is allowlisted but not present.
05-31 19:06:53.489   989   989 W UserManagerService: com.android.theme.color.carbon is allowlisted but not present.
05-31 19:06:53.489   989   989 W UserManagerService: com.android.theme.icon_pack.circular.launcher is allowlisted but not present.
05-31 19:06:53.489   989   989 W UserManagerService: com.android.theme.icon_pack.filled.themepicker is allowlisted but not present.
05-31 19:06:53.489   989   989 W UserManagerService: com.android.theme.icon_pack.victor.themepicker is allowlisted but not present.
05-31 19:06:53.489   989   989 W UserManagerService: com.android.theme.color.orchid is allowlisted but not present.
05-31 19:06:53.490   989   989 W UserManagerService: com.android.theme.color.purple is allowlisted but not present.
05-31 19:06:53.490   989   989 W UserManagerService: com.android.theme.icon_pack.sam.themepicker is allowlisted but not present.
05-31 19:06:53.490   989   989 W UserManagerService: com.android.theme.icon.roundedrect is allowlisted but not present.
05-31 19:06:53.490   989   989 W UserManagerService: com.android.theme.icon_pack.rounded.settings is allowlisted but not present.
05-31 19:06:53.490   989   989 W UserManagerService: com.android.theme.icon_pack.circular.android is allowlisted but not present.
05-31 19:06:53.492   989   989 I Watchdog: Resuming HandlerChecker: main thread for reason: packagemanagermain. Pause count: 0
05-31 19:06:53.493   989   989 I SystemServerDexLoadReporter: Configuring system server dex reporter
05-31 19:06:53.510   989   989 D SystemServerTiming: StartPackageManagerService took to complete: 2399ms
05-31 19:06:53.511   989   989 I SystemServerTiming: StartOtaDexOptService
05-31 19:06:53.511   989   989 I Watchdog: Pausing HandlerChecker: main thread for reason: moveab. Pause count: 1
05-31 19:06:53.514   989   989 D OTADexopt: No upgrade, skipping A/B artifacts check.
05-31 19:06:53.514   989   989 I Watchdog: Resuming HandlerChecker: main thread for reason: moveab. Pause count: 0
05-31 19:06:53.514   989   989 D SystemServerTiming: StartOtaDexOptService took to complete: 3ms
05-31 19:06:53.514   989   989 I SystemServerTiming: StartUserManagerService
05-31 19:06:53.514   989   989 I SystemServiceManager: Starting com.android.server.pm.UserManagerService$LifeCycle
05-31 19:06:53.516   989   989 D SystemServerTiming: StartUserManagerService took to complete: 1ms
05-31 19:06:53.516   989   989 I SystemServerTiming: InitAttributerCache
05-31 19:06:53.517   989   989 D SystemServerTiming: InitAttributerCache took to complete: 0ms
05-31 19:06:53.517   989   989 I SystemServerTiming: SetSystemProcess
05-31 19:06:53.528   989  1002 V HistoricalRegistry: Interaction before persistence initialized
05-31 19:06:53.548   989  1018 I ActivityManager: Connection with lmkd established
05-31 19:06:53.552   989   989 D SystemServerTiming: SetSystemProcess took to complete: 35ms
05-31 19:06:53.553   989   989 I SystemServerTiming: InitWatchdog
05-31 19:06:53.554   989   989 D SystemServerTiming: InitWatchdog took to complete: 0ms
05-31 19:06:53.557   989   989 I SystemServerTiming: StartOverlayManagerService
05-31 19:06:53.589     0     0 I         : c32 691417652 init: Control message: Processed ctl.start for 'idmap2d' from pid: 989 (system_server)
05-31 19:06:53.641   989  1042 D SystemServerTimingAsync: AppDataFixup took to complete: 331ms
05-31 19:06:53.663   667   667 W iorapd  : Reconnect to package manager service: 3 times
05-31 19:06:53.769   989   989 D SystemServerTiming: StartOverlayManagerService took to complete: 212ms
05-31 19:06:53.770   989   989 I SystemServerTiming: StartSensorPrivacyService
05-31 19:06:53.775   989   989 D SystemServerTiming: StartSensorPrivacyService took to complete: 6ms
05-31 19:06:53.776   989  1006 W ActivityTaskManager: Skip updateConfiguration because mWindowManager isn't set
05-31 19:06:53.776   989   989 I SystemServerTiming: StartSensorService
05-31 19:06:53.776   989   989 I SystemServiceManager: Starting com.android.server.sensors.SensorService
05-31 19:06:53.777   989   989 D SystemServerTiming: StartSensorService took to complete: 1ms
05-31 19:06:53.777   989   989 D SystemServerTiming: startBootstrapServices took to complete: 3369ms
05-31 19:06:53.777   989   989 I SystemServerTiming: startCoreServices
05-31 19:06:53.778   989   989 I SystemServerTiming: StartSystemConfigService
05-31 19:06:53.778   989   989 I SystemServiceManager: Starting com.android.server.SystemConfigService
05-31 19:06:53.780   989   989 D SystemServerTiming: StartSystemConfigService took to complete: 3ms
05-31 19:06:53.781   989   989 I SystemServerTiming: StartBatteryService
05-31 19:06:53.781   989   989 I SystemServiceManager: Starting com.android.server.BatteryService
05-31 19:06:53.785   989   989 E BatteryService: mothealth: cannot get service. (no supported health HAL service)
05-31 19:06:53.786   989  1046 I SystemServerTimingAsync: InitThreadPoolExec:StartNativeSensorService
05-31 19:06:53.786   989  1046 D SystemServerInitThreadPool: Started executing StartNativeSensorService
05-31 19:06:53.786   989  1046 I SystemServerTimingAsync: StartNativeSensorService
05-31 19:06:53.808     0     0 W         : c54 544106784 healthd: battery l=98 v=4157 t=38.7 h=2 st=4 c=661159 chg=
05-31 19:06:53.804   989   989 I HealthServiceWrapper: health: HealthServiceWrapper listening to instance default
05-31 19:06:53.806   989  1022 W KernelCpuProcStringReader: File not found. It's normal if not implemented: /proc/uid_concurrent_active_time
05-31 19:06:53.807   989  1022 W KernelCpuProcStringReader: File not found. It's normal if not implemented: /proc/uid_concurrent_policy_time
05-31 19:06:53.808   989  1022 E KernelCpuSpeedReader: Failed to read cpu-freq: /sys/devices/system/cpu/cpu4/cpufreq/stats/time_in_state: open failed: ENOENT (No such file or directory)
05-31 19:06:53.810     0     0 I         : c111 1952788338 [S_HUB] bch_ff_r: Stop read bch evts, cri = 1, sleep 10ms
05-31 19:06:53.810     0     0 I         : c41 774778407 [S_HUB] ate_set: snr_id = 0, en = 0, en_lst = 0x0
05-31 19:06:53.817     0     0 E         : c121 1936076659 [LED]qpnp_rgb_set, name:amber, brightness = 0 status: 0
05-31 19:06:53.817     0     0 E         : c101 1348826209 [LED]pm8xxx_led_blink_store: blink: 0
05-31 19:06:53.817     0     0 E         : c47 1684956534 [LED]qpnp_rgb_set, name:green, brightness = 0 status: 0
05-31 19:06:53.817     0     0 E         : c109 543516513 [LED]pm8xxx_led_blink_store: blink: 0
05-31 19:06:53.810   989   989 I BatteryService: health: Waited 5ms and received the update.
05-31 19:06:53.816   989   989 D SystemServerTiming: StartBatteryService took to complete: 35ms
05-31 19:06:53.816   989   989 I SystemServerTiming: StartUsageService
05-31 19:06:53.816   989   989 I SystemServiceManager: Starting com.android.server.usage.UsageStatsService
05-31 19:06:53.831   989   989 D SystemServerTiming: StartUsageService took to complete: 14ms
05-31 19:06:53.831   989   989 I SystemServerTiming: StartWebViewUpdateService
05-31 19:06:53.831   989   989 I SystemServiceManager: Starting com.android.server.webkit.WebViewUpdateService
05-31 19:06:53.834   989  1022 E KernelCpuSpeedReader: Failed to read cpu-freq: /sys/devices/system/cpu/cpu4/cpufreq/stats/time_in_state: open failed: ENOENT (No such file or directory)
05-31 19:06:53.836   989   989 D SystemServerTiming: StartWebViewUpdateService took to complete: 5ms
05-31 19:06:53.836   989   989 I SystemServerTiming: StartCachedDeviceStateService
05-31 19:06:53.836   989   989 I SystemServiceManager: Starting com.android.server.CachedDeviceStateService
05-31 19:06:53.836   989   989 D SystemServerTiming: StartCachedDeviceStateService took to complete: 1ms
05-31 19:06:53.837   989   989 I SystemServerTiming: StartBinderCallsStatsService
05-31 19:06:53.837   989   989 I SystemServiceManager: Starting com.android.server.BinderCallsStatsService$LifeCycle
05-31 19:06:53.838   989  1022 E KernelCpuSpeedReader: Failed to read cpu-freq: /sys/devices/system/cpu/cpu4/cpufreq/stats/time_in_state: open failed: ENOENT (No such file or directory)
05-31 19:06:53.841     0     0 W         : c105 980707694 healthd: battery l=98 v=4157 t=38.7 h=2 st=4 c=661159 chg=
05-31 19:06:53.841   989   989 D SystemServerTiming: StartBinderCallsStatsService took to complete: 4ms
05-31 19:06:53.841   989   989 I SystemServerTiming: StartLooperStatsService
05-31 19:06:53.841   989   989 I SystemServiceManager: Starting com.android.server.LooperStatsService$Lifecycle
05-31 19:06:53.843   989   989 D SystemServerTiming: StartLooperStatsService took to complete: 3ms
05-31 19:06:53.844   989   989 I SystemServerTiming: StartRollbackManagerService
05-31 19:06:53.844   989   989 I SystemServiceManager: Starting com.android.server.rollback.RollbackManagerService
05-31 19:06:53.861   989  1046 V HistoricalRegistry: Interaction before persistence initialized
05-31 19:06:53.861   989   989 I PackageWatchdog: Syncing state, reason: added new observer
05-31 19:06:53.861   989   989 I PackageWatchdog: Not pruning observers, elapsed time: 0ms
05-31 19:06:53.862   989   989 I PackageWatchdog: Cancelling state sync, nothing to sync
05-31 19:06:53.867   989   989 D SystemServerTiming: StartRollbackManagerService took to complete: 24ms
05-31 19:06:53.868   989   989 I SystemServerTiming: StartNativeTombstoneManagerService
05-31 19:06:53.868   989   989 I SystemServiceManager: Starting com.android.server.os.NativeTombstoneManagerService
05-31 19:06:53.869   989  1046 D SystemServerTimingAsync: StartNativeSensorService took to complete: 82ms
05-31 19:06:53.869   989  1046 D SystemServerInitThreadPool: Finished executing StartNativeSensorService
05-31 19:06:53.869   989   989 D SystemServerTiming: StartNativeTombstoneManagerService took to complete: 2ms
05-31 19:06:53.870   989   989 I SystemServerTiming: StartBugreportManagerService
05-31 19:06:53.870   989   989 I SystemServiceManager: Starting com.android.server.os.BugreportManagerService
05-31 19:06:53.870   989  1015 I PackageWatchdog: Saving observer state to file
05-31 19:06:53.870   989  1046 D SystemServerTimingAsync: InitThreadPoolExec:StartNativeSensorService took to complete: 83ms
05-31 19:06:53.872   989   989 D SystemServerTiming: StartBugreportManagerService took to complete: 2ms
05-31 19:06:53.872   989   989 I SystemServerTiming: GpuService
05-31 19:06:53.872   989   989 I SystemServiceManager: Starting com.android.server.gpu.GpuService
05-31 19:06:53.873   989   989 D SystemServerTiming: GpuService took to complete: 0ms
05-31 19:06:53.873   989   989 D SystemServerTiming: startCoreServices took to complete: 95ms
05-31 19:06:53.873   989   989 I SystemServerTiming: startOtherServices
05-31 19:06:53.874   989   989 I SystemServerTiming: StartKeyAttestationApplicationIdProviderService
05-31 19:06:53.874   989  1055 I SystemServerTimingAsync: InitThreadPoolExec:SecondaryZygotePreload
05-31 19:06:53.874   989  1055 D SystemServerInitThreadPool: Started executing SecondaryZygotePreload
05-31 19:06:53.874   989  1055 I SystemServer: SecondaryZygotePreload
05-31 19:06:53.874   989  1055 I SystemServerTimingAsync: SecondaryZygotePreload
05-31 19:06:53.876   989   989 D SystemServerTiming: StartKeyAttestationApplicationIdProviderService took to complete: 2ms
05-31 19:06:53.876   989   989 I SystemServerTiming: StartKeyChainSystemService
05-31 19:06:53.876   989   989 I SystemServiceManager: Starting com.android.server.security.KeyChainSystemService
05-31 19:06:53.877   989   989 D SystemServerTiming: StartKeyChainSystemService took to complete: 0ms
05-31 19:06:53.877   989   989 I SystemServerTiming: StartSchedulingPolicyService
05-31 19:06:53.878   989  1056 I SystemServerTimingAsync: InitThreadPoolExec:SchedulingPolicyService.<init>
05-31 19:06:53.878   989  1056 D SystemServerInitThreadPool: Started executing SchedulingPolicyService.<init>
05-31 19:06:53.880   989   989 D SystemServerTiming: StartSchedulingPolicyService took to complete: 3ms
05-31 19:06:53.880   989   989 I SystemServerTiming: StartTelecomLoaderService
05-31 19:06:53.880   989   989 I SystemServiceManager: Starting com.android.server.telecom.TelecomLoaderService
05-31 19:06:53.881   989   989 D SystemServerTiming: StartTelecomLoaderService took to complete: 1ms
05-31 19:06:53.882   989   989 I SystemServerTiming: StartTelephonyRegistry
05-31 19:06:53.885   989   989 D SystemServerTiming: StartTelephonyRegistry took to complete: 3ms
05-31 19:06:53.885   989   989 I SystemServerTiming: StartEntropyMixer
05-31 19:06:53.887   989   989 I EntropyMixer: Writing entropy...
05-31 19:06:53.897   989   989 D SystemServerTiming: StartEntropyMixer took to complete: 13ms
05-31 19:06:53.898   989   989 I SystemServerTiming: StartAccountManagerService
05-31 19:06:53.898   989   989 I SystemServiceManager: Starting com.android.server.accounts.AccountManagerService$Lifecycle
05-31 19:06:53.900   989  1056 D SystemServerInitThreadPool: Finished executing SchedulingPolicyService.<init>
05-31 19:06:53.900   989  1056 D SystemServerTimingAsync: InitThreadPoolExec:SchedulingPolicyService.<init> took to complete: 21ms
05-31 19:06:53.906   989   989 D SystemServerTiming: StartAccountManagerService took to complete: 7ms
05-31 19:06:53.906   989   989 I SystemServerTiming: StartContentService
05-31 19:06:53.906   989   989 I SystemServiceManager: Starting com.android.server.content.ContentService$Lifecycle
05-31 19:06:53.910   989   989 D SystemServerTiming: StartContentService took to complete: 3ms
05-31 19:06:53.910   989   989 I SystemServerTiming: InstallSystemProviders
05-31 19:06:53.973     0     0 I         : c110 1932424043 camera_v4l2_close: E
05-31 19:06:53.973     0     0 E         : c99 690644336 msm_post_event : queue MSM_CAMERA_PRIV_DEL_STREAM evt+
05-31 19:06:53.974     0     0 E         : c3 3758096384 msm_post_event : queue MSM_CAMERA_PRIV_DEL_STREAM evt-
05-31 19:06:53.974     0     0 E         : c105 1668361844 msm_post_event : timeout cannot be negative Line 797
05-31 19:06:53.974     0     0 I         : c52 1696606519 camera_v4l2_close: X, opened 0
05-31 19:06:53.987     0     0 I         : c3 3489660928 [FLT] flash mode, camera flash current 0+0.
05-31 19:06:53.987     0     0 I         : c101 1768042349 [FLT] flashlight_turn_off
05-31 19:06:53.989     0     0 W         : c104 1702244128 SMBCHG: smbchg_otg_pulse_skip_disable: enabling pulse skip, reason 2
05-31 19:06:53.989     0     0 I         : c112 1635021663 [FLT] torch mode, camera flash current 0+0.
05-31 19:06:53.989     0     0 I         : c55 544106784 [FLT] flashlight_turn_off
05-31 19:06:53.991     0     0 I         : c99 1697063013 camera_v4l2_open: E
05-31 19:06:53.991     0     0 I         : c110 1898869865 PMIC version is 255
05-31 19:06:53.991     0     0 I         : c114 1869177953 camera_v4l2_open : pmic_version = 255
05-31 19:06:53.992     0     0 W         : c39 942550574 SMBCHG: smbchg_otg_pulse_skip_disable: enabling pulse skip, reason 2
05-31 19:06:53.997     0     0 E         : c78 1970479215 MSM-CPP cpp_release_ion_client:689 Calling ion_client_destroy
05-31 19:06:54.024     0     0 I         : c108 1713398885 msm_csid_init: CSID_VERSION = 0x30010000
05-31 19:06:54.051     0     0 I         : c109 1919510062 MSM-CPP cpp_init_hardware:1106 CPP HW Version: 0x50000000
05-31 19:06:54.051     0     0 E         : c115 711880553 MSM-CPP cpp_init_hardware:1127 stream_cnt:0
05-31 19:06:54.063     0     0 I         : c120 808398898 ueventd: firmware: loading 'cpp_firmware_v1_8_0.fw' for '/devices/soc.0/fda04000.qcom,cpp/firmware/cpp_firmware_v1_8_0.fw'
05-31 19:06:54.064     0     0 I         : c32 711025261 ueventd: loading /devices/soc.0/fda04000.qcom,cpp/firmware/cpp_firmware_v1_8_0.fw took 1ms
05-31 19:06:54.071     0     0 I         : c12  60673 init: Control message: Processed ctl.interface_start for 'android.hardware.gatekeeper@1.0::IGatekeeper/default' from pid: 398 (/system/bin/hwservicemanager)
05-31 19:06:54.071   989   989 D ActivityManager: cgroup.freeze not present
05-31 19:06:54.072   989  1016 D ActivityManager: Freezer disabled
05-31 19:06:54.074   989   989 V RescueParty: Disabled because of manual property
05-31 19:06:54.074   989   989 D SystemServerTiming: InstallSystemProviders took to complete: 164ms
05-31 19:06:54.074   989   989 I SystemServerTiming: StartDropBoxManager
05-31 19:06:54.074   989   989 I SystemServiceManager: Starting com.android.server.DropBoxManagerService
05-31 19:06:54.077   989   989 D SystemServerTiming: StartDropBoxManager took to complete: 2ms
05-31 19:06:54.077   989   989 I SystemServerTiming: StartRoleManagerService
05-31 19:06:54.078   989   989 I SystemServiceManager: Starting com.android.role.RoleService
05-31 19:06:54.082     0     0 I         : c54 1830824557 MSM-CPP cpp_load_fw:1264 MC Bootloader Version: 0x312e3176
05-31 19:06:54.084     0     0 I         : c0 3401711872 msm_cci_init:882: hw_version = 0x10020000
05-31 19:06:54.089     0     0 I         : c104 1702244128 MSM-CPP cpp_load_fw:1277 CPP FW Version: 0x1008001e
